Component: Arm Compiler for Embedded 6.22 Tool: armlink [5ee90200]

==============================================================================

Section Cross References

    signals_lab02.o(.text.main) refers to signals_lab02.o(.bss.fir_instance) for fir_instance
    signals_lab02.o(.text.main) refers to signals_lab02.o(.data.fir_coef) for fir_coef
    signals_lab02.o(.text.main) refers to signals_lab02.o(.bss.fir_state) for fir_state
    signals_lab02.o(.text.main) refers to filteringfunctions.o(.text.arm_fir_init_f32) for arm_fir_init_f32
    signals_lab02.o(.text.main) refers to signals_lab02.o(.text._Z12SysTick_Initv) for SysTick_Init()
    signals_lab02.o(.text.main) refers to signals_lab02.o(.text._ZL16__NVIC_EnableIRQ9IRQn_Type) for __NVIC_EnableIRQ(IRQn_Type)
    signals_lab02.o(.text.main) refers to signals_lab02.o(.text._Z9RCC_SETUPv) for RCC_SETUP()
    signals_lab02.o(.text.main) refers to signals_lab02.o(.text._Z10GPIO_SETUPv) for GPIO_SETUP()
    signals_lab02.o(.text.main) refers to signals_lab02.o(.text._Z11USART_SETUPv) for USART_SETUP()
    signals_lab02.o(.text.main) refers to signals_lab02.o(.text._Z9TIM_SETUPv) for TIM_SETUP()
    signals_lab02.o(.text.main) refers to i2c.o(.text._Z9I2C_SETUPv) for I2C_SETUP()
    signals_lab02.o(.text.main) refers to mpu_6050.o(.text._Z8MPU_Initv) for MPU_Init()
    signals_lab02.o(.text.main) refers to signals_lab02.o(.text._Z10Ms_Counterv) for Ms_Counter()
    signals_lab02.o(.text.main) refers to signals_lab02.o(.text._Z8Delay_mst) for Delay_ms(unsigned short)
    signals_lab02.o(.text.main) refers to signals_lab02.o(.text._Z11Usart_Functv) for Usart_Funct()
    signals_lab02.o(.text.main) refers to signals_lab02.o(.bss.acc) for acc
    signals_lab02.o(.text.main) refers to signals_lab02.o(.text._Z14LowPass_Filterf) for LowPass_Filter(float)
    signals_lab02.o(.text.main) refers to signals_lab02.o(.bss.filtered_signal) for filtered_signal
    signals_lab02.o(.ARM.exidx.text.main) refers to signals_lab02.o(.text.main) for [Anonymous Symbol]
    signals_lab02.o(.ARM.exidx.text._Z12SysTick_Initv) refers to signals_lab02.o(.text._Z12SysTick_Initv) for [Anonymous Symbol]
    signals_lab02.o(.ARM.exidx.text._ZL16__NVIC_EnableIRQ9IRQn_Type) refers to signals_lab02.o(.text._ZL16__NVIC_EnableIRQ9IRQn_Type) for [Anonymous Symbol]
    signals_lab02.o(.ARM.exidx.text._Z9RCC_SETUPv) refers to signals_lab02.o(.text._Z9RCC_SETUPv) for [Anonymous Symbol]
    signals_lab02.o(.ARM.exidx.text._Z10GPIO_SETUPv) refers to signals_lab02.o(.text._Z10GPIO_SETUPv) for [Anonymous Symbol]
    signals_lab02.o(.text._Z11USART_SETUPv) refers to signals_lab02.o(.text._ZL16__NVIC_EnableIRQ9IRQn_Type) for __NVIC_EnableIRQ(IRQn_Type)
    signals_lab02.o(.ARM.exidx.text._Z11USART_SETUPv) refers to signals_lab02.o(.text._Z11USART_SETUPv) for [Anonymous Symbol]
    signals_lab02.o(.text._Z9TIM_SETUPv) refers to signals_lab02.o(.text._ZL16__NVIC_EnableIRQ9IRQn_Type) for __NVIC_EnableIRQ(IRQn_Type)
    signals_lab02.o(.ARM.exidx.text._Z9TIM_SETUPv) refers to signals_lab02.o(.text._Z9TIM_SETUPv) for [Anonymous Symbol]
    signals_lab02.o(.text._Z10Ms_Counterv) refers to signals_lab02.o(.bss.dt) for dt
    signals_lab02.o(.ARM.exidx.text._Z10Ms_Counterv) refers to signals_lab02.o(.text._Z10Ms_Counterv) for [Anonymous Symbol]
    signals_lab02.o(.ARM.exidx.text._Z8Delay_mst) refers to signals_lab02.o(.text._Z8Delay_mst) for [Anonymous Symbol]
    signals_lab02.o(.text._Z11Usart_Functv) refers to signals_lab02.o(.bss.txt) for txt
    signals_lab02.o(.text._Z11Usart_Functv) refers to signals_lab02.o(.text._Z13Serial_bufferPc) for Serial_buffer(char*)
    signals_lab02.o(.ARM.exidx.text._Z11Usart_Functv) refers to signals_lab02.o(.text._Z11Usart_Functv) for [Anonymous Symbol]
    signals_lab02.o(.text._Z14LowPass_Filterf) refers to signals_lab02.o(.bss.fir_in) for fir_in
    signals_lab02.o(.text._Z14LowPass_Filterf) refers to signals_lab02.o(.bss.fir_instance) for fir_instance
    signals_lab02.o(.text._Z14LowPass_Filterf) refers to signals_lab02.o(.bss.fir_out) for fir_out
    signals_lab02.o(.text._Z14LowPass_Filterf) refers to filteringfunctions.o(.text.arm_fir_f32) for arm_fir_f32
    signals_lab02.o(.ARM.exidx.text._Z14LowPass_Filterf) refers to signals_lab02.o(.text._Z14LowPass_Filterf) for [Anonymous Symbol]
    signals_lab02.o(.text._Z13Serial_bufferPc) refers to signals_lab02.o(.text._Z15USART3_SendChari) for USART3_SendChar(int)
    signals_lab02.o(.text._Z13Serial_bufferPc) refers to signals_lab02.o(.text._Z8Delay_mst) for Delay_ms(unsigned short)
    signals_lab02.o(.ARM.exidx.text._Z13Serial_bufferPc) refers to signals_lab02.o(.text._Z13Serial_bufferPc) for [Anonymous Symbol]
    signals_lab02.o(.text._Z18Contador_Ejerciciov) refers to signals_lab02.o(.bss.y_z_ang) for y_z_ang
    signals_lab02.o(.text._Z18Contador_Ejerciciov) refers to signals_lab02.o(.bss.begin_repet) for begin_repet
[...]
    .ARM.Collect$$_printf_percent$$00000002  0x0800029e   Section        6  _printf_p.o(.ARM.Collect$$_printf_percent$$00000002)
    .ARM.Collect$$_printf_percent$$00000003  0x080002a4   Section        6  _printf_f.o(.ARM.Collect$$_printf_percent$$00000003)
    .ARM.Collect$$_printf_percent$$00000004  0x080002aa   Section        6  _printf_e.o(.ARM.Collect$$_printf_percent$$00000004)
    .ARM.Collect$$_printf_percent$$00000005  0x080002b0   Section        6  _printf_g.o(.ARM.Collect$$_printf_percent$$00000005)
    .ARM.Collect$$_printf_percent$$00000006  0x080002b6   Section        6  _printf_a.o(.ARM.Collect$$_printf_percent$$00000006)
    .ARM.Collect$$_printf_percent$$00000007  0x080002bc   Section       10  _printf_ll.o(.ARM.Collect$$_printf_percent$$00000007)
    .ARM.Collect$$_printf_percent$$00000008  0x080002c6   Section        6  _printf_i.o(.ARM.Collect$$_printf_percent$$00000008)
    .ARM.Collect$$_printf_percent$$00000009  0x080002cc   Section        6  _printf_d.o(.ARM.Collect$$_printf_percent$$00000009)
    .ARM.Collect$$_printf_percent$$0000000A  0x080002d2   Section        6  _printf_u.o(.ARM.Collect$$_printf_percent$$0000000A)
    .ARM.Collect$$_printf_percent$$0000000B  0x080002d8   Section        6  _printf_o.o(.ARM.Collect$$_printf_percent$$0000000B)
    .ARM.Collect$$_printf_percent$$0000000C  0x080002de   Section        6  _printf_x.o(.ARM.Collect$$_printf_percent$$0000000C)
    .ARM.Collect$$_printf_percent$$0000000D  0x080002e4   Section        6  _printf_lli.o(.ARM.Collect$$_printf_percent$$0000000D)
    .ARM.Collect$$_printf_percent$$0000000E  0x080002ea   Section        6  _printf_lld.o(.ARM.Collect$$_printf_percent$$0000000E)
    .ARM.Collect$$_printf_percent$$0000000F  0x080002f0   Section        6  _printf_llu.o(.ARM.Collect$$_printf_percent$$0000000F)
    .ARM.Collect$$_printf_percent$$00000010  0x080002f6   Section        6  _printf_llo.o(.ARM.Collect$$_printf_percent$$00000010)
    .ARM.Collect$$_printf_percent$$00000011  0x080002fc   Section        6  _printf_llx.o(.ARM.Collect$$_printf_percent$$00000011)
    .ARM.Collect$$_printf_percent$$00000012  0x08000302   Section       10  _printf_l.o(.ARM.Collect$$_printf_percent$$00000012)
    .ARM.Collect$$_printf_percent$$00000013  0x0800030c   Section        6  _printf_c.o(.ARM.Collect$$_printf_percent$$00000013)
    .ARM.Collect$$_printf_percent$$00000014  0x08000312   Section        6  _printf_s.o(.ARM.Collect$$_printf_percent$$00000014)
    .ARM.Collect$$_printf_percent$$00000015  0x08000318   Section        6  _printf_lc.o(.ARM.Collect$$_printf_percent$$00000015)
    .ARM.Collect$$_printf_percent$$00000016  0x0800031e   Section        6  _printf_ls.o(.ARM.Collect$$_printf_percent$$00000016)
    .ARM.Collect$$_printf_percent$$00000017  0x08000324   Section        4  _printf_percent_end.o(.ARM.Collect$$_printf_percent$$00000017)
    .ARM.Collect$$libinit$$00000000          0x08000328   Section        2  libinit.o(.ARM.Collect$$libinit$$00000000)
    .ARM.Collect$$libinit$$00000001          0x0800032a   Section        4  libinit2.o(.ARM.Collect$$libinit$$00000001)
    .ARM.Collect$$libinit$$00000004          0x0800032e   Section        0  libinit2.o(.ARM.Collect$$libinit$$00000004)
    .ARM.Collect$$libinit$$00000006          0x0800032e   Section        0  libinit2.o(.ARM.Collect$$libinit$$00000006)
    .ARM.Collect$$libinit$$0000000C          0x0800032e   Section        0  libinit2.o(.ARM.Collect$$libinit$$0000000C)
    .ARM.Collect$$libinit$$0000000E          0x0800032e   Section        0  libinit2.o(.ARM.Collect$$libinit$$0000000E)
    .ARM.Collect$$libinit$$00000010          0x0800032e   Section        0  libinit2.o(.ARM.Collect$$libinit$$00000010)
    .ARM.Collect$$libinit$$00000011          0x0800032e   Section        6  libinit2.o(.ARM.Collect$$libinit$$00000011)
    .ARM.Collect$$libinit$$00000013          0x08000334   Section        0  libinit2.o(.ARM.Collect$$libinit$$00000013)
    .ARM.Collect$$libinit$$00000014          0x08000334   Section       12  libinit2.o(.ARM.Collect$$libinit$$00000014)
    .ARM.Collect$$libinit$$00000015          0x08000340   Section        0  libinit2.o(.ARM.Collect$$libinit$$00000015)
    .ARM.Collect$$libinit$$00000017          0x08000340   Section        0  libinit2.o(.ARM.Collect$$libinit$$00000017)
    .ARM.Collect$$libinit$$00000018          0x08000340   Section       10  libinit2.o(.ARM.Collect$$libinit$$00000018)
    .ARM.Collect$$libinit$$00000019          0x0800034a   Section        0  libinit2.o(.ARM.Collect$$libinit$$00000019)
    .ARM.Collect$$libinit$$0000001B          0x0800034a   Section        0  libinit2.o(.ARM.Collect$$libinit$$0000001B)
    .ARM.Collect$$libinit$$0000001D          0x0800034a   Section        0  libinit2.o(.ARM.Collect$$libinit$$0000001D)
    .ARM.Collect$$libinit$$0000001F          0x0800034a   Section        0  libinit2.o(.ARM.Collect$$libinit$$0000001F)
    .ARM.Collect$$libinit$$00000021          0x0800034a   Section        0  libinit2.o(.ARM.Collect$$libinit$$00000021)
    .ARM.Collect$$libinit$$00000023          0x0800034a   Section        0  libinit2.o(.ARM.Collect$$libinit$$00000023)
    .ARM.Collect$$libinit$$00000025          0x0800034a   Section        0  libinit2.o(.ARM.Collect$$libinit$$00000025)
    .ARM.Collect$$libinit$$00000027          0x0800034a   Section        0  libinit2.o(.ARM.Collect$$libinit$$00000027)
    .ARM.Collect$$libinit$$0000002E          0x0800034a   Section        0  libinit2.o(.ARM.Collect$$libinit$$0000002E)
    .ARM.Collect$$libinit$$00000030          0x0800034a   Section        0  libinit2.o(.ARM.Collect$$libinit$$00000030)
    .ARM.Collect$$libinit$$00000032          0x0800034a   Section        0  libinit2.o(.ARM.Collect$$libinit$$00000032)
    .ARM.Collect$$libinit$$00000034          0x0800034a   Section        0  libinit2.o(.ARM.Collect$$libinit$$00000034)
    .ARM.Collect$$libinit$$00000035          0x0800034a   Section        2  libinit2.o(.ARM.Collect$$libinit$$00000035)
    .ARM.Collect$$libshutdown$$00000000      0x0800034c   Section        2  libshutdown.o(.ARM.Collect$$libshutdown$$00000000)
    .ARM.Collect$$libshutdown$$00000002      0x0800034e   Section        0  libshutdown2.o(.ARM.Collect$$libshutdown$$00000002)
    .ARM.Collect$$libshutdown$$00000004      0x0800034e   Section        0  libshutdown2.o(.ARM.Collect$$libshutdown$$00000004)
    .ARM.Collect$$libshutdown$$00000007      0x0800034e   Section        0  libshutdown2.o(.ARM.Collect$$libshutdown$$00000007)
    .ARM.Collect$$libshutdown$$0000000A      0x0800034e   Section        0  libshutdown2.o(.ARM.Collect$$libshutdown$$0000000A)
    .ARM.Collect$$libshutdown$$0000000C      0x0800034e   Section        0  libshutdown2.o(.ARM.Collect$$libshutdown$$0000000C)
    .ARM.Collect$$libshutdown$$0000000F      0x0800034e   Section        0  libshutdown2.o(.ARM.Collect$$libshutdown$$0000000F)
    .ARM.Collect$$libshutdown$$00000010      0x0800034e   Section        2  libshutdown2.o(.ARM.Collect$$libshutdown$$00000010)
    .ARM.Collect$$rtentry$$00000000          0x08000350   Section        0  __rtentry.o(.ARM.Collect$$rtentry$$00000000)
    .ARM.Collect$$rtentry$$00000002          0x08000350   Section        0  __rtentry2.o(.ARM.Collect$$rtentry$$00000002)
    .ARM.Collect$$rtentry$$00000004          0x08000350   Section        6  __rtentry4.o(.ARM.Collect$$rtentry$$00000004)
    .ARM.Collect$$rtentry$$00000009          0x08000356   Section        0  __rtentry2.o(.ARM.Collect$$rtentry$$00000009)
    .ARM.Collect$$rtentry$$0000000A          0x08000356   Section        4  __rtentry2.o(.ARM.Collect$$rtentry$$0000000A)
    .ARM.Collect$$rtentry$$0000000C          0x0800035a   Section        0  __rtentry2.o(.ARM.Collect$$rtentry$$0000000C)
    .ARM.Collect$$rtentry$$0000000D          0x0800035a   Section        8  __rtentry2.o(.ARM.Collect$$rtentry$$0000000D)
    .ARM.Collect$$rtexit$$00000000           0x08000362   Section        2  rtexit.o(.ARM.Collect$$rtexit$$00000000)
    .ARM.Collect$$rtexit$$00000002           0x08000364   Section        0  rtexit2.o(.ARM.Collect$$rtexit$$00000002)
    .ARM.Collect$$rtexit$$00000003           0x08000364   Section        4  rtexit2.o(.ARM.Collect$$rtexit$$00000003)
    .ARM.Collect$$rtexit$$00000004           0x08000368   Section        6  rtexit2.o(.ARM.Collect$$rtexit$$00000004)
    $v0                                      0x08000370   Number         0  startup_stm32f767xx.o(.text)
    .text                                    0x08000370   Section       64  startup_stm32f767xx.o(.text)
    .text                                    0x080003b0   Section        0  sprintf.o(.text)
    .text                                    0x080003dc   Section       78  rt_memclr_w.o(.text)
    .text                                    0x0800042a   Section        0  heapauxi.o(.text)
    .text                                    0x08000430   Section        0  _printf_pad.o(.text)
    .text                                    0x0800047e   Section        0  _printf_truncate.o(.text)
    .text                                    0x080004a2   Section        0  _printf_str.o(.text)
    .text                                    0x080004f4   Section        0  _printf_dec.o(.text)
    .text                                    0x0800056c   Section        0  _printf_charcount.o(.text)
    _printf_input_char                       0x08000595   Thumb Code    10  _printf_char_common.o(.text)
    .text                                    0x08000594   Section        0  _printf_char_common.o(.text)
    .text                                    0x080005c4   Section        0  _sputc.o(.text)
    .text                                    0x080005d0   Section        0  _printf_wctomb.o(.text)
    .text                                    0x0800068c   Section        0  _printf_longlong_dec.o(.text)
    _printf_longlong_oct_internal            0x08000709   Thumb Code     0  _printf_oct_int_ll.o(.text)
    .text                                    0x08000708   Section        0  _printf_oct_int_ll.o(.text)
    _printf_hex_common                       0x08000779   Thumb Code     0  _printf_hex_int_ll_ptr.o(.text)
    .text                                    0x08000778   Section        0  _printf_hex_int_ll_ptr.o(.text)
    .text                                    0x0800080c   Section        0  __printf_flags_ss_wp.o(.text)
    .text                                    0x08000994   Section      138  lludiv10.o(.text)
    .text                                    0x08000a1e   Section        0  _printf_intcommon.o(.text)
    _fp_digits                               0x08000ad1   Thumb Code   432  _printf_fp_dec.o(.text)
    .text                                    0x08000ad0   Section        0  _printf_fp_dec.o(.text)
    .text                                    0x08000eec   Section        0  _printf_fp_hex.o(.text)
    .text                                    0x080011e8   Section        0  _printf_char.o(.text)
    .text                                    0x08001214   Section        0  _printf_wchar.o(.text)
    .text                                    0x08001240   Section        0  _c16rtomb.o(.text)
    .text                                    0x08001288   Section        8  libspace.o(.text)
    .text                                    0x08001290   Section       74  sys_stackheap_outer.o(.text)
    .text                                    0x080012dc   Section       16  rt_ctype_table.o(.text)
    .text                                    0x080012ec   Section        8  rt_locale_intlibspace.o(.text)
    .text                                    0x080012f4   Section        0  _printf_fp_infnan.o(.text)
    .text                                    0x08001374   Section        0  bigflt0.o(.text)
    .text                                    0x08001458   Section        0  exit.o(.text)
    .text                                    0x08001470   Section      124  strcmpv7m_pel.o(.text)
    .text                                    0x080014ec   Section        0  sys_exit.o(.text)
    .text                                    0x080014f8   Section        2  use_no_semi.o(.text)
    .text                                    0x080014fa   Section        0  indicate_semi.o(.text)
    [Anonymous Symbol]                       0x08001500   Section        0  signals_lab02.o(.text.SysTick_Handler)
    [Anonymous Symbol]                       0x08001518   Section        0  system_stm32f7xx.o(.text.SystemInit)
    [Anonymous Symbol]                       0x08001530   Section        0  signals_lab02.o(.text.TIM4_IRQHandler)
    [Anonymous Symbol]                       0x080015e0   Section        0  signals_lab02.o(.text.TIM5_IRQHandler)
    [Anonymous Symbol]                       0x08001600   Section        0  signals_lab02.o(.text.USART3_IRQHandler)
    [Anonymous Symbol]                       0x08001678   Section        0  signals_lab02.o(.text._Z10GPIO_SETUPv)
    [Anonymous Symbol]                       0x080016f0   Section        0  i2c.o(.text._Z10I2C1_Startv)
    [Anonymous Symbol]                       0x08001708   Section        0  i2c.o(.text._Z10I2C1_WritePiih)
    [Anonymous Symbol]                       0x08001778   Section        0  signals_lab02.o(.text._Z10Ms_Counterv)
    [Anonymous Symbol]                       0x080017b0   Section        0  signals_lab02.o(.text._Z11USART_SETUPv)
    [Anonymous Symbol]                       0x080017e0   Section        0  signals_lab02.o(.text._Z11Usart_Functv)
    [Anonymous Symbol]                       0x080017f0   Section        0  i2c.o(.text._Z12I2C1_Addresshhih)
    [Anonymous Symbol]                       0x08001880   Section        0  signals_lab02.o(.text._Z12SysTick_Initv)
    [Anonymous Symbol]                       0x080018a0   Section        0  mpu_6050.o(.text._Z13MPU_Read_Gyrov)
    [Anonymous Symbol]                       0x080019c0   Section        0  signals_lab02.o(.text._Z13Serial_bufferPc)
    [Anonymous Symbol]                       0x080019f8   Section        0  mpu_6050.o(.text._Z13get_Acc_arrayPf)
    [Anonymous Symbol]                       0x08001a30   Section        0  mpu_6050.o(.text._Z13get_Gyr_arrayPf)
    [Anonymous Symbol]                       0x08001a68   Section        0  signals_lab02.o(.text._Z14LowPass_Filterf)
    [Anonymous Symbol]                       0x08001aa0   Section        0  mpu_6050.o(.text._Z14MPU_Read_Accelv)
    [Anonymous Symbol]                       0x08001b68   Section        0  signals_lab02.o(.text._Z15USART3_SendChari)
    [Anonymous Symbol]                       0x08001b98   Section        0  signals_lab02.o(.text._Z8Delay_mst)
    [Anonymous Symbol]                       0x08001bf0   Section        0  mpu_6050.o(.text._Z8MPU_Initv)
    [Anonymous Symbol]                       0x08001cb8   Section        0  mpu_6050.o(.text._Z8MPU_Readhih)
    [Anonymous Symbol]                       0x08001d20   Section        0  mpu_6050.o(.text._Z9Gyr_Calibv)
    [Anonymous Symbol]                       0x08001df0   Section        0  i2c.o(.text._Z9I2C1_ReadPihi)
    [Anonymous Symbol]                       0x08001e60   Section        0  i2c.o(.text._Z9I2C1_Stopv)
    [Anonymous Symbol]                       0x08001e78   Section        0  i2c.o(.text._Z9I2C_SETUPv)
    [Anonymous Symbol]                       0x08001f20   Section        0  mpu_6050.o(.text._Z9MPU_Writehih)
    [Anonymous Symbol]                       0x08001f68   Section        0  signals_lab02.o(.text._Z9RCC_SETUPv)
    [Anonymous Symbol]                       0x08001fa8   Section        0  signals_lab02.o(.text._Z9TIM_SETUPv)
    __NVIC_EnableIRQ(IRQn_Type)              0x08002091   Thumb Code    48  signals_lab02.o(.text._ZL16__NVIC_EnableIRQ9IRQn_Type)
    [Anonymous Symbol]                       0x08002090   Section        0  signals_lab02.o(.text._ZL16__NVIC_EnableIRQ9IRQn_Type)
    [Anonymous Symbol]                       0x080020c0   Section        0  filteringfunctions.o(.text.arm_fir_f32)
    [Anonymous Symbol]                       0x08002190   Section        0  filteringfunctions.o(.text.arm_fir_init_f32)
    [Anonymous Symbol]                       0x080021d0   Section        0  signals_lab02.o(.text.main)
    CL$$btod_d2e                             0x08002268   Section       62  btod.o(CL$$btod_d2e)
    CL$$btod_d2e_denorm_low                  0x080022a6   Section       70  btod.o(CL$$btod_d2e_denorm_low)
    CL$$btod_d2e_norm_op1                    0x080022ec   Section       96  btod.o(CL$$btod_d2e_norm_op1)
    CL$$btod_div_common                      0x0800234c   Section      824  btod.o(CL$$btod_div_common)
    CL$$btod_e2e                             0x08002684   Section      220  btod.o(CL$$btod_e2e)
    CL$$btod_ediv                            0x08002760   Section       42  btod.o(CL$$btod_ediv)
    CL$$btod_emul                            0x0800278a   Section       42  btod.o(CL$$btod_emul)
    CL$$btod_mult_common                     0x080027b4   Section      580  btod.o(CL$$btod_mult_common)
    i.__ARM_fpclassify                       0x080029f8   Section        0  fpclassify.o(i.__ARM_fpclassify)
    i._is_digit                              0x08002a28   Section        0  __printf_wp.o(i._is_digit)
    locale$$code                             0x08002a38   Section       44  lc_numeric_c.o(locale$$code)
    locale$$code                             0x08002a64   Section       44  lc_ctype_c.o(locale$$code)
    $v0                                      0x08002a90   Number         0  fpinit.o(x$fpl$fpinit)
    x$fpl$fpinit                             0x08002a90   Section       26  fpinit.o(x$fpl$fpinit)
    $v0                                      0x08002aaa   Number         0  printf1.o(x$fpl$printf1)
    x$fpl$printf1                            0x08002aaa   Section        4  printf1.o(x$fpl$printf1)
    $v0                                      0x08002aae   Number         0  printf2.o(x$fpl$printf2)
    x$fpl$printf2                            0x08002aae   Section        4  printf2.o(x$fpl$printf2)
    x$fpl$usenofp                            0x08002ab2   Section        0  usenofp.o(x$fpl$usenofp)
    initial_mbstate                          0x08002ab4   Data           8  _printf_wctomb.o(.constdata)
    .constdata                               0x08002ab4   Section        8  _printf_wctomb.o(.constdata)
    uc_hextab                                0x08002abc   Data          20  _printf_hex_int_ll_ptr.o(.constdata)
    .constdata                               0x08002abc   Section       40  _printf_hex_int_ll_ptr.o(.constdata)
    lc_hextab                                0x08002ad0   Data          20  _printf_hex_int_ll_ptr.o(.constdata)
    maptable                                 0x08002ae4   Data          17  __printf_flags_ss_wp.o(.constdata)
    .constdata                               0x08002ae4   Section       17  __printf_flags_ss_wp.o(.constdata)
    lc_hextab                                0x08002af5   Data          19  _printf_fp_hex.o(.constdata)
    .constdata                               0x08002af5   Section       38  _printf_fp_hex.o(.constdata)
    uc_hextab                                0x08002b08   Data          19  _printf_fp_hex.o(.constdata)
    tenpwrs_x                                0x08002b1c   Data          60  bigflt0.o(.constdata)
    .constdata                               0x08002b1c   Section      148  bigflt0.o(.constdata)
    tenpwrs_i                                0x08002b58   Data          64  bigflt0.o(.constdata)
    .L.str                                   0x08002bb0   Data           6  signals_lab02.o(.rodata.str1.1)
    .L.str.1                                 0x08002bb0   Data          13  signals_lab02.o(.rodata.str1.1)
    [Anonymous Symbol]                       0x08002bb0   Section        0  signals_lab02.o(.rodata.str1.1)
    locale$$data                             0x08002be4   Section       28  lc_numeric_c.o(locale$$data)
    __lcnum_c_name                           0x08002be8   Data           2  lc_numeric_c.o(locale$$data)
    __lcnum_c_start                          0x08002bf0   Data           0  lc_numeric_c.o(locale$$data)
    __lcnum_c_point                          0x08002bfc   Data           0  lc_numeric_c.o(locale$$data)
    __lcnum_c_thousands                      0x08002bfe   Data           0  lc_numeric_c.o(locale$$data)
    __lcnum_c_grouping                       0x08002bff   Data           0  lc_numeric_c.o(locale$$data)
    __lcnum_c_end                            0x08002c00   Data           0  lc_numeric_c.o(locale$$data)
    locale$$data                             0x08002c00   Section      272  lc_ctype_c.o(locale$$data)
    __lcctype_c_name                         0x08002c04   Data           2  lc_ctype_c.o(locale$$data)
    __lcctype_c_start                        0x08002c0c   Data           0  lc_ctype_c.o(locale$$data)
    __lcctype_c_end                          0x08002d10   Data           0  lc_ctype_c.o(locale$$data)
    .bss                                     0x20020058   Section       96  libspace.o(.bss)
    Heap_Mem                                 0x20020270   Data         512  startup_stm32f767xx.o(HEAP)
    HEAP                                     0x20020270   Section      512  startup_stm32f767xx.o(HEAP)
    Stack_Mem                                0x20020470   Data        1024  startup_stm32f767xx.o(STACK)
    STACK                                    0x20020470   Section     1024  startup_stm32f767xx.o(STACK)
    __initial_sp                             0x20020870   Data           0  startup_stm32f767xx.o(STACK)

    Global Symbols

    Symbol Name                              Value     Ov Type        Size  Object(Section)

    BuildAttributes$$THM_ISAv4$E$P$D$K$B$S$7EM$VFPv5_D16$PE$PLD8$A:L22UL41UL21$X:L11$S22US41US21$IEEE1$IW$~IW$USESV6$~STKCKD$USESV7$~SHL$OTIME$ROPI$IEEEX$EBA8$UX$STANDARDLIB$REQ8$PRES8$EABIv2 0x00000000   Number         0  anon$$obj.o ABSOLUTE
    _printf_flags                            0x00000000   Number         0  printf_stubs.o ABSOLUTE
    _printf_return_value                     0x00000000   Number         0  printf_stubs.o ABSOLUTE
    _printf_sizespec                         0x00000000   Number         0  printf_stubs.o ABSOLUTE
    _printf_widthprec                        0x00000000   Number         0  printf_stubs.o ABSOLUTE
    __ARM_exceptions_init                     - Undefined Weak Reference
    __alloca_initialize                       - Undefined Weak Reference
    __arm_preinit_                            - Undefined Weak Reference
    __arm_relocate_pie_                       - Undefined Weak Reference
    __cpp_initialize__aeabi_                  - Undefined Weak Reference
    __cxa_finalize                            - Undefined Weak Reference
    __sigvec_lookup                           - Undefined Weak Reference
    _atexit_init                              - Undefined Weak Reference
    _call_atexit_fns                          - Undefined Weak Reference
    _clock_init                               - Undefined Weak Reference
    _fp_trap_init                             - Undefined Weak Reference
    _fp_trap_shutdown                         - Undefined Weak Reference
    _get_lc_collate                           - Undefined Weak Reference
    _get_lc_monetary                          - Undefined Weak Reference
    _get_lc_time                              - Undefined Weak Reference
    _getenv_init                              - Undefined Weak Reference
    _handle_redirection                       - Undefined Weak Reference
    _init_alloc                               - Undefined Weak Reference
    _init_user_alloc                          - Undefined Weak Reference
    _initio                                   - Undefined Weak Reference
    _printf_mbtowc                            - Undefined Weak Reference
    _printf_wc                                - Undefined Weak Reference
    _rand_init                                - Undefined Weak Reference
    _signal_finish                            - Undefined Weak Reference
    _signal_init                              - Undefined Weak Reference
    _terminate_alloc                          - Undefined Weak Reference
    _terminate_user_alloc                     - Undefined Weak Reference
    _terminateio                              - Undefined Weak Reference
    __Vectors_Size                           0x000001f8   Number         0  startup_stm32f767xx.o ABSOLUTE
    __Vectors                                0x08000000   Data           4  startup_stm32f767xx.o(RESET)
    __Vectors_End                            0x080001f8   Data           0  startup_stm32f767xx.o(RESET)
    __main                                   0x080001f9   Thumb Code     8  __main.o(!!!main)
    __scatterload                            0x08000201   Thumb Code     0  __scatter.o(!!!scatter)
    __scatterload_rt2                        0x08000201   Thumb Code    84  __scatter.o(!!!scatter)
    __scatterload_rt2_thumb_only             0x08000201   Thumb Code     0  __scatter.o(!!!scatter)
    __scatterload_loop                       0x0800020b   Thumb Code     0  __scatter.o(!!!scatter)
    __scatterload_copy                       0x0800025d   Thumb Code    26  __scatter_copy.o(!!handler_copy)
    __scatterload_null                       0x08000279   Thumb Code     2  __scatter.o(!!handler_null)
    __scatterload_zeroinit                   0x0800027d   Thumb Code    28  __scatter_zi.o(!!handler_zi)
    _printf_n                                0x08000299   Thumb Code     0  _printf_n.o(.ARM.Collect$$_printf_percent$$00000001)
    _printf_percent                          0x08000299   Thumb Code     0  _printf_percent.o(.ARM.Collect$$_printf_percent$$00000000)
    _printf_p                                0x0800029f   Thumb Code     0  _printf_p.o(.ARM.Collect$$_printf_percent$$00000002)
    _printf_f                                0x080002a5   Thumb Code     0  _printf_f.o(.ARM.Collect$$_printf_percent$$00000003)
    _printf_e                                0x080002ab   Thumb Code     0  _printf_e.o(.ARM.Collect$$_printf_percent$$00000004)
    _printf_g                                0x080002b1   Thumb Code     0  _printf_g.o(.ARM.Collect$$_printf_percent$$00000005)
    _printf_a                                0x080002b7   Thumb Code     0  _printf_a.o(.ARM.Collect$$_printf_percent$$00000006)
    _printf_ll                               0x080002bd   Thumb Code     0  _printf_ll.o(.ARM.Collect$$_printf_percent$$00000007)
    _printf_i                                0x080002c7   Thumb Code     0  _printf_i.o(.ARM.Collect$$_printf_percent$$00000008)
    _printf_d                                0x080002cd   Thumb Code     0  _printf_d.o(.ARM.Collect$$_printf_percent$$00000009)
    _printf_u                                0x080002d3   Thumb Code     0  _printf_u.o(.ARM.Collect$$_printf_percent$$0000000A)
    _printf_o                                0x080002d9   Thumb Code     0  _printf_o.o(.ARM.Collect$$_printf_percent$$0000000B)
    _printf_x                                0x080002df   Thumb Code     0  _printf_x.o(.ARM.Collect$$_printf_percent$$0000000C)
    _printf_lli                              0x080002e5   Thumb Code     0  _printf_lli.o(.ARM.Collect$$_printf_percent$$0000000D)
    _printf_lld                              0x080002eb   Thumb Code     0  _printf_lld.o(.ARM.Collect$$_printf_percent$$0000000E)
    _printf_llu                              0x080002f1   Thumb Code     0  _printf_llu.o(.ARM.Collect$$_printf_percent$$0000000F)
    _printf_llo                              0x080002f7   Thumb Code     0  _printf_llo.o(.ARM.Collect$$_printf_percent$$00000010)
    _printf_llx                              0x080002fd   Thumb Code     0  _printf_llx.o(.ARM.Collect$$_printf_percent$$00000011)
    _printf_l                                0x08000303   Thumb Code     0  _printf_l.o(.ARM.Collect$$_printf_percent$$00000012)
    _printf_c                                0x0800030d   Thumb Code     0  _printf_c.o(.ARM.Collect$$_printf_percent$$00000013)
    _printf_s                                0x08000313   Thumb Code     0  _printf_s.o(.ARM.Collect$$_printf_percent$$00000014)
    _printf_lc                               0x08000319   Thumb Code     0  _printf_lc.o(.ARM.Collect$$_printf_percent$$00000015)
    _printf_ls                               0x0800031f   Thumb Code     0  _printf_ls.o(.ARM.Collect$$_printf_percent$$00000016)
    _printf_percent_end                      0x08000325   Thumb Code     0  _printf_percent_end.o(.ARM.Collect$$_printf_percent$$00000017)
    __rt_lib_init                            0x08000329   Thumb Code     0  libinit.o(.ARM.Collect$$libinit$$00000000)
    __rt_lib_init_fp_1                       0x0800032b   Thumb Code     0  libinit2.o(.ARM.Collect$$libinit$$00000001)
    __rt_lib_init_heap_1                     0x0800032f   Thumb Code     0  libinit2.o(.ARM.Collect$$libinit$$0000000C)
    __rt_lib_init_lc_common                  0x0800032f   Thumb Code     0  libinit2.o(.ARM.Collect$$libinit$$00000011)
    __rt_lib_init_preinit_1                  0x0800032f   Thumb Code     0  libinit2.o(.ARM.Collect$$libinit$$00000006)
    __rt_lib_init_rand_1                     0x0800032f   Thumb Code     0  libinit2.o(.ARM.Collect$$libinit$$00000010)
    __rt_lib_init_relocate_pie_1             0x0800032f   Thumb Code     0  libinit2.o(.ARM.Collect$$libinit$$00000004)
    __rt_lib_init_user_alloc_1               0x0800032f   Thumb Code     0  libinit2.o(.ARM.Collect$$libinit$$0000000E)
    __rt_lib_init_lc_collate_1               0x08000335   Thumb Code     0  libinit2.o(.ARM.Collect$$libinit$$00000013)
    __rt_lib_init_lc_ctype_2                 0x08000335   Thumb Code     0  libinit2.o(.ARM.Collect$$libinit$$00000014)
    __rt_lib_init_lc_ctype_1                 0x08000341   Thumb Code     0  libinit2.o(.ARM.Collect$$libinit$$00000015)
    __rt_lib_init_lc_monetary_1              0x08000341   Thumb Code     0  libinit2.o(.ARM.Collect$$libinit$$00000017)
    __rt_lib_init_lc_numeric_2               0x08000341   Thumb Code     0  libinit2.o(.ARM.Collect$$libinit$$00000018)
    __rt_lib_init_alloca_1                   0x0800034b   Thumb Code     0  libinit2.o(.ARM.Collect$$libinit$$00000030)
    __rt_lib_init_argv_1                     0x0800034b   Thumb Code     0  libinit2.o(.ARM.Collect$$libinit$$0000002E)
    __rt_lib_init_atexit_1                   0x0800034b   Thumb Code     0  libinit2.o(.ARM.Collect$$libinit$$0000001D)
    __rt_lib_init_clock_1                    0x0800034b   Thumb Code     0  libinit2.o(.ARM.Collect$$libinit$$00000023)
    __rt_lib_init_cpp_1                      0x0800034b   Thumb Code     0  libinit2.o(.ARM.Collect$$libinit$$00000034)
    __rt_lib_init_exceptions_1               0x0800034b   Thumb Code     0  libinit2.o(.ARM.Collect$$libinit$$00000032)
    __rt_lib_init_fp_trap_1                  0x0800034b   Thumb Code     0  libinit2.o(.ARM.Collect$$libinit$$00000021)
    __rt_lib_init_getenv_1                   0x0800034b   Thumb Code     0  libinit2.o(.ARM.Collect$$libinit$$00000025)
    __rt_lib_init_lc_numeric_1               0x0800034b   Thumb Code     0  libinit2.o(.ARM.Collect$$libinit$$00000019)
    __rt_lib_init_lc_time_1                  0x0800034b   Thumb Code     0  libinit2.o(.ARM.Collect$$libinit$$0000001B)
    __rt_lib_init_return                     0x0800034b   Thumb Code     0  libinit2.o(.ARM.Collect$$libinit$$00000035)
    __rt_lib_init_signal_1                   0x0800034b   Thumb Code     0  libinit2.o(.ARM.Collect$$libinit$$0000001F)
    __rt_lib_init_stdio_1                    0x0800034b   Thumb Code     0  libinit2.o(.ARM.Collect$$libinit$$00000027)
    __rt_lib_shutdown                        0x0800034d   Thumb Code     0  libshutdown.o(.ARM.Collect$$libshutdown$$00000000)
    __rt_lib_shutdown_cpp_1                  0x0800034f   Thumb Code     0  libshutdown2.o(.ARM.Collect$$libshutdown$$00000002)
    __rt_lib_shutdown_fp_trap_1              0x0800034f   Thumb Code     0  libshutdown2.o(.ARM.Collect$$libshutdown$$00000007)
    __rt_lib_shutdown_heap_1                 0x0800034f   Thumb Code     0  libshutdown2.o(.ARM.Collect$$libshutdown$$0000000F)
    __rt_lib_shutdown_return                 0x0800034f   Thumb Code     0  libshutdown2.o(.ARM.Collect$$libshutdown$$00000010)
    __rt_lib_shutdown_signal_1               0x0800034f   Thumb Code     0  libshutdown2.o(.ARM.Collect$$libshutdown$$0000000A)
    __rt_lib_shutdown_stdio_1                0x0800034f   Thumb Code     0  libshutdown2.o(.ARM.Collect$$libshutdown$$00000004)
    __rt_lib_shutdown_user_alloc_1           0x0800034f   Thumb Code     0  libshutdown2.o(.ARM.Collect$$libshutdown$$0000000C)
    __rt_entry                               0x08000351   Thumb Code     0  __rtentry.o(.ARM.Collect$$rtentry$$00000000)
    __rt_entry_presh_1                       0x08000351   Thumb Code     0  __rtentry2.o(.ARM.Collect$$rtentry$$00000002)
    __rt_entry_sh                            0x08000351   Thumb Code     0  __rtentry4.o(.ARM.Collect$$rtentry$$00000004)
    __rt_entry_li                            0x08000357   Thumb Code     0  __rtentry2.o(.ARM.Collect$$rtentry$$0000000A)
    __rt_entry_postsh_1                      0x08000357   Thumb Code     0  __rtentry2.o(.ARM.Collect$$rtentry$$00000009)
    __rt_entry_main                          0x0800035b   Thumb Code     0  __rtentry2.o(.ARM.Collect$$rtentry$$0000000D)
    __rt_entry_postli_1                      0x0800035b   Thumb Code     0  __rtentry2.o(.ARM.Collect$$rtentry$$0000000C)
    __rt_exit                                0x08000363   Thumb Code     0  rtexit.o(.ARM.Collect$$rtexit$$00000000)
    __rt_exit_ls                             0x08000365   Thumb Code     0  rtexit2.o(.ARM.Collect$$rtexit$$00000003)
    __rt_exit_prels_1                        0x08000365   Thumb Code     0  rtexit2.o(.ARM.Collect$$rtexit$$00000002)
    __rt_exit_exit                           0x08000369   Thumb Code     0  rtexit2.o(.ARM.Collect$$rtexit$$00000004)
    Reset_Handler                            0x08000371   Thumb Code     8  startup_stm32f767xx.o(.text)
    NMI_Handler                              0x08000379   Thumb Code     2  startup_stm32f767xx.o(.text)
    HardFault_Handler                        0x0800037b   Thumb Code     2  startup_stm32f767xx.o(.text)
    MemManage_Handler                        0x0800037d   Thumb Code     2  startup_stm32f767xx.o(.text)
    BusFault_Handler                         0x0800037f   Thumb Code     2  startup_stm32f767xx.o(.text)
    UsageFault_Handler                       0x08000381   Thumb Code     2  startup_stm32f767xx.o(.text)
    SVC_Handler                              0x08000383   Thumb Code     2  startup_stm32f767xx.o(.text)
    DebugMon_Handler                         0x08000385   Thumb Code     2  startup_stm32f767xx.o(.text)
    PendSV_Handler                           0x08000387   Thumb Code     2  startup_stm32f767xx.o(.text)
    ADC_IRQHandler                           0x0800038b   Thumb Code     0  startup_stm32f767xx.o(.text)
    CAN1_RX0_IRQHandler                      0x0800038b   Thumb Code     0  startup_stm32f767xx.o(.text)
    CAN1_RX1_IRQHandler                      0x0800038b   Thumb Code     0  startup_stm32f767xx.o(.text)
    CAN1_SCE_IRQHandler                      0x0800038b   Thumb Code     0  startup_stm32f767xx.o(.text)
    CAN1_TX_IRQHandler                       0x0800038b   Thumb Code     0  startup_stm32f767xx.o(.text)
    CAN2_RX0_IRQHandler                      0x0800038b   Thumb Code     0  startup_stm32f767xx.o(.text)
    CAN2_RX1_IRQHandler                      0x0800038b   Thumb Code     0  startup_stm32f767xx.o(.text)
    CAN2_SCE_IRQHandler                      0x0800038b   Thumb Code     0  startup_stm32f767xx.o(.text)
    CAN2_TX_IRQHandler                       0x0800038b   Thumb Code     0  startup_stm32f767xx.o(.text)
    CAN3_RX0_IRQHandler                      0x0800038b   Thumb Code     0  startup_stm32f767xx.o(.text)
    CAN3_RX1_IRQHandler                      0x0800038b   Thumb Code     0  startup_stm32f767xx.o(.text)
    CAN3_SCE_IRQHandler                      0x0800038b   Thumb Code     0  startup_stm32f767xx.o(.text)
    CAN3_TX_IRQHandler                       0x0800038b   Thumb Code     0  startup_stm32f767xx.o(.text)
    CEC_IRQHandler                           0x0800038b   Thumb Code     0  startup_stm32f767xx.o(.text)
    DCMI_IRQHandler                          0x0800038b   Thumb Code     0  startup_stm32f767xx.o(.text)
    DFSDM1_FLT0_IRQHandler                   0x0800038b   Thumb Code     0  startup_stm32f767xx.o(.text)
    DFSDM1_FLT1_IRQHandler                   0x0800038b   Thumb Code     0  startup_stm32f767xx.o(.text)
    DFSDM1_FLT2_IRQHandler                   0x0800038b   Thumb Code     0  startup_stm32f767xx.o(.text)
    DFSDM1_FLT3_IRQHandler                   0x0800038b   Thumb Code     0  startup_stm32f767xx.o(.text)
    DMA1_Stream0_IRQHandler                  0x0800038b   Thumb Code     0  startup_stm32f767xx.o(.text)
    DMA1_Stream1_IRQHandler                  0x0800038b   Thumb Code     0  startup_stm32f767xx.o(.text)
    DMA1_Stream2_IRQHandler                  0x0800038b   Thumb Code     0  startup_stm32f767xx.o(.text)
    DMA1_Stream3_IRQHandler                  0x0800038b   Thumb Code     0  startup_stm32f767xx.o(.text)
    DMA1_Stream4_IRQHandler                  0x0800038b   Thumb Code     0  startup_stm32f767xx.o(.text)
    DMA1_Stream5_IRQHandler                  0x0800038b   Thumb Code     0  startup_stm32f767xx.o(.text)
    DMA1_Stream6_IRQHandler                  0x0800038b   Thumb Code     0  startup_stm32f767xx.o(.text)
    DMA1_Stream7_IRQHandler                  0x0800038b   Thumb Code     0  startup_stm32f767xx.o(.text)
    DMA2D_IRQHandler                         0x0800038b   Thumb Code     0  startup_stm32f767xx.o(.text)
    DMA2_Stream0_IRQHandler                  0x0800038b   Thumb Code     0  startup_stm32f767xx.o(.text)
    DMA2_Stream1_IRQHandler                  0x0800038b   Thumb Code     0  startup_stm32f767xx.o(.text)
    DMA2_Stream2_IRQHandler                  0x0800038b   Thumb Code     0  startup_stm32f767xx.o(.text)
    DMA2_Stream3_IRQHandler                  0x0800038b   Thumb Code     0  startup_stm32f767xx.o(.text)
    DMA2_Stream4_IRQHandler                  0x0800038b   Thumb Code     0  startup_stm32f767xx.o(.text)
    DMA2_Stream5_IRQHandler                  0x0800038b   Thumb Code     0  startup_stm32f767xx.o(.text)
    DMA2_Stream6_IRQHandler                  0x0800038b   Thumb Code     0  startup_stm32f767xx.o(.text)
    DMA2_Stream7_IRQHandler                  0x0800038b   Thumb Code     0  startup_stm32f767xx.o(.text)
    ETH_IRQHandler                           0x0800038b   Thumb Code     0  startup_stm32f767xx.o(.text)
    ETH_WKUP_IRQHandler                      0x0800038b   Thumb Code     0  startup_stm32f767xx.o(.text)
    EXTI0_IRQHandler                         0x0800038b   Thumb Code     0  startup_stm32f767xx.o(.text)
    EXTI15_10_IRQHandler                     0x0800038b   Thumb Code     0  startup_stm32f767xx.o(.text)
    EXTI1_IRQHandler                         0x0800038b   Thumb Code     0  startup_stm32f767xx.o(.text)
    EXTI2_IRQHandler                         0x0800038b   Thumb Code     0  startup_stm32f767xx.o(.text)
    EXTI3_IRQHandler                         0x0800038b   Thumb Code     0  startup_stm32f767xx.o(.text)
    EXTI4_IRQHandler                         0x0800038b   Thumb Code     0  startup_stm32f767xx.o(.text)
    EXTI9_5_IRQHandler                       0x0800038b   Thumb Code     0  startup_stm32f767xx.o(.text)
    FLASH_IRQHandler                         0x0800038b   Thumb Code     0  startup_stm32f767xx.o(.text)
    FMC_IRQHandler                           0x0800038b   Thumb Code     0  startup_stm32f767xx.o(.text)
    FPU_IRQHandler                           0x0800038b   Thumb Code     0  startup_stm32f767xx.o(.text)
    I2C1_ER_IRQHandler                       0x0800038b   Thumb Code     0  startup_stm32f767xx.o(.text)
    I2C1_EV_IRQHandler                       0x0800038b   Thumb Code     0  startup_stm32f767xx.o(.text)
    I2C2_ER_IRQHandler                       0x0800038b   Thumb Code     0  startup_stm32f767xx.o(.text)
    I2C2_EV_IRQHandler                       0x0800038b   Thumb Code     0  startup_stm32f767xx.o(.text)
    I2C3_ER_IRQHandler                       0x0800038b   Thumb Code     0  startup_stm32f767xx.o(.text)
    I2C3_EV_IRQHandler                       0x0800038b   Thumb Code     0  startup_stm32f767xx.o(.text)
    I2C4_ER_IRQHandler                       0x0800038b   Thumb Code     0  startup_stm32f767xx.o(.text)
    I2C4_EV_IRQHandler                       0x0800038b   Thumb Code     0  startup_stm32f767xx.o(.text)
    JPEG_IRQHandler                          0x0800038b   Thumb Code     0  startup_stm32f767xx.o(.text)
    LPTIM1_IRQHandler                        0x0800038b   Thumb Code     0  startup_stm32f767xx.o(.text)
    LTDC_ER_IRQHandler                       0x0800038b   Thumb Code     0  startup_stm32f767xx.o(.text)
    LTDC_IRQHandler                          0x0800038b   Thumb Code     0  startup_stm32f767xx.o(.text)
    MDIOS_IRQHandler                         0x0800038b   Thumb Code     0  startup_stm32f767xx.o(.text)
    OTG_FS_IRQHandler                        0x0800038b   Thumb Code     0  startup_stm32f767xx.o(.text)
    OTG_FS_WKUP_IRQHandler                   0x0800038b   Thumb Code     0  startup_stm32f767xx.o(.text)
    OTG_HS_EP1_IN_IRQHandler                 0x0800038b   Thumb Code     0  startup_stm32f767xx.o(.text)
    OTG_HS_EP1_OUT_IRQHandler                0x0800038b   Thumb Code     0  startup_stm32f767xx.o(.text)
    OTG_HS_IRQHandler                        0x0800038b   Thumb Code     0  startup_stm32f767xx.o(.text)
    OTG_HS_WKUP_IRQHandler                   0x0800038b   Thumb Code     0  startup_stm32f767xx.o(.text)
    PVD_IRQHandler                           0x0800038b   Thumb Code     0  startup_stm32f767xx.o(.text)
    QUADSPI_IRQHandler                       0x0800038b   Thumb Code     0  startup_stm32f767xx.o(.text)
    RCC_IRQHandler                           0x0800038b   Thumb Code     0  startup_stm32f767xx.o(.text)
    RNG_IRQHandler                           0x0800038b   Thumb Code     0  startup_stm32f767xx.o(.text)
    RTC_Alarm_IRQHandler                     0x0800038b   Thumb Code     0  startup_stm32f767xx.o(.text)
    RTC_WKUP_IRQHandler                      0x0800038b   Thumb Code     0  startup_stm32f767xx.o(.text)
    SAI1_IRQHandler                          0x0800038b   Thumb Code     0  startup_stm32f767xx.o(.text)
    SAI2_IRQHandler                          0x0800038b   Thumb Code     0  startup_stm32f767xx.o(.text)
    SDMMC1_IRQHandler                        0x0800038b   Thumb Code     0  startup_stm32f767xx.o(.text)
    SDMMC2_IRQHandler                        0x0800038b   Thumb Code     0  startup_stm32f767xx.o(.text)
    SPDIF_RX_IRQHandler                      0x0800038b   Thumb Code     0  startup_stm32f767xx.o(.text)
    SPI1_IRQHandler                          0x0800038b   Thumb Code     0  startup_stm32f767xx.o(.text)
    SPI2_IRQHandler                          0x0800038b   Thumb Code     0  startup_stm32f767xx.o(.text)
    SPI3_IRQHandler                          0x0800038b   Thumb Code     0  startup_stm32f767xx.o(.text)
    SPI4_IRQHandler                          0x0800038b   Thumb Code     0  startup_stm32f767xx.o(.text)
    SPI5_IRQHandler                          0x0800038b   Thumb Code     0  startup_stm32f767xx.o(.text)
    SPI6_IRQHandler                          0x0800038b   Thumb Code     0  startup_stm32f767xx.o(.text)
    TAMP_STAMP_IRQHandler                    0x0800038b   Thumb Code     0  startup_stm32f767xx.o(.text)
    TIM1_BRK_TIM9_IRQHandler                 0x0800038b   Thumb Code     0  startup_stm32f767xx.o(.text)
    TIM1_CC_IRQHandler                       0x0800038b   Thumb Code     0  startup_stm32f767xx.o(.text)
    TIM1_TRG_COM_TIM11_IRQHandler            0x0800038b   Thumb Code     0  startup_stm32f767xx.o(.text)
    TIM1_UP_TIM10_IRQHandler                 0x0800038b   Thumb Code     0  startup_stm32f767xx.o(.text)
    TIM2_IRQHandler                          0x0800038b   Thumb Code     0  startup_stm32f767xx.o(.text)
    TIM3_IRQHandler                          0x0800038b   Thumb Code     0  startup_stm32f767xx.o(.text)
    TIM6_DAC_IRQHandler                      0x0800038b   Thumb Code     0  startup_stm32f767xx.o(.text)
    TIM7_IRQHandler                          0x0800038b   Thumb Code     0  startup_stm32f767xx.o(.text)
    TIM8_BRK_TIM12_IRQHandler                0x0800038b   Thumb Code     0  startup_stm32f767xx.o(.text)
    TIM8_CC_IRQHandler                       0x0800038b   Thumb Code     0  startup_stm32f767xx.o(.text)
    TIM8_TRG_COM_TIM14_IRQHandler            0x0800038b   Thumb Code     0  startup_stm32f767xx.o(.text)
    TIM8_UP_TIM13_IRQHandler                 0x0800038b   Thumb Code     0  startup_stm32f767xx.o(.text)
    UART4_IRQHandler                         0x0800038b   Thumb Code     0  startup_stm32f767xx.o(.text)
    UART5_IRQHandler                         0x0800038b   Thumb Code     0  startup_stm32f767xx.o(.text)
    UART7_IRQHandler                         0x0800038b   Thumb Code     0  startup_stm32f767xx.o(.text)
    UART8_IRQHandler                         0x0800038b   Thumb Code     0  startup_stm32f767xx.o(.text)
    USART1_IRQHandler                        0x0800038b   Thumb Code     0  startup_stm32f767xx.o(.text)
    USART2_IRQHandler                        0x0800038b   Thumb Code     0  startup_stm32f767xx.o(.text)
    USART6_IRQHandler                        0x0800038b   Thumb Code     0  startup_stm32f767xx.o(.text)
    WWDG_IRQHandler                          0x0800038b   Thumb Code     0  startup_stm32f767xx.o(.text)
    __user_initial_stackheap                 0x0800038d   Thumb Code     0  startup_stm32f767xx.o(.text)
    sprintf                                  0x080003b1   Thumb Code    38  sprintf.o(.text)
    __aeabi_memclr4                          0x080003dd   Thumb Code     0  rt_memclr_w.o(.text)
    __aeabi_memclr8                          0x080003dd   Thumb Code     0  rt_memclr_w.o(.text)
    __rt_memclr_w                            0x080003dd   Thumb Code     0  rt_memclr_w.o(.text)
    _memset_w                                0x080003e1   Thumb Code    74  rt_memclr_w.o(.text)
    __use_two_region_memory                  0x0800042b   Thumb Code     2  heapauxi.o(.text)
    __rt_heap_escrow$2region                 0x0800042d   Thumb Code     2  heapauxi.o(.text)
    __rt_heap_expand$2region                 0x0800042f   Thumb Code     2  heapauxi.o(.text)
    _printf_pre_padding                      0x08000431   Thumb Code    44  _printf_pad.o(.text)
    _printf_post_padding                     0x0800045d   Thumb Code    34  _printf_pad.o(.text)
    _printf_truncate_signed                  0x0800047f   Thumb Code    18  _printf_truncate.o(.text)
    _printf_truncate_unsigned                0x08000491   Thumb Code    18  _printf_truncate.o(.text)
    _printf_str                              0x080004a3   Thumb Code    82  _printf_str.o(.text)
    _printf_int_dec                          0x080004f5   Thumb Code   104  _printf_dec.o(.text)
    _printf_charcount                        0x0800056d   Thumb Code    40  _printf_charcount.o(.text)
    _printf_char_common                      0x0800059f   Thumb Code    32  _printf_char_common.o(.text)
    _sputc                                   0x080005c5   Thumb Code    10  _sputc.o(.text)
    _printf_wctomb                           0x080005d1   Thumb Code   182  _printf_wctomb.o(.text)
    _printf_longlong_dec                     0x0800068d   Thumb Code   108  _printf_longlong_dec.o(.text)
    _printf_longlong_oct                     0x08000709   Thumb Code    68  _printf_oct_int_ll.o(.text)
    _printf_int_oct                          0x0800074d   Thumb Code    24  _printf_oct_int_ll.o(.text)
    _printf_ll_oct                           0x08000765   Thumb Code    12  _printf_oct_int_ll.o(.text)
    _printf_longlong_hex                     0x08000779   Thumb Code    86  _printf_hex_int_ll_ptr.o(.text)
    _printf_int_hex                          0x080007cf   Thumb Code    28  _printf_hex_int_ll_ptr.o(.text)
    _printf_ll_hex                           0x080007eb   Thumb Code    12  _printf_hex_int_ll_ptr.o(.text)
    _printf_hex_ptr                          0x080007f7   Thumb Code    18  _printf_hex_int_ll_ptr.o(.text)
    __printf                                 0x0800080d   Thumb Code   388  __printf_flags_ss_wp.o(.text)
    _ll_udiv10                               0x08000995   Thumb Code   138  lludiv10.o(.text)
    _printf_int_common                       0x08000a1f   Thumb Code   178  _printf_intcommon.o(.text)
    _printf_fp_dec_real                      0x08000c81   Thumb Code   620  _printf_fp_dec.o(.text)
    _printf_fp_hex_real                      0x08000eed   Thumb Code   756  _printf_fp_hex.o(.text)
    _printf_cs_common                        0x080011e9   Thumb Code    20  _printf_char.o(.text)
    _printf_char                             0x080011fd   Thumb Code    16  _printf_char.o(.text)
    _printf_string                           0x0800120d   Thumb Code     8  _printf_char.o(.text)
    _printf_lcs_common                       0x08001215   Thumb Code    20  _printf_wchar.o(.text)
    _printf_wchar                            0x08001229   Thumb Code    16  _printf_wchar.o(.text)
    _printf_wstring                          0x08001239   Thumb Code     8  _printf_wchar.o(.text)
    _c16rtomb                                0x08001241   Thumb Code    72  _c16rtomb.o(.text)
    _wcrtomb                                 0x08001241   Thumb Code     0  _c16rtomb.o(.text)
    __user_libspace                          0x08001289   Thumb Code     8  libspace.o(.text)
    __user_perproc_libspace                  0x08001289   Thumb Code     0  libspace.o(.text)
    __user_perthread_libspace                0x08001289   Thumb Code     0  libspace.o(.text)
    __user_setup_stackheap                   0x08001291   Thumb Code    74  sys_stackheap_outer.o(.text)
    __rt_ctype_table                         0x080012dd   Thumb Code    16  rt_ctype_table.o(.text)
    __rt_locale                              0x080012ed   Thumb Code     8  rt_locale_intlibspace.o(.text)
    _printf_fp_infnan                        0x080012f5   Thumb Code   112  _printf_fp_infnan.o(.text)
    _btod_etento                             0x08001375   Thumb Code   224  bigflt0.o(.text)
    exit                                     0x08001459   Thumb Code    18  exit.o(.text)
    strcmp                                   0x08001471   Thumb Code   124  strcmpv7m_pel.o(.text)
    _sys_exit                                0x080014ed   Thumb Code     8  sys_exit.o(.text)
    __I$use$semihosting                      0x080014f9   Thumb Code     0  use_no_semi.o(.text)
    __use_no_semihosting_swi                 0x080014f9   Thumb Code     2  use_no_semi.o(.text)
    __semihosting_library_function           0x080014fb   Thumb Code     0  indicate_semi.o(.text)
    SysTick_Handler                          0x08001501   Thumb Code    18  signals_lab02.o(.text.SysTick_Handler)
    SystemInit                               0x08001519   Thumb Code    18  system_stm32f7xx.o(.text.SystemInit)
    TIM4_IRQHandler                          0x08001531   Thumb Code   168  signals_lab02.o(.text.TIM4_IRQHandler)
    TIM5_IRQHandler                          0x080015e1   Thumb Code    32  signals_lab02.o(.text.TIM5_IRQHandler)
    USART3_IRQHandler                        0x08001601   Thumb Code   118  signals_lab02.o(.text.USART3_IRQHandler)
    GPIO_SETUP()                             0x08001679   Thumb Code   120  signals_lab02.o(.text._Z10GPIO_SETUPv)
    I2C1_Start()                             0x080016f1   Thumb Code    18  i2c.o(.text._Z10I2C1_Startv)
    I2C1_Write(int*, int, unsigned char)     0x08001709   Thumb Code   112  i2c.o(.text._Z10I2C1_WritePiih)
    Ms_Counter()                             0x08001779   Thumb Code    56  signals_lab02.o(.text._Z10Ms_Counterv)
    USART_SETUP()                            0x080017b1   Thumb Code    46  signals_lab02.o(.text._Z11USART_SETUPv)
    Usart_Funct()                            0x080017e1   Thumb Code    16  signals_lab02.o(.text._Z11Usart_Functv)
    I2C1_Address(unsigned char, unsigned char, int, unsigned char) 0x080017f1   Thumb Code   140  i2c.o(.text._Z12I2C1_Addresshhih)
    SysTick_Init()                           0x08001881   Thumb Code    28  signals_lab02.o(.text._Z12SysTick_Initv)
    MPU_Read_Gyro()                          0x080018a1   Thumb Code   280  mpu_6050.o(.text._Z13MPU_Read_Gyrov)
    Serial_buffer(char*)                     0x080019c1   Thumb Code    50  signals_lab02.o(.text._Z13Serial_bufferPc)
    get_Acc_array(float*)                    0x080019f9   Thumb Code    56  mpu_6050.o(.text._Z13get_Acc_arrayPf)
    get_Gyr_array(float*)                    0x08001a31   Thumb Code    56  mpu_6050.o(.text._Z13get_Gyr_arrayPf)
    LowPass_Filter(float)                    0x08001a69   Thumb Code    54  signals_lab02.o(.text._Z14LowPass_Filterf)
    MPU_Read_Accel()                         0x08001aa1   Thumb Code   192  mpu_6050.o(.text._Z14MPU_Read_Accelv)
    USART3_SendChar(int)                     0x08001b69   Thumb Code    42  signals_lab02.o(.text._Z15USART3_SendChari)
    Delay_ms(unsigned short)                 0x08001b99   Thumb Code    84  signals_lab02.o(.text._Z8Delay_mst)
    MPU_Init()                               0x08001bf1   Thumb Code   198  mpu_6050.o(.text._Z8MPU_Initv)
    MPU_Read(unsigned char, int, unsigned char) 0x08001cb9   Thumb Code   104  mpu_6050.o(.text._Z8MPU_Readhih)
    Gyr_Calib()                              0x08001d21   Thumb Code   200  mpu_6050.o(.text._Z9Gyr_Calibv)
    I2C1_Read(int*, unsigned char, int)      0x08001df1   Thumb Code   112  i2c.o(.text._Z9I2C1_ReadPihi)
    I2C1_Stop()                              0x08001e61   Thumb Code    18  i2c.o(.text._Z9I2C1_Stopv)
    I2C_SETUP()                              0x08001e79   Thumb Code   168  i2c.o(.text._Z9I2C_SETUPv)
    MPU_Write(unsigned char, int, unsigned char) 0x08001f21   Thumb Code    66  mpu_6050.o(.text._Z9MPU_Writehih)
    RCC_SETUP()                              0x08001f69   Thumb Code    58  signals_lab02.o(.text._Z9RCC_SETUPv)
    TIM_SETUP()                              0x08001fa9   Thumb Code   230  signals_lab02.o(.text._Z9TIM_SETUPv)
    arm_fir_f32                              0x080020c1   Thumb Code   206  filteringfunctions.o(.text.arm_fir_f32)
    arm_fir_init_f32                         0x08002191   Thumb Code    64  filteringfunctions.o(.text.arm_fir_init_f32)
    main                                     0x080021d1   Thumb Code   152  signals_lab02.o(.text.main)
    _btod_d2e                                0x08002269   Thumb Code    62  btod.o(CL$$btod_d2e)
    _d2e_denorm_low                          0x080022a7   Thumb Code    70  btod.o(CL$$btod_d2e_denorm_low)
    _d2e_norm_op1                            0x080022ed   Thumb Code    96  btod.o(CL$$btod_d2e_norm_op1)
    __btod_div_common                        0x0800234d   Thumb Code   696  btod.o(CL$$btod_div_common)
    _e2e                                     0x08002685   Thumb Code   220  btod.o(CL$$btod_e2e)
    _btod_ediv                               0x08002761   Thumb Code    42  btod.o(CL$$btod_ediv)
    _btod_emul                               0x0800278b   Thumb Code    42  btod.o(CL$$btod_emul)
    __btod_mult_common                       0x080027b5   Thumb Code   580  btod.o(CL$$btod_mult_common)
    __ARM_fpclassify                         0x080029f9   Thumb Code    48  fpclassify.o(i.__ARM_fpclassify)
    _is_digit                                0x08002a29   Thumb Code    14  __printf_wp.o(i._is_digit)
    _get_lc_numeric                          0x08002a39   Thumb Code    44  lc_numeric_c.o(locale$$code)
    _get_lc_ctype                            0x08002a65   Thumb Code    44  lc_ctype_c.o(locale$$code)
    _fp_init                                 0x08002a91   Thumb Code    26  fpinit.o(x$fpl$fpinit)
    __fplib_config_fpu_vfp                   0x08002aa9   Thumb Code     0  fpinit.o(x$fpl$fpinit)
    __fplib_config_pureend_doubles           0x08002aa9   Thumb Code     0  fpinit.o(x$fpl$fpinit)
    _printf_fp_dec                           0x08002aab   Thumb Code     4  printf1.o(x$fpl$printf1)
    _printf_fp_hex                           0x08002aaf   Thumb Code     4  printf2.o(x$fpl$printf2)
    __I$use$fp                               0x08002ab2   Number         0  usenofp.o(x$fpl$usenofp)
    Region$$Table$$Base                      0x08002bc4   Number         0  anon$$obj.o(Region$$Table)
    Region$$Table$$Limit                     0x08002be4   Number         0  anon$$obj.o(Region$$Table)
    __ctype                                  0x08002c0d   Data           0  lc_ctype_c.o(locale$$data)
    fir_coef                                 0x20020000   Data          84  signals_lab02.o(.data.fir_coef)
    __libspace_start                         0x20020058   Data          96  libspace.o(.bss)
    Accel_X_RAW                              0x200200b8   Data           2  mpu_6050.o(.bss.Accel_X_RAW)
    __temporary_stack_top$libspace           0x200200b8   Data           0  libspace.o(.bss)
    Accel_Y_RAW                              0x200200ba   Data           2  mpu_6050.o(.bss.Accel_Y_RAW)
    Accel_Z_RAW                              0x200200bc   Data           2  mpu_6050.o(.bss.Accel_Z_RAW)
    Ax                                       0x200200c0   Data           4  mpu_6050.o(.bss.Ax)
    Ay                                       0x200200c4   Data           4  mpu_6050.o(.bss.Ay)
    Az                                       0x200200c8   Data           4  mpu_6050.o(.bss.Az)
    Gx                                       0x200200cc   Data           4  mpu_6050.o(.bss.Gx)
    Gx_offs                                  0x200200d0   Data           4  mpu_6050.o(.bss.Gx_offs)
    Gy                                       0x200200d4   Data           4  mpu_6050.o(.bss.Gy)
    Gy_offs                                  0x200200d8   Data           4  mpu_6050.o(.bss.Gy_offs)
    Gyr_offs                                 0x200200dc   Data          12  mpu_6050.o(.bss.Gyr_offs)
    Gyro_X_RAW                               0x200200e8   Data           2  mpu_6050.o(.bss.Gyro_X_RAW)
    Gyro_Y_RAW                               0x200200ea   Data           2  mpu_6050.o(.bss.Gyro_Y_RAW)
    Gyro_Z_RAW                               0x200200ec   Data           2  mpu_6050.o(.bss.Gyro_Z_RAW)
    Gz                                       0x200200f0   Data           4  mpu_6050.o(.bss.Gz)
    Gz_offs                                  0x200200f4   Data           4  mpu_6050.o(.bss.Gz_offs)
    acc                                      0x200200f8   Data          12  signals_lab02.o(.bss.acc)
    dt                                       0x20020108   Data           8  signals_lab02.o(.bss.dt)
    filtered_signal                          0x20020110   Data           4  signals_lab02.o(.bss.filtered_signal)
    fir_in                                   0x20020114   Data           4  signals_lab02.o(.bss.fir_in)
    fir_instance                             0x20020118   Data          12  signals_lab02.o(.bss.fir_instance)
    fir_out                                  0x20020124   Data           4  signals_lab02.o(.bss.fir_out)
    fir_state                                0x20020128   Data          84  signals_lab02.o(.bss.fir_state)
    gyr_offs_ready                           0x2002017c   Data           4  mpu_6050.o(.bss.gyr_offs_ready)
    roll_pitch_yaw                           0x20020180   Data          24  signals_lab02.o(.bss.roll_pitch_yaw)
    rx_data                                  0x20020198   Data          80  mpu_6050.o(.bss.rx_data)
    tx_data                                  0x200201e8   Data          80  mpu_6050.o(.bss.tx_data)
    txt                                      0x20020238   Data          50  signals_lab02.o(.bss.txt)



==============================================================================

Memory Map of the image

  Image Entry point : 0x08000371

  Load Region LR_1 (Base: 0x08000000, Size: 0x00002d64, Max: 0xffffffff, ABSOLUTE)

    Execution Region ER_RO (Exec base: 0x08000000, Load base: 0x08000000, Size: 0x00002d10, Max: 0xffffffff, ABSOLUTE)

    Exec Addr    Load Addr    Size         Type   Attr      Idx    E Section Name        Object

    0x08000000   0x08000000   0x000001f8   Data   RO         2245    RESET               startup_stm32f767xx.o
    0x080001f8   0x080001f8   0x00000008   Code   RO         2283  * !!!main             c_w.l(__main.o)
    0x08000200   0x08000200   0x0000005c   Code   RO         2772    !!!scatter          c_w.l(__scatter.o)
    0x0800025c   0x0800025c   0x0000001a   Code   RO         2776    !!handler_copy      c_w.l(__scatter_copy.o)
    0x08000276   0x08000276   0x00000002   PAD
    0x08000278   0x08000278   0x00000002   Code   RO         2773    !!handler_null      c_w.l(__scatter.o)
    0x0800027a   0x0800027a   0x00000002   PAD
    0x0800027c   0x0800027c   0x0000001c   Code   RO         2778    !!handler_zi        c_w.l(__scatter_zi.o)
    0x08000298   0x08000298   0x00000000   Code   RO         2452    .ARM.Collect$$_printf_percent$$00000000  c_w.l(_printf_percent.o)
    0x08000298   0x08000298   0x00000006   Code   RO         2441    .ARM.Collect$$_printf_percent$$00000001  c_w.l(_printf_n.o)
    0x0800029e   0x0800029e   0x00000006   Code   RO         2443    .ARM.Collect$$_printf_percent$$00000002  c_w.l(_printf_p.o)
    0x080002a4   0x080002a4   0x00000006   Code   RO         2448    .ARM.Collect$$_printf_percent$$00000003  c_w.l(_printf_f.o)
    0x080002aa   0x080002aa   0x00000006   Code   RO         2449    .ARM.Collect$$_printf_percent$$00000004  c_w.l(_printf_e.o)
    0x080002b0   0x080002b0   0x00000006   Code   RO         2450    .ARM.Collect$$_printf_percent$$00000005  c_w.l(_printf_g.o)
    0x080002b6   0x080002b6   0x00000006   Code   RO         2451    .ARM.Collect$$_printf_percent$$00000006  c_w.l(_printf_a.o)
    0x080002bc   0x080002bc   0x0000000a   Code   RO         2456    .ARM.Collect$$_printf_percent$$00000007  c_w.l(_printf_ll.o)
    0x080002c6   0x080002c6   0x00000006   Code   RO         2445    .ARM.Collect$$_printf_percent$$00000008  c_w.l(_printf_i.o)
    0x080002cc   0x080002cc   0x00000006   Code   RO         2446    .ARM.Collect$$_printf_percent$$00000009  c_w.l(_printf_d.o)
    0x080002d2   0x080002d2   0x00000006   Code   RO         2447    .ARM.Collect$$_printf_percent$$0000000A  c_w.l(_printf_u.o)
    0x080002d8   0x080002d8   0x00000006   Code   RO         2444    .ARM.Collect$$_printf_percent$$0000000B  c_w.l(_printf_o.o)
    0x080002de   0x080002de   0x00000006   Code   RO         2442    .ARM.Collect$$_printf_percent$$0000000C  c_w.l(_printf_x.o)
    0x080002e4   0x080002e4   0x00000006   Code   RO         2453    .ARM.Collect$$_printf_percent$$0000000D  c_w.l(_printf_lli.o)
    0x080002ea   0x080002ea   0x00000006   Code   RO         2454    .ARM.Collect$$_printf_percent$$0000000E  c_w.l(_printf_lld.o)
    0x080002f0   0x080002f0   0x00000006   Code   RO         2455    .ARM.Collect$$_printf_percent$$0000000F  c_w.l(_printf_llu.o)
    0x080002f6   0x080002f6   0x00000006   Code   RO         2460    .ARM.Collect$$_printf_percent$$00000010  c_w.l(_printf_llo.o)
    0x080002fc   0x080002fc   0x00000006   Code   RO         2461    .ARM.Collect$$_printf_percent$$00000011  c_w.l(_printf_llx.o)
    0x08000302   0x08000302   0x0000000a   Code   RO         2457    .ARM.Collect$$_printf_percent$$00000012  c_w.l(_printf_l.o)
    0x0800030c   0x0800030c   0x00000006   Code   RO         2439    .ARM.Collect$$_printf_percent$$00000013  c_w.l(_printf_c.o)
    0x08000312   0x08000312   0x00000006   Code   RO         2440    .ARM.Collect$$_printf_percent$$00000014  c_w.l(_printf_s.o)
    0x08000318   0x08000318   0x00000006   Code   RO         2458    .ARM.Collect$$_printf_percent$$00000015  c_w.l(_printf_lc.o)
    0x0800031e   0x0800031e   0x00000006   Code   RO         2459    .ARM.Collect$$_printf_percent$$00000016  c_w.l(_printf_ls.o)
    0x08000324   0x08000324   0x00000004   Code   RO         2565    .ARM.Collect$$_printf_percent$$00000017  c_w.l(_printf_percent_end.o)
    0x08000328   0x08000328   0x00000002   Code   RO         2629    .ARM.Collect$$libinit$$00000000  c_w.l(libinit.o)
    0x0800032a   0x0800032a   0x00000004   Code   RO         2645    .ARM.Collect$$libinit$$00000001  c_w.l(libinit2.o)
    0x0800032e   0x0800032e   0x00000000   Code   RO         2648    .ARM.Collect$$libinit$$00000004  c_w.l(libinit2.o)
    0x0800032e   0x0800032e   0x00000000   Code   RO         2650    .ARM.Collect$$libinit$$00000006  c_w.l(libinit2.o)
    0x0800032e   0x0800032e   0x00000000   Code   RO         2653    .ARM.Collect$$libinit$$0000000C  c_w.l(libinit2.o)
    0x0800032e   0x0800032e   0x00000000   Code   RO         2655    .ARM.Collect$$libinit$$0000000E  c_w.l(libinit2.o)
    0x0800032e   0x0800032e   0x00000000   Code   RO         2657    .ARM.Collect$$libinit$$00000010  c_w.l(libinit2.o)
    0x0800032e   0x0800032e   0x00000006   Code   RO         2658    .ARM.Collect$$libinit$$00000011  c_w.l(libinit2.o)
    0x08000334   0x08000334   0x00000000   Code   RO         2660    .ARM.Collect$$libinit$$00000013  c_w.l(libinit2.o)
    0x08000334   0x08000334   0x0000000c   Code   RO         2661    .ARM.Collect$$libinit$$00000014  c_w.l(libinit2.o)
    0x08000340   0x08000340   0x00000000   Code   RO         2662    .ARM.Collect$$libinit$$00000015  c_w.l(libinit2.o)
    0x08000340   0x08000340   0x00000000   Code   RO         2664    .ARM.Collect$$libinit$$00000017  c_w.l(libinit2.o)
    0x08000340   0x08000340   0x0000000a   Code   RO         2665    .ARM.Collect$$libinit$$00000018  c_w.l(libinit2.o)
    0x0800034a   0x0800034a   0x00000000   Code   RO         2666    .ARM.Collect$$libinit$$00000019  c_w.l(libinit2.o)
    0x0800034a   0x0800034a   0x00000000   Code   RO         2668    .ARM.Collect$$libinit$$0000001B  c_w.l(libinit2.o)
    0x0800034a   0x0800034a   0x00000000   Code   RO         2670    .ARM.Collect$$libinit$$0000001D  c_w.l(libinit2.o)
    0x0800034a   0x0800034a   0x00000000   Code   RO         2672    .ARM.Collect$$libinit$$0000001F  c_w.l(libinit2.o)
    0x0800034a   0x0800034a   0x00000000   Code   RO         2674    .ARM.Collect$$libinit$$00000021  c_w.l(libinit2.o)
    0x0800034a   0x0800034a   0x00000000   Code   RO         2676    .ARM.Collect$$libinit$$00000023  c_w.l(libinit2.o)
    0x0800034a   0x0800034a   0x00000000   Code   RO         2678    .ARM.Collect$$libinit$$00000025  c_w.l(libinit2.o)
    0x0800034a   0x0800034a   0x00000000   Code   RO         2680    .ARM.Collect$$libinit$$00000027  c_w.l(libinit2.o)
    0x0800034a   0x0800034a   0x00000000   Code   RO         2684    .ARM.Collect$$libinit$$0000002E  c_w.l(libinit2.o)
    0x0800034a   0x0800034a   0x00000000   Code   RO         2686    .ARM.Collect$$libinit$$00000030  c_w.l(libinit2.o)
    0x0800034a   0x0800034a   0x00000000   Code   RO         2688    .ARM.Collect$$libinit$$00000032  c_w.l(libinit2.o)
    0x0800034a   0x0800034a   0x00000000   Code   RO         2690    .ARM.Collect$$libinit$$00000034  c_w.l(libinit2.o)
    0x0800034a   0x0800034a   0x00000002   Code   RO         2691    .ARM.Collect$$libinit$$00000035  c_w.l(libinit2.o)
    0x0800034c   0x0800034c   0x00000002   Code   RO         2728    .ARM.Collect$$libshutdown$$00000000  c_w.l(libshutdown.o)
    0x0800034e   0x0800034e   0x00000000   Code   RO         2756    .ARM.Collect$$libshutdown$$00000002  c_w.l(libshutdown2.o)
    0x0800034e   0x0800034e   0x00000000   Code   RO         2758    .ARM.Collect$$libshutdown$$00000004  c_w.l(libshutdown2.o)
    0x0800034e   0x0800034e   0x00000000   Code   RO         2761    .ARM.Collect$$libshutdown$$00000007  c_w.l(libshutdown2.o)
    0x0800034e   0x0800034e   0x00000000   Code   RO         2764    .ARM.Collect$$libshutdown$$0000000A  c_w.l(libshutdown2.o)
    0x0800034e   0x0800034e   0x00000000   Code   RO         2766    .ARM.Collect$$libshutdown$$0000000C  c_w.l(libshutdown2.o)
    0x0800034e   0x0800034e   0x00000000   Code   RO         2769    .ARM.Collect$$libshutdown$$0000000F  c_w.l(libshutdown2.o)
    0x0800034e   0x0800034e   0x00000002   Code   RO         2770    .ARM.Collect$$libshutdown$$00000010  c_w.l(libshutdown2.o)
    0x08000350   0x08000350   0x00000000   Code   RO         2364    .ARM.Collect$$rtentry$$00000000  c_w.l(__rtentry.o)
    0x08000350   0x08000350   0x00000000   Code   RO         2527    .ARM.Collect$$rtentry$$00000002  c_w.l(__rtentry2.o)
    0x08000350   0x08000350   0x00000006   Code   RO         2539    .ARM.Collect$$rtentry$$00000004  c_w.l(__rtentry4.o)
    0x08000356   0x08000356   0x00000000   Code   RO         2529    .ARM.Collect$$rtentry$$00000009  c_w.l(__rtentry2.o)
    0x08000356   0x08000356   0x00000004   Code   RO         2530    .ARM.Collect$$rtentry$$0000000A  c_w.l(__rtentry2.o)
    0x0800035a   0x0800035a   0x00000000   Code   RO         2532    .ARM.Collect$$rtentry$$0000000C  c_w.l(__rtentry2.o)
    0x0800035a   0x0800035a   0x00000008   Code   RO         2533    .ARM.Collect$$rtentry$$0000000D  c_w.l(__rtentry2.o)
    0x08000362   0x08000362   0x00000002   Code   RO         2630    .ARM.Collect$$rtexit$$00000000  c_w.l(rtexit.o)
    0x08000364   0x08000364   0x00000000   Code   RO         2697    .ARM.Collect$$rtexit$$00000002  c_w.l(rtexit2.o)
    0x08000364   0x08000364   0x00000004   Code   RO         2698    .ARM.Collect$$rtexit$$00000003  c_w.l(rtexit2.o)
    0x08000368   0x08000368   0x00000006   Code   RO         2699    .ARM.Collect$$rtexit$$00000004  c_w.l(rtexit2.o)
    0x0800036e   0x0800036e   0x00000002   PAD
    0x08000370   0x08000370   0x00000040   Code   RO         2246  * .text               startup_stm32f767xx.o
    0x080003b0   0x080003b0   0x0000002c   Code   RO         2271    .text               c_w.l(sprintf.o)
    0x080003dc   0x080003dc   0x0000004e   Code   RO         2279    .text               c_w.l(rt_memclr_w.o)
    0x0800042a   0x0800042a   0x00000006   Code   RO         2281    .text               c_w.l(heapauxi.o)
    0x08000430   0x08000430   0x0000004e   Code   RO         2373    .text               c_w.l(_printf_pad.o)
    0x0800047e   0x0800047e   0x00000024   Code   RO         2375    .text               c_w.l(_printf_truncate.o)
    0x080004a2   0x080004a2   0x00000052   Code   RO         2377    .text               c_w.l(_printf_str.o)
    0x080004f4   0x080004f4   0x00000078   Code   RO         2379    .text               c_w.l(_printf_dec.o)
    0x0800056c   0x0800056c   0x00000028   Code   RO         2381    .text               c_w.l(_printf_charcount.o)
    0x08000594   0x08000594   0x00000030   Code   RO         2383    .text               c_w.l(_printf_char_common.o)
    0x080005c4   0x080005c4   0x0000000a   Code   RO         2385    .text               c_w.l(_sputc.o)
    0x080005ce   0x080005ce   0x00000002   PAD
    0x080005d0   0x080005d0   0x000000bc   Code   RO         2387    .text               c_w.l(_printf_wctomb.o)
    0x0800068c   0x0800068c   0x0000007c   Code   RO         2390    .text               c_w.l(_printf_longlong_dec.o)
    0x08000708   0x08000708   0x00000070   Code   RO         2396    .text               c_w.l(_printf_oct_int_ll.o)
    0x08000778   0x08000778   0x00000094   Code   RO         2416    .text               c_w.l(_printf_hex_int_ll_ptr.o)
    0x0800080c   0x0800080c   0x00000188   Code   RO         2436    .text               c_w.l(__printf_flags_ss_wp.o)
    0x08000994   0x08000994   0x0000008a   Code   RO         2548    .text               c_w.l(lludiv10.o)
    0x08000a1e   0x08000a1e   0x000000b2   Code   RO         2550    .text               c_w.l(_printf_intcommon.o)
    0x08000ad0   0x08000ad0   0x0000041c   Code   RO         2552    .text               c_w.l(_printf_fp_dec.o)
    0x08000eec   0x08000eec   0x000002fc   Code   RO         2556    .text               c_w.l(_printf_fp_hex.o)
    0x080011e8   0x080011e8   0x0000002c   Code   RO         2561    .text               c_w.l(_printf_char.o)
    0x08001214   0x08001214   0x0000002c   Code   RO         2563    .text               c_w.l(_printf_wchar.o)
    0x08001240   0x08001240   0x00000048   Code   RO         2566    .text               c_w.l(_c16rtomb.o)
    0x08001288   0x08001288   0x00000008   Code   RO         2574    .text               c_w.l(libspace.o)
    0x08001290   0x08001290   0x0000004a   Code   RO         2577    .text               c_w.l(sys_stackheap_outer.o)
    0x080012da   0x080012da   0x00000002   PAD
    0x080012dc   0x080012dc   0x00000010   Code   RO         2579    .text               c_w.l(rt_ctype_table.o)
    0x080012ec   0x080012ec   0x00000008   Code   RO         2584    .text               c_w.l(rt_locale_intlibspace.o)
    0x080012f4   0x080012f4   0x00000080   Code   RO         2586    .text               c_w.l(_printf_fp_infnan.o)
    0x08001374   0x08001374   0x000000e4   Code   RO         2588    .text               c_w.l(bigflt0.o)
    0x08001458   0x08001458   0x00000012   Code   RO         2618    .text               c_w.l(exit.o)
    0x0800146a   0x0800146a   0x00000006   PAD
    0x08001470   0x08001470   0x0000007c   Code   RO         2643    .text               c_w.l(strcmpv7m_pel.o)
    0x080014ec   0x080014ec   0x0000000c   Code   RO         2692    .text               c_w.l(sys_exit.o)
    0x080014f8   0x080014f8   0x00000002   Code   RO         2717    .text               c_w.l(use_no_semi.o)
    0x080014fa   0x080014fa   0x00000000   Code   RO         2719    .text               c_w.l(indicate_semi.o)
    0x080014fa   0x080014fa   0x00000006   PAD
    0x08001500   0x08001500   0x00000012   Code   RO           50    .text.SysTick_Handler  signals_lab02.o
    0x08001512   0x08001512   0x00000006   PAD
    0x08001518   0x08001518   0x00000012   Code   RO         2252    .text.SystemInit    system_stm32f7xx.o
    0x0800152a   0x0800152a   0x00000006   PAD
    0x08001530   0x08001530   0x000000b0   Code   RO           46    .text.TIM4_IRQHandler  signals_lab02.o
    0x080015e0   0x080015e0   0x00000020   Code   RO           48    .text.TIM5_IRQHandler  signals_lab02.o
    0x08001600   0x08001600   0x00000076   Code   RO           44    .text.USART3_IRQHandler  signals_lab02.o
    0x08001676   0x08001676   0x00000002   PAD
    0x08001678   0x08001678   0x00000078   Code   RO           10    .text._Z10GPIO_SETUPv  signals_lab02.o
    0x080016f0   0x080016f0   0x00000012   Code   RO          107    .text._Z10I2C1_Startv  i2c.o
    0x08001702   0x08001702   0x00000006   PAD
    0x08001708   0x08001708   0x00000070   Code   RO          113    .text._Z10I2C1_WritePiih  i2c.o
    0x08001778   0x08001778   0x00000038   Code   RO           16    .text._Z10Ms_Counterv  signals_lab02.o
    0x080017b0   0x080017b0   0x0000002e   Code   RO           12    .text._Z11USART_SETUPv  signals_lab02.o
    0x080017de   0x080017de   0x00000002   PAD
    0x080017e0   0x080017e0   0x00000010   Code   RO           20    .text._Z11Usart_Functv  signals_lab02.o
    0x080017f0   0x080017f0   0x0000008c   Code   RO          109    .text._Z12I2C1_Addresshhih  i2c.o
    0x0800187c   0x0800187c   0x00000004   PAD
    0x08001880   0x08001880   0x0000001c   Code   RO            4    .text._Z12SysTick_Initv  signals_lab02.o
    0x0800189c   0x0800189c   0x00000004   PAD
    0x080018a0   0x080018a0   0x00000120   Code   RO          136    .text._Z13MPU_Read_Gyrov  mpu_6050.o
    0x080019c0   0x080019c0   0x00000032   Code   RO           24    .text._Z13Serial_bufferPc  signals_lab02.o
    0x080019f2   0x080019f2   0x00000006   PAD
    0x080019f8   0x080019f8   0x00000038   Code   RO          154    .text._Z13get_Acc_arrayPf  mpu_6050.o
    0x08001a30   0x08001a30   0x00000038   Code   RO          126    .text._Z13get_Gyr_arrayPf  mpu_6050.o
    0x08001a68   0x08001a68   0x00000036   Code   RO           22    .text._Z14LowPass_Filterf  signals_lab02.o
    0x08001a9e   0x08001a9e   0x00000002   PAD
    0x08001aa0   0x08001aa0   0x000000c8   Code   RO          134    .text._Z14MPU_Read_Accelv  mpu_6050.o
    0x08001b68   0x08001b68   0x0000002a   Code   RO           36    .text._Z15USART3_SendChari  signals_lab02.o
    0x08001b92   0x08001b92   0x00000006   PAD
    0x08001b98   0x08001b98   0x00000054   Code   RO           18    .text._Z8Delay_mst  signals_lab02.o
    0x08001bec   0x08001bec   0x00000004   PAD
    0x08001bf0   0x08001bf0   0x000000c6   Code   RO          132    .text._Z8MPU_Initv  mpu_6050.o
    0x08001cb6   0x08001cb6   0x00000002   PAD
    0x08001cb8   0x08001cb8   0x00000068   Code   RO          130    .text._Z8MPU_Readhih  mpu_6050.o
    0x08001d20   0x08001d20   0x000000cc   Code   RO          124    .text._Z9Gyr_Calibv  mpu_6050.o
    0x08001dec   0x08001dec   0x00000004   PAD
    0x08001df0   0x08001df0   0x00000070   Code   RO          115    .text._Z9I2C1_ReadPihi  i2c.o
    0x08001e60   0x08001e60   0x00000012   Code   RO          111    .text._Z9I2C1_Stopv  i2c.o
    0x08001e72   0x08001e72   0x00000006   PAD
    0x08001e78   0x08001e78   0x000000a8   Code   RO          105    .text._Z9I2C_SETUPv  i2c.o
    0x08001f20   0x08001f20   0x00000042   Code   RO          128    .text._Z9MPU_Writehih  mpu_6050.o
    0x08001f62   0x08001f62   0x00000006   PAD
    0x08001f68   0x08001f68   0x0000003a   Code   RO            8    .text._Z9RCC_SETUPv  signals_lab02.o
    0x08001fa2   0x08001fa2   0x00000006   PAD
    0x08001fa8   0x08001fa8   0x000000e6   Code   RO           14    .text._Z9TIM_SETUPv  signals_lab02.o
    0x0800208e   0x0800208e   0x00000002   PAD
    0x08002090   0x08002090   0x00000030   Code   RO            6    .text._ZL16__NVIC_EnableIRQ9IRQn_Type  signals_lab02.o
    0x080020c0   0x080020c0   0x000000ce   Code   RO          976    .text.arm_fir_f32   filteringfunctions.o
    0x0800218e   0x0800218e   0x00000002   PAD
    0x08002190   0x08002190   0x00000040   Code   RO          984    .text.arm_fir_init_f32  filteringfunctions.o
    0x080021d0   0x080021d0   0x00000098   Code   RO            2    .text.main          signals_lab02.o
    0x08002268   0x08002268   0x0000003e   Code   RO         2591    CL$$btod_d2e        c_w.l(btod.o)
    0x080022a6   0x080022a6   0x00000046   Code   RO         2593    CL$$btod_d2e_denorm_low  c_w.l(btod.o)
    0x080022ec   0x080022ec   0x00000060   Code   RO         2592    CL$$btod_d2e_norm_op1  c_w.l(btod.o)
    0x0800234c   0x0800234c   0x00000338   Code   RO         2601    CL$$btod_div_common  c_w.l(btod.o)
    0x08002684   0x08002684   0x000000dc   Code   RO         2598    CL$$btod_e2e        c_w.l(btod.o)
    0x08002760   0x08002760   0x0000002a   Code   RO         2595    CL$$btod_ediv       c_w.l(btod.o)
    0x0800278a   0x0800278a   0x0000002a   Code   RO         2594    CL$$btod_emul       c_w.l(btod.o)
    0x080027b4   0x080027b4   0x00000244   Code   RO         2600    CL$$btod_mult_common  c_w.l(btod.o)
    0x080029f8   0x080029f8   0x00000030   Code   RO         2494    i.__ARM_fpclassify  m_wv.l(fpclassify.o)
    0x08002a28   0x08002a28   0x0000000e   Code   RO         2429    i._is_digit         c_w.l(__printf_wp.o)
    0x08002a36   0x08002a36   0x00000002   PAD
    0x08002a38   0x08002a38   0x0000002c   Code   RO         2616    locale$$code        c_w.l(lc_numeric_c.o)
    0x08002a64   0x08002a64   0x0000002c   Code   RO         2637    locale$$code        c_w.l(lc_ctype_c.o)
    0x08002a90   0x08002a90   0x0000001a   Code   RO         2711    x$fpl$fpinit        fz_wv.l(fpinit.o)
    0x08002aaa   0x08002aaa   0x00000004   Code   RO         2468    x$fpl$printf1       fz_wv.l(printf1.o)
    0x08002aae   0x08002aae   0x00000004   Code   RO         2470    x$fpl$printf2       fz_wv.l(printf2.o)
    0x08002ab2   0x08002ab2   0x00000000   Code   RO         2476    x$fpl$usenofp       fz_wv.l(usenofp.o)
    0x08002ab2   0x08002ab2   0x00000002   PAD
    0x08002ab4   0x08002ab4   0x00000008   Data   RO         2388    .constdata          c_w.l(_printf_wctomb.o)
    0x08002abc   0x08002abc   0x00000028   Data   RO         2417    .constdata          c_w.l(_printf_hex_int_ll_ptr.o)
    0x08002ae4   0x08002ae4   0x00000011   Data   RO         2437    .constdata          c_w.l(__printf_flags_ss_wp.o)
    0x08002af5   0x08002af5   0x00000026   Data   RO         2557    .constdata          c_w.l(_printf_fp_hex.o)
    0x08002b1b   0x08002b1b   0x00000001   PAD
    0x08002b1c   0x08002b1c   0x00000094   Data   RO         2589    .constdata          c_w.l(bigflt0.o)
    0x08002bb0   0x08002bb0   0x00000013   Data   RO           93    .rodata.str1.1      signals_lab02.o
    0x08002bc3   0x08002bc3   0x00000001   PAD
    0x08002bc4   0x08002bc4   0x00000020   Data   RO         2771    Region$$Table       anon$$obj.o
    0x08002be4   0x08002be4   0x0000001c   Data   RO         2615    locale$$data        c_w.l(lc_numeric_c.o)
    0x08002c00   0x08002c00   0x00000110   Data   RO         2636    locale$$data        c_w.l(lc_ctype_c.o)


    Execution Region ER_RW (Exec base: 0x20020000, Load base: 0x08002d10, Size: 0x00000054, Max: 0xffffffff, ABSOLUTE)

    Exec Addr    Load Addr    Size         Type   Attr      Idx    E Section Name        Object

    0x20020000   0x08002d10   0x00000054   Data   RW           88    .data.fir_coef      signals_lab02.o


    Execution Region ER_ZI (Exec base: 0x20020058, Load base: 0x08002d64, Size: 0x00000818, Max: 0xffffffff, ABSOLUTE)

    Exec Addr    Load Addr    Size         Type   Attr      Idx    E Section Name        Object

    0x20020058        -       0x00000060   Zero   RW         2575    .bss                c_w.l(libspace.o)
    0x200200b8        -       0x00000002   Zero   RW          164    .bss.Accel_X_RAW    mpu_6050.o
    0x200200ba        -       0x00000002   Zero   RW          165    .bss.Accel_Y_RAW    mpu_6050.o
    0x200200bc        -       0x00000002   Zero   RW          166    .bss.Accel_Z_RAW    mpu_6050.o
    0x200200be   0x08002d64   0x00000002   PAD
    0x200200c0        -       0x00000004   Zero   RW          171    .bss.Ax             mpu_6050.o
    0x200200c4        -       0x00000004   Zero   RW          172    .bss.Ay             mpu_6050.o
    0x200200c8        -       0x00000004   Zero   RW          173    .bss.Az             mpu_6050.o
    0x200200cc        -       0x00000004   Zero   RW          174    .bss.Gx             mpu_6050.o
    0x200200d0        -       0x00000004   Zero   RW          178    .bss.Gx_offs        mpu_6050.o
    0x200200d4        -       0x00000004   Zero   RW          175    .bss.Gy             mpu_6050.o
    0x200200d8        -       0x00000004   Zero   RW          179    .bss.Gy_offs        mpu_6050.o
    0x200200dc        -       0x0000000c   Zero   RW          182    .bss.Gyr_offs       mpu_6050.o
    0x200200e8        -       0x00000002   Zero   RW          167    .bss.Gyro_X_RAW     mpu_6050.o
    0x200200ea        -       0x00000002   Zero   RW          168    .bss.Gyro_Y_RAW     mpu_6050.o
    0x200200ec        -       0x00000002   Zero   RW          169    .bss.Gyro_Z_RAW     mpu_6050.o
    0x200200ee   0x08002d64   0x00000002   PAD
    0x200200f0        -       0x00000004   Zero   RW          176    .bss.Gz             mpu_6050.o
    0x200200f4        -       0x00000004   Zero   RW          180    .bss.Gz_offs        mpu_6050.o
    0x200200f8        -       0x0000000c   Zero   RW           54    .bss.acc            signals_lab02.o
    0x20020104   0x08002d64   0x00000004   PAD
    0x20020108        -       0x00000008   Zero   RW           75    .bss.dt             signals_lab02.o
    0x20020110        -       0x00000004   Zero   RW           85    .bss.filtered_signal  signals_lab02.o
    0x20020114        -       0x00000004   Zero   RW           91    .bss.fir_in         signals_lab02.o
    0x20020118        -       0x0000000c   Zero   RW           90    .bss.fir_instance   signals_lab02.o
    0x20020124        -       0x00000004   Zero   RW           92    .bss.fir_out        signals_lab02.o
    0x20020128        -       0x00000054   Zero   RW           89    .bss.fir_state      signals_lab02.o
    0x2002017c        -       0x00000004   Zero   RW          181    .bss.gyr_offs_ready  mpu_6050.o
    0x20020180        -       0x00000018   Zero   RW           77    .bss.roll_pitch_yaw  signals_lab02.o
    0x20020198        -       0x00000050   Zero   RW          190    .bss.rx_data        mpu_6050.o
    0x200201e8        -       0x00000050   Zero   RW          189    .bss.tx_data        mpu_6050.o
    0x20020238        -       0x00000032   Zero   RW           78    .bss.txt            signals_lab02.o
    0x2002026a   0x08002d64   0x00000006   PAD
    0x20020270        -       0x00000200   Zero   RW         2244    HEAP                startup_stm32f767xx.o
    0x20020470        -       0x00000400   Zero   RW         2243    STACK               startup_stm32f767xx.o


==============================================================================

Image component sizes


      Code (inc. data)   RO Data    RW Data    ZI Data      Debug   Object Name

       270          0          0          0          0     117916   filteringfunctions.o
       568          0          0          0          0       4038   i2c.o
      1172         20          0          0        224      21335   mpu_6050.o
      1328          8         19         84        202      29313   signals_lab02.o
        64         26        504          0       1536        916   startup_stm32f767xx.o
        18          0          0          0          0       3442   system_stm32f7xx.o

    ----------------------------------------------------------------------
      3496         58        556         84       1976     176960   Object Totals
         0          0         32          0          0          0   (incl. Generated)
        76          4          1          0         14          0   (incl. Padding)

    ----------------------------------------------------------------------

      Code (inc. data)   RO Data    RW Data    ZI Data      Debug   Library Member Name

         8          0          0          0          0         68   __main.o
       392          4         17          0          0         92   __printf_flags_ss_wp.o
        14          0          0          0          0         68   __printf_wp.o
         0          0          0          0          0          0   __rtentry.o
        12          0          0          0          0          0   __rtentry2.o
         6          0          0          0          0          0   __rtentry4.o
        94          8          0          0          0          0   __scatter.o
        26          0          0          0          0          0   __scatter_copy.o
        28          0          0          0          0          0   __scatter_zi.o
        72          0          0          0          0         96   _c16rtomb.o
         6          0          0          0          0          0   _printf_a.o
         6          0          0          0          0          0   _printf_c.o
        44          0          0          0          0        108   _printf_char.o
        48          6          0          0          0         96   _printf_char_common.o
        40          0          0          0          0         68   _printf_charcount.o
         6          0          0          0          0          0   _printf_d.o
       120         16          0          0          0         92   _printf_dec.o
         6          0          0          0          0          0   _printf_e.o
         6          0          0          0          0          0   _printf_f.o
      1052          0          0          0          0        148   _printf_fp_dec.o
       764          8         38          0          0        100   _printf_fp_hex.o
       128         16          0          0          0         84   _printf_fp_infnan.o
         6          0          0          0          0          0   _printf_g.o
       148          4         40          0          0        160   _printf_hex_int_ll_ptr.o
         6          0          0          0          0          0   _printf_i.o
       178          0          0          0          0         88   _printf_intcommon.o
        10          0          0          0          0          0   _printf_l.o
         6          0          0          0          0          0   _printf_lc.o
        10          0          0          0          0          0   _printf_ll.o
         6          0          0          0          0          0   _printf_lld.o
         6          0          0          0          0          0   _printf_lli.o
         6          0          0          0          0          0   _printf_llo.o
         6          0          0          0          0          0   _printf_llu.o
         6          0          0          0          0          0   _printf_llx.o
       124         16          0          0          0         92   _printf_longlong_dec.o
         6          0          0          0          0          0   _printf_ls.o
         6          0          0          0          0          0   _printf_n.o
         6          0          0          0          0          0   _printf_o.o
       112          8          0          0          0        124   _printf_oct_int_ll.o
         6          0          0          0          0          0   _printf_p.o
        78          0          0          0          0        108   _printf_pad.o
         0          0          0          0          0          0   _printf_percent.o
         4          0          0          0          0          0   _printf_percent_end.o
         6          0          0          0          0          0   _printf_s.o
        82          0          0          0          0         80   _printf_str.o
        36          0          0          0          0         84   _printf_truncate.o
         6          0          0          0          0          0   _printf_u.o
        44          0          0          0          0        108   _printf_wchar.o
       188          6          8          0          0         92   _printf_wctomb.o
         6          0          0          0          0          0   _printf_x.o
        10          0          0          0          0         68   _sputc.o
       228          4        148          0          0         96   bigflt0.o
      1936        128          0          0          0        668   btod.o
        18          0          0          0          0         80   exit.o
         6          0          0          0          0        152   heapauxi.o
         0          0          0          0          0          0   indicate_semi.o
        44         10        272          0          0         76   lc_ctype_c.o
        44         10         28          0          0         76   lc_numeric_c.o
         2          0          0          0          0          0   libinit.o
        34          0          0          0          0          0   libinit2.o
         2          0          0          0          0          0   libshutdown.o
         2          0          0          0          0          0   libshutdown2.o
         8          4          0          0         96         68   libspace.o
       138          0          0          0          0         80   lludiv10.o
        16          4          0          0          0         76   rt_ctype_table.o
         8          4          0          0          0         68   rt_locale_intlibspace.o
        78          0          0          0          0         80   rt_memclr_w.o
         2          0          0          0          0          0   rtexit.o
        10          0          0          0          0          0   rtexit2.o
        44          6          0          0          0         84   sprintf.o
       124          0          0          0          0         88   strcmpv7m_pel.o
        12          4          0          0          0         68   sys_exit.o
        74          0          0          0          0         80   sys_stackheap_outer.o
         2          0          0          0          0         68   use_no_semi.o
        26          0          0          0          0        116   fpinit.o
         4          0          0          0          0        116   printf1.o
         4          0          0          0          0        116   printf2.o
         0          0          0          0          0          0   usenofp.o
        48          0          0          0          0        124   fpclassify.o

    ----------------------------------------------------------------------
      6932        266        552          0         96       4404   Library Totals
        26          0          1          0          0          0   (incl. Padding)

    ----------------------------------------------------------------------

      Code (inc. data)   RO Data    RW Data    ZI Data      Debug   Library Name

      6824        266        551          0         96       3932   c_w.l
        34          0          0          0          0        348   fz_wv.l
        48          0          0          0          0        124   m_wv.l

    ----------------------------------------------------------------------
      6932        266        552          0         96       4404   Library Totals

    ----------------------------------------------------------------------

==============================================================================


      Code (inc. data)   RO Data    RW Data    ZI Data      Debug   

     10428        324       1108         84       2072     179072   Grand Totals
     10428        324       1108         84       2072     179072   ELF Image Totals
     10428        324       1108         84          0          0   ROM Totals

==============================================================================

    Total RO  Size (Code + RO Data)                11536 (  11.27kB)
    Total RW  Size (RW Data + ZI Data)              2156 (   2.11kB)
    Total ROM Size (Code + RO Data + RW Data)      11620 (  11.35kB)

==============================================================================

