Component: ARM Compiler 6.14 Tool: armlink [5db06800]

==============================================================================

Section Cross References

    fir_iir_filter.o(.text.main) refers to fir_iir_filter.o(.text._Z9Clock_PLLiiii) for Clock_PLL(int, int, int, int)
    fir_iir_filter.o(.text.main) refers to fir_iir_filter.o(.bss.fir_instance) for fir_instance
    fir_iir_filter.o(.text.main) refers to fir_iir_filter.o(.data.fir_coef) for fir_coef
    fir_iir_filter.o(.text.main) refers to fir_iir_filter.o(.bss.fir_state) for fir_state
    fir_iir_filter.o(.text.main) refers to filteringfunctions.o(.text.arm_fir_init_f32) for arm_fir_init_f32
    fir_iir_filter.o(.text.main) refers to fir_iir_filter.o(.bss.fir_HP_instance) for fir_HP_instance
    fir_iir_filter.o(.text.main) refers to fir_iir_filter.o(.data.fir_HP_coef) for fir_HP_coef
    fir_iir_filter.o(.text.main) refers to fir_iir_filter.o(.bss.fir_HP_state) for fir_HP_state
    fir_iir_filter.o(.text.main) refers to fir_iir_filter.o(.bss.fir_BP_instance) for fir_BP_instance
    fir_iir_filter.o(.text.main) refers to fir_iir_filter.o(.data.fir_BP_coef) for fir_BP_coef
    fir_iir_filter.o(.text.main) refers to fir_iir_filter.o(.bss.fir_BP_state) for fir_BP_state
    fir_iir_filter.o(.text.main) refers to fir_iir_filter.o(.bss.iirFilter) for iirFilter
    fir_iir_filter.o(.text.main) refers to fir_iir_filter.o(.data.iir_coeffs) for iir_coeffs
    fir_iir_filter.o(.text.main) refers to fir_iir_filter.o(.bss.iir_state) for iir_state
    fir_iir_filter.o(.text.main) refers to filteringfunctions.o(.text.arm_biquad_cascade_df2T_init_f32) for arm_biquad_cascade_df2T_init_f32
    fir_iir_filter.o(.text.main) refers to fir_iir_filter.o(.bss.iir_HP_Filter) for iir_HP_Filter
    fir_iir_filter.o(.text.main) refers to fir_iir_filter.o(.data.iir_HP_coeffs) for iir_HP_coeffs
    fir_iir_filter.o(.text.main) refers to fir_iir_filter.o(.bss.iir_HP_state) for iir_HP_state
    fir_iir_filter.o(.text.main) refers to fir_iir_filter.o(.bss.iir_BP_Filter) for iir_BP_Filter
    fir_iir_filter.o(.text.main) refers to fir_iir_filter.o(.data.iir_BP_coeffs) for iir_BP_coeffs
    fir_iir_filter.o(.text.main) refers to fir_iir_filter.o(.bss.iir_BP_state) for iir_BP_state
    fir_iir_filter.o(.text.main) refers to fir_iir_filter.o(.text._Z9RCC_SETUPv) for RCC_SETUP()
    fir_iir_filter.o(.text.main) refers to fir_iir_filter.o(.text._Z9ADC_SETUPv) for ADC_SETUP()
    fir_iir_filter.o(.text.main) refers to fir_iir_filter.o(.text._Z9DAC_SETUPv) for DAC_SETUP()
    fir_iir_filter.o(.text.main) refers to fir_iir_filter.o(.text._Z10GPIO_SETUPv) for GPIO_SETUP()
    fir_iir_filter.o(.text.main) refers to fir_iir_filter.o(.text._Z10TIM_Configv) for TIM_Config()
    fir_iir_filter.o(.text.main) refers to fir_iir_filter.o(.text._Z11USART_SETUPv) for USART_SETUP()
    fir_iir_filter.o(.text.main) refers to fir_iir_filter.o(.bss.adc) for adc
    fir_iir_filter.o(.text.main) refers to fir_iir_filter.o(.text._Z3mapiiiii) for map(int, int, int, int, int)
    fir_iir_filter.o(.text.main) refers to fir_iir_filter.o(.bss.adc_mapped) for adc_mapped
    fir_iir_filter.o(.text.main) refers to fir_iir_filter.o(.bss.send) for send
    fir_iir_filter.o(.text.main) refers to fir_iir_filter.o(.bss.tx_txt) for tx_txt
    fir_iir_filter.o(.text.main) refers to fir_iir_filter.o(.rodata.str1.1) for .L.str
    fir_iir_filter.o(.text.main) refers to sprintf.o(.text) for sprintf
    fir_iir_filter.o(.text.main) refers to fir_iir_filter.o(.text._Z13Serial_bufferPc) for Serial_buffer(char*)
    fir_iir_filter.o(.ARM.exidx.text.main) refers to fir_iir_filter.o(.text.main) for [Anonymous Symbol]
    fir_iir_filter.o(.ARM.exidx.text._Z9Clock_PLLiiii) refers to fir_iir_filter.o(.text._Z9Clock_PLLiiii) for [Anonymous Symbol]
    fir_iir_filter.o(.ARM.exidx.text._Z9RCC_SETUPv) refers to fir_iir_filter.o(.text._Z9RCC_SETUPv) for [Anonymous Symbol]
    fir_iir_filter.o(.text._Z9ADC_SETUPv) refers to fir_iir_filter.o(.text._ZL16__NVIC_EnableIRQ9IRQn_Type) for _ZL16__NVIC_EnableIRQ9IRQn_Type
    fir_iir_filter.o(.ARM.exidx.text._Z9ADC_SETUPv) refers to fir_iir_filter.o(.text._Z9ADC_SETUPv) for [Anonymous Symbol]
    fir_iir_filter.o(.ARM.exidx.text._Z9DAC_SETUPv) refers to fir_iir_filter.o(.text._Z9DAC_SETUPv) for [Anonymous Symbol]
    fir_iir_filter.o(.ARM.exidx.text._Z10GPIO_SETUPv) refers to fir_iir_filter.o(.text._Z10GPIO_SETUPv) for [Anonymous Symbol]
    fir_iir_filter.o(.text._Z10TIM_Configv) refers to fir_iir_filter.o(.text._ZL16__NVIC_EnableIRQ9IRQn_Type) for _ZL16__NVIC_EnableIRQ9IRQn_Type
    fir_iir_filter.o(.ARM.exidx.text._Z10TIM_Configv) refers to fir_iir_filter.o(.text._Z10TIM_Configv) for [Anonymous Symbol]
    fir_iir_filter.o(.ARM.exidx.text._Z11USART_SETUPv) refers to fir_iir_filter.o(.text._Z11USART_SETUPv) for [Anonymous Symbol]
    fir_iir_filter.o(.ARM.exidx.text._Z3mapiiiii) refers to fir_iir_filter.o(.text._Z3mapiiiii) for [Anonymous Symbol]
[...]
    .ARM.Collect$$libinit$$00000033          0x0800036e   Section        2  libinit2.o(.ARM.Collect$$libinit$$00000033)
    .ARM.Collect$$libshutdown$$00000000      0x08000370   Section        2  libshutdown.o(.ARM.Collect$$libshutdown$$00000000)
    .ARM.Collect$$libshutdown$$00000002      0x08000372   Section        0  libshutdown2.o(.ARM.Collect$$libshutdown$$00000002)
    .ARM.Collect$$libshutdown$$00000004      0x08000372   Section        0  libshutdown2.o(.ARM.Collect$$libshutdown$$00000004)
    .ARM.Collect$$libshutdown$$00000007      0x08000372   Section        0  libshutdown2.o(.ARM.Collect$$libshutdown$$00000007)
    .ARM.Collect$$libshutdown$$0000000A      0x08000372   Section        0  libshutdown2.o(.ARM.Collect$$libshutdown$$0000000A)
    .ARM.Collect$$libshutdown$$0000000C      0x08000372   Section        0  libshutdown2.o(.ARM.Collect$$libshutdown$$0000000C)
    .ARM.Collect$$libshutdown$$0000000F      0x08000372   Section        0  libshutdown2.o(.ARM.Collect$$libshutdown$$0000000F)
    .ARM.Collect$$libshutdown$$00000010      0x08000372   Section        2  libshutdown2.o(.ARM.Collect$$libshutdown$$00000010)
    .ARM.Collect$$rtentry$$00000000          0x08000374   Section        0  __rtentry.o(.ARM.Collect$$rtentry$$00000000)
    .ARM.Collect$$rtentry$$00000002          0x08000374   Section        0  __rtentry2.o(.ARM.Collect$$rtentry$$00000002)
    .ARM.Collect$$rtentry$$00000004          0x08000374   Section        6  __rtentry4.o(.ARM.Collect$$rtentry$$00000004)
    .ARM.Collect$$rtentry$$00000009          0x0800037a   Section        0  __rtentry2.o(.ARM.Collect$$rtentry$$00000009)
    .ARM.Collect$$rtentry$$0000000A          0x0800037a   Section        4  __rtentry2.o(.ARM.Collect$$rtentry$$0000000A)
    .ARM.Collect$$rtentry$$0000000C          0x0800037e   Section        0  __rtentry2.o(.ARM.Collect$$rtentry$$0000000C)
    .ARM.Collect$$rtentry$$0000000D          0x0800037e   Section        8  __rtentry2.o(.ARM.Collect$$rtentry$$0000000D)
    .ARM.Collect$$rtexit$$00000000           0x08000386   Section        2  rtexit.o(.ARM.Collect$$rtexit$$00000000)
    .ARM.Collect$$rtexit$$00000002           0x08000388   Section        0  rtexit2.o(.ARM.Collect$$rtexit$$00000002)
    .ARM.Collect$$rtexit$$00000003           0x08000388   Section        4  rtexit2.o(.ARM.Collect$$rtexit$$00000003)
    .ARM.Collect$$rtexit$$00000004           0x0800038c   Section        6  rtexit2.o(.ARM.Collect$$rtexit$$00000004)
    .emb_text                                0x08000394   Section        4  argv_veneer.o(.emb_text)
    $v0                                      0x08000398   Number         0  startup_stm32f767xx.o(.text)
    .text                                    0x08000398   Section       64  startup_stm32f767xx.o(.text)
    .text                                    0x080003d8   Section        0  sprintf.o(.text)
    .text                                    0x08000404   Section       78  rt_memclr_w.o(.text)
    .text                                    0x08000452   Section        0  heapauxi.o(.text)
    .text                                    0x08000458   Section        0  _rserrno.o(.text)
    .text                                    0x0800046e   Section        0  _printf_pad.o(.text)
    .text                                    0x080004bc   Section        0  _printf_truncate.o(.text)
    .text                                    0x080004e0   Section        0  _printf_str.o(.text)
    .text                                    0x08000534   Section        0  _printf_dec.o(.text)
    .text                                    0x080005ac   Section        0  _printf_charcount.o(.text)
    _printf_input_char                       0x080005d5   Thumb Code    10  _printf_char_common.o(.text)
    .text                                    0x080005d4   Section        0  _printf_char_common.o(.text)
    .text                                    0x08000604   Section        0  _sputc.o(.text)
    .text                                    0x08000610   Section        0  _printf_wctomb.o(.text)
    .text                                    0x080006cc   Section        0  _printf_longlong_dec.o(.text)
    _printf_longlong_oct_internal            0x08000749   Thumb Code     0  _printf_oct_int_ll.o(.text)
    .text                                    0x08000748   Section        0  _printf_oct_int_ll.o(.text)
    _printf_hex_common                       0x080007b9   Thumb Code     0  _printf_hex_int_ll_ptr.o(.text)
    .text                                    0x080007b8   Section        0  _printf_hex_int_ll_ptr.o(.text)
    .text                                    0x0800084c   Section        0  __printf_flags_ss_wp.o(.text)
    .text                                    0x080009d4   Section        8  rt_errno_addr_intlibspace.o(.text)
    .text                                    0x080009dc   Section      138  lludiv10.o(.text)
    .text                                    0x08000a66   Section        0  _printf_intcommon.o(.text)
    _fp_digits                               0x08000b19   Thumb Code   432  _printf_fp_dec.o(.text)
    .text                                    0x08000b18   Section        0  _printf_fp_dec.o(.text)
    .text                                    0x08000f34   Section        0  _printf_fp_hex.o(.text)
    .text                                    0x08001230   Section        0  _printf_char.o(.text)
    .text                                    0x0800125c   Section        0  _printf_wchar.o(.text)
    .text                                    0x08001288   Section        0  _c16rtomb.o(.text)
    .text                                    0x080012d0   Section        8  libspace.o(.text)
    .text                                    0x080012d8   Section       74  sys_stackheap_outer.o(.text)
    .text                                    0x08001324   Section       16  rt_ctype_table.o(.text)
    .text                                    0x08001334   Section        8  rt_locale_intlibspace.o(.text)
    .text                                    0x0800133c   Section        0  _printf_fp_infnan.o(.text)
    .text                                    0x080013bc   Section        0  bigflt0.o(.text)
    .text                                    0x080014a0   Section        0  exit.o(.text)
    .text                                    0x080014b2   Section        0  defsig_exit.o(.text)
    .text                                    0x080014c0   Section      124  strcmpv7m_pel.o(.text)
    .text                                    0x0800153c   Section        0  sys_exit.o(.text)
    .text                                    0x08001548   Section        0  defsig_general.o(.text)
    .text                                    0x0800157a   Section        0  sys_wrch.o(.text)
    .text                                    0x08001588   Section        2  use_no_semi.o(.text)
    .text                                    0x0800158a   Section        0  indicate_semi.o(.text)
    .text                                    0x0800158a   Section        0  _get_argv_nomalloc.o(.text)
    .text                                    0x080016b8   Section        0  sys_command.o(.text)
    .text                                    0x080016d0   Section        0  hrguard.o(.text)
    .text                                    0x080016d4   Section        0  defsig_rtmem_inner.o(.text)
    .text                                    0x08001724   Section        0  defsig_rtmem_outer.o(.text)
    [Anonymous Symbol]                       0x08001738   Section        0  fir_iir_filter.o(.text.ADC_IRQHandler)
    [Anonymous Symbol]                       0x08001750   Section        0  system_stm32f7xx.o(.text.SystemInit)
    [Anonymous Symbol]                       0x08001768   Section        0  fir_iir_filter.o(.text.TIM4_IRQHandler)
    [Anonymous Symbol]                       0x080017f8   Section        0  fir_iir_filter.o(.text.TIM5_IRQHandler)
    [Anonymous Symbol]                       0x08001810   Section        0  fir_iir_filter.o(.text.TIM7_IRQHandler)
    [Anonymous Symbol]                       0x080018f8   Section        0  fir_iir_filter.o(.text._Z10GPIO_SETUPv)
    [Anonymous Symbol]                       0x08001980   Section        0  fir_iir_filter.o(.text._Z10TIM_Configv)
    [Anonymous Symbol]                       0x08001aa8   Section        0  fir_iir_filter.o(.text._Z11USART_SETUPv)
    [Anonymous Symbol]                       0x08001ad0   Section        0  fir_iir_filter.o(.text._Z13Serial_bufferPc)
    [Anonymous Symbol]                       0x08001b00   Section        0  fir_iir_filter.o(.text._Z15USART3_SendChari)
    [Anonymous Symbol]                       0x08001b30   Section        0  fir_iir_filter.o(.text._Z19BandPass_Filter_IIRf)
    [Anonymous Symbol]                       0x08001b68   Section        0  fir_iir_filter.o(.text._Z3mapiiiii)
    [Anonymous Symbol]                       0x08001bd8   Section        0  fir_iir_filter.o(.text._Z9ADC_SETUPv)
    [Anonymous Symbol]                       0x08001c30   Section        0  fir_iir_filter.o(.text._Z9Clock_PLLiiii)
    [Anonymous Symbol]                       0x08001d00   Section        0  fir_iir_filter.o(.text._Z9DAC_SETUPv)
    [Anonymous Symbol]                       0x08001d18   Section        0  fir_iir_filter.o(.text._Z9RCC_SETUPv)
    _ZL16__NVIC_EnableIRQ9IRQn_Type          0x08001d51   Thumb Code    52  fir_iir_filter.o(.text._ZL16__NVIC_EnableIRQ9IRQn_Type)
    [Anonymous Symbol]                       0x08001d50   Section        0  fir_iir_filter.o(.text._ZL16__NVIC_EnableIRQ9IRQn_Type)
    [Anonymous Symbol]                       0x08001d88   Section        0  filteringfunctions.o(.text.arm_biquad_cascade_df2T_f32)
    [Anonymous Symbol]                       0x08001e98   Section        0  filteringfunctions.o(.text.arm_biquad_cascade_df2T_init_f32)
    [Anonymous Symbol]                       0x08001ed0   Section        0  filteringfunctions.o(.text.arm_fir_init_f32)
    [Anonymous Symbol]                       0x08001f20   Section        0  fir_iir_filter.o(.text.main)
    CL$$btod_d2e                             0x080020aa   Section       62  btod.o(CL$$btod_d2e)
    CL$$btod_d2e_denorm_low                  0x080020e8   Section       70  btod.o(CL$$btod_d2e_denorm_low)
    CL$$btod_d2e_norm_op1                    0x0800212e   Section       96  btod.o(CL$$btod_d2e_norm_op1)
    CL$$btod_div_common                      0x0800218e   Section      824  btod.o(CL$$btod_div_common)
    CL$$btod_e2e                             0x080024c6   Section      220  btod.o(CL$$btod_e2e)
    CL$$btod_ediv                            0x080025a2   Section       42  btod.o(CL$$btod_ediv)
    CL$$btod_emul                            0x080025cc   Section       42  btod.o(CL$$btod_emul)
    CL$$btod_mult_common                     0x080025f6   Section      580  btod.o(CL$$btod_mult_common)
    i.__ARM_fpclassify                       0x0800283a   Section        0  fpclassify.o(i.__ARM_fpclassify)
    i.__hardfp_fmod                          0x0800286c   Section        0  fmod.o(i.__hardfp_fmod)
    i.__hardfp_sin                           0x08002968   Section        0  sin.o(i.__hardfp_sin)
    i.__ieee754_rem_pio2                     0x08002a18   Section        0  rred.o(i.__ieee754_rem_pio2)
    i.__kernel_cos                           0x08002d20   Section        0  cos_i.o(i.__kernel_cos)
    i.__kernel_poly                          0x08002de4   Section        0  poly.o(i.__kernel_poly)
    i.__kernel_sin                           0x08002e58   Section        0  sin_i.o(i.__kernel_sin)
    i.__mathlib_dbl_invalid                  0x08002ef8   Section        0  dunder.o(i.__mathlib_dbl_invalid)
    i.__mathlib_dbl_underflow                0x08002f10   Section        0  dunder.o(i.__mathlib_dbl_underflow)
    i._is_digit                              0x08002f28   Section        0  __printf_wp.o(i._is_digit)
    i.fabs                                   0x08002f36   Section        0  fabs.o(i.fabs)
    locale$$code                             0x08002f50   Section       44  lc_numeric_c.o(locale$$code)
    locale$$code                             0x08002f7c   Section       44  lc_ctype_c.o(locale$$code)
    $v0                                      0x08002fa8   Number         0  dnaninf.o(x$fpl$dnaninf)
    x$fpl$dnaninf                            0x08002fa8   Section      156  dnaninf.o(x$fpl$dnaninf)
    $v0                                      0x08003044   Number         0  drem_clz.o(x$fpl$drem)
    x$fpl$drem                               0x08003044   Section      336  drem_clz.o(x$fpl$drem)
    $v0                                      0x08003194   Number         0  fpinit.o(x$fpl$fpinit)
    x$fpl$fpinit                             0x08003194   Section       26  fpinit.o(x$fpl$fpinit)
    $v0                                      0x080031ae   Number         0  printf1.o(x$fpl$printf1)
    x$fpl$printf1                            0x080031ae   Section        4  printf1.o(x$fpl$printf1)
    $v0                                      0x080031b2   Number         0  printf2.o(x$fpl$printf2)
    x$fpl$printf2                            0x080031b2   Section        4  printf2.o(x$fpl$printf2)
    x$fpl$usenofp                            0x080031b6   Section        0  usenofp.o(x$fpl$usenofp)
    initial_mbstate                          0x080031b8   Data           8  _printf_wctomb.o(.constdata)
    .constdata                               0x080031b8   Section        8  _printf_wctomb.o(.constdata)
    uc_hextab                                0x080031c0   Data          20  _printf_hex_int_ll_ptr.o(.constdata)
    .constdata                               0x080031c0   Section       40  _printf_hex_int_ll_ptr.o(.constdata)
    lc_hextab                                0x080031d4   Data          20  _printf_hex_int_ll_ptr.o(.constdata)
    maptable                                 0x080031e8   Data          17  __printf_flags_ss_wp.o(.constdata)
    .constdata                               0x080031e8   Section       17  __printf_flags_ss_wp.o(.constdata)
    C                                        0x08003200   Data          48  cos_i.o(.constdata)
    .constdata                               0x08003200   Section       48  cos_i.o(.constdata)
    pio2s                                    0x08003230   Data          48  rred.o(.constdata)
    .constdata                               0x08003230   Section      204  rred.o(.constdata)
    twooverpi                                0x08003260   Data         156  rred.o(.constdata)
    S                                        0x08003300   Data          40  sin_i.o(.constdata)
    .constdata                               0x08003300   Section       40  sin_i.o(.constdata)
    lc_hextab                                0x08003328   Data          19  _printf_fp_hex.o(.constdata)
    .constdata                               0x08003328   Section       38  _printf_fp_hex.o(.constdata)
    uc_hextab                                0x0800333b   Data          19  _printf_fp_hex.o(.constdata)
    tenpwrs_x                                0x08003350   Data          60  bigflt0.o(.constdata)
    .constdata                               0x08003350   Section      148  bigflt0.o(.constdata)
    tenpwrs_i                                0x0800338c   Data          64  bigflt0.o(.constdata)
    .L.str                                   0x080033e4   Data           4  fir_iir_filter.o(.rodata.str1.1)
    [Anonymous Symbol]                       0x080033e4   Section        0  fir_iir_filter.o(.rodata.str1.1)
    locale$$data                             0x08003408   Section       28  lc_numeric_c.o(locale$$data)
    __lcnum_c_name                           0x0800340c   Data           2  lc_numeric_c.o(locale$$data)
    __lcnum_c_start                          0x08003414   Data           0  lc_numeric_c.o(locale$$data)
    __lcnum_c_point                          0x08003420   Data           0  lc_numeric_c.o(locale$$data)
    __lcnum_c_thousands                      0x08003422   Data           0  lc_numeric_c.o(locale$$data)
    __lcnum_c_grouping                       0x08003423   Data           0  lc_numeric_c.o(locale$$data)
    __lcnum_c_end                            0x08003424   Data           0  lc_numeric_c.o(locale$$data)
    locale$$data                             0x08003424   Section      272  lc_ctype_c.o(locale$$data)
    __lcctype_c_name                         0x08003428   Data           2  lc_ctype_c.o(locale$$data)
    __lcctype_c_start                        0x08003430   Data           0  lc_ctype_c.o(locale$$data)
    __lcctype_c_end                          0x08003534   Data           0  lc_ctype_c.o(locale$$data)
    .bss                                     0x20020a98   Section       96  libspace.o(.bss)
    Heap_Mem                                 0x200214e0   Data         512  startup_stm32f767xx.o(HEAP)
    HEAP                                     0x200214e0   Section      512  startup_stm32f767xx.o(HEAP)
    Stack_Mem                                0x200216e0   Data        1024  startup_stm32f767xx.o(STACK)
    STACK                                    0x200216e0   Section     1024  startup_stm32f767xx.o(STACK)
    __initial_sp                             0x20021ae0   Data           0  startup_stm32f767xx.o(STACK)

    Global Symbols

    Symbol Name                              Value     Ov Type        Size  Object(Section)

    BuildAttributes$$THM_ISAv4$E$P$D$K$B$S$7EM$VFPv5_D16$PE$PLD8$A:L22UL41UL21$X:L11$S22US41US21$IEEE1$IW$~IW$USESV6$~STKCKD$USESV7$~SHL$OTIME$ROPI$IEEEX$EBA8$UX$STANDARDLIB$REQ8$PRES8$EABIv2 0x00000000   Number         0  anon$$obj.o ABSOLUTE
    _printf_flags                            0x00000000   Number         0  printf_stubs.o ABSOLUTE
    _printf_return_value                     0x00000000   Number         0  printf_stubs.o ABSOLUTE
    _printf_sizespec                         0x00000000   Number         0  printf_stubs.o ABSOLUTE
    _printf_widthprec                        0x00000000   Number         0  printf_stubs.o ABSOLUTE
    __ARM_exceptions_init                     - Undefined Weak Reference
    __alloca_initialize                       - Undefined Weak Reference
    __arm_preinit_                            - Undefined Weak Reference
    __cpp_initialize__aeabi_                  - Undefined Weak Reference
    __cxa_finalize                            - Undefined Weak Reference
    __sigvec_lookup                           - Undefined Weak Reference
    _atexit_init                              - Undefined Weak Reference
    _call_atexit_fns                          - Undefined Weak Reference
    _clock_init                               - Undefined Weak Reference
    _fp_trap_init                             - Undefined Weak Reference
    _fp_trap_shutdown                         - Undefined Weak Reference
    _get_lc_collate                           - Undefined Weak Reference
    _get_lc_monetary                          - Undefined Weak Reference
    _get_lc_time                              - Undefined Weak Reference
    _getenv_init                              - Undefined Weak Reference
    _handle_redirection                       - Undefined Weak Reference
    _init_alloc                               - Undefined Weak Reference
    _init_user_alloc                          - Undefined Weak Reference
    _initio                                   - Undefined Weak Reference
    _printf_mbtowc                            - Undefined Weak Reference
    _printf_wc                                - Undefined Weak Reference
    _rand_init                                - Undefined Weak Reference
    _signal_finish                            - Undefined Weak Reference
    _signal_init                              - Undefined Weak Reference
    _terminate_alloc                          - Undefined Weak Reference
    _terminate_user_alloc                     - Undefined Weak Reference
    _terminateio                              - Undefined Weak Reference
    __Vectors_Size                           0x000001f8   Number         0  startup_stm32f767xx.o ABSOLUTE
    __Vectors                                0x08000000   Data           4  startup_stm32f767xx.o(RESET)
    __Vectors_End                            0x080001f8   Data           0  startup_stm32f767xx.o(RESET)
    __main                                   0x080001f9   Thumb Code     8  __main.o(!!!main)
    __scatterload                            0x08000201   Thumb Code     0  __scatter.o(!!!scatter)
    __scatterload_rt2                        0x08000201   Thumb Code    44  __scatter.o(!!!scatter)
    __scatterload_rt2_thumb_only             0x08000201   Thumb Code     0  __scatter.o(!!!scatter)
    __scatterload_null                       0x0800020f   Thumb Code     0  __scatter.o(!!!scatter)
    __decompress                             0x08000235   Thumb Code   100  __dclz77c.o(!!dclz77c)
    __decompress2                            0x08000235   Thumb Code     0  __dclz77c.o(!!dclz77c)
    __scatterload_zeroinit                   0x08000299   Thumb Code    28  __scatter_zi.o(!!handler_zi)
    _printf_n                                0x080002b5   Thumb Code     0  _printf_n.o(.ARM.Collect$$_printf_percent$$00000001)
    _printf_percent                          0x080002b5   Thumb Code     0  _printf_percent.o(.ARM.Collect$$_printf_percent$$00000000)
    _printf_p                                0x080002bb   Thumb Code     0  _printf_p.o(.ARM.Collect$$_printf_percent$$00000002)
    _printf_f                                0x080002c1   Thumb Code     0  _printf_f.o(.ARM.Collect$$_printf_percent$$00000003)
    _printf_e                                0x080002c7   Thumb Code     0  _printf_e.o(.ARM.Collect$$_printf_percent$$00000004)
    _printf_g                                0x080002cd   Thumb Code     0  _printf_g.o(.ARM.Collect$$_printf_percent$$00000005)
    _printf_a                                0x080002d3   Thumb Code     0  _printf_a.o(.ARM.Collect$$_printf_percent$$00000006)
    _printf_ll                               0x080002d9   Thumb Code     0  _printf_ll.o(.ARM.Collect$$_printf_percent$$00000007)
    _printf_i                                0x080002e3   Thumb Code     0  _printf_i.o(.ARM.Collect$$_printf_percent$$00000008)
    _printf_d                                0x080002e9   Thumb Code     0  _printf_d.o(.ARM.Collect$$_printf_percent$$00000009)
    _printf_u                                0x080002ef   Thumb Code     0  _printf_u.o(.ARM.Collect$$_printf_percent$$0000000A)
    _printf_o                                0x080002f5   Thumb Code     0  _printf_o.o(.ARM.Collect$$_printf_percent$$0000000B)
    _printf_x                                0x080002fb   Thumb Code     0  _printf_x.o(.ARM.Collect$$_printf_percent$$0000000C)
    _printf_lli                              0x08000301   Thumb Code     0  _printf_lli.o(.ARM.Collect$$_printf_percent$$0000000D)
    _printf_lld                              0x08000307   Thumb Code     0  _printf_lld.o(.ARM.Collect$$_printf_percent$$0000000E)
    _printf_llu                              0x0800030d   Thumb Code     0  _printf_llu.o(.ARM.Collect$$_printf_percent$$0000000F)
    _printf_llo                              0x08000313   Thumb Code     0  _printf_llo.o(.ARM.Collect$$_printf_percent$$00000010)
    _printf_llx                              0x08000319   Thumb Code     0  _printf_llx.o(.ARM.Collect$$_printf_percent$$00000011)
    _printf_l                                0x0800031f   Thumb Code     0  _printf_l.o(.ARM.Collect$$_printf_percent$$00000012)
    _printf_c                                0x08000329   Thumb Code     0  _printf_c.o(.ARM.Collect$$_printf_percent$$00000013)
    _printf_s                                0x0800032f   Thumb Code     0  _printf_s.o(.ARM.Collect$$_printf_percent$$00000014)
    _printf_lc                               0x08000335   Thumb Code     0  _printf_lc.o(.ARM.Collect$$_printf_percent$$00000015)
    _printf_ls                               0x0800033b   Thumb Code     0  _printf_ls.o(.ARM.Collect$$_printf_percent$$00000016)
    _printf_percent_end                      0x08000341   Thumb Code     0  _printf_percent_end.o(.ARM.Collect$$_printf_percent$$00000017)
    __rt_lib_init                            0x08000345   Thumb Code     0  libinit.o(.ARM.Collect$$libinit$$00000000)
    __rt_lib_init_fp_1                       0x08000347   Thumb Code     0  libinit2.o(.ARM.Collect$$libinit$$00000001)
    __rt_lib_init_heap_1                     0x0800034b   Thumb Code     0  libinit2.o(.ARM.Collect$$libinit$$0000000A)
    __rt_lib_init_lc_common                  0x0800034b   Thumb Code     0  libinit2.o(.ARM.Collect$$libinit$$0000000F)
    __rt_lib_init_preinit_1                  0x0800034b   Thumb Code     0  libinit2.o(.ARM.Collect$$libinit$$00000004)
    __rt_lib_init_rand_1                     0x0800034b   Thumb Code     0  libinit2.o(.ARM.Collect$$libinit$$0000000E)
    __rt_lib_init_user_alloc_1               0x0800034b   Thumb Code     0  libinit2.o(.ARM.Collect$$libinit$$0000000C)
    __rt_lib_init_lc_collate_1               0x08000351   Thumb Code     0  libinit2.o(.ARM.Collect$$libinit$$00000011)
    __rt_lib_init_lc_ctype_2                 0x08000351   Thumb Code     0  libinit2.o(.ARM.Collect$$libinit$$00000012)
    __rt_lib_init_lc_ctype_1                 0x0800035d   Thumb Code     0  libinit2.o(.ARM.Collect$$libinit$$00000013)
    __rt_lib_init_lc_monetary_1              0x0800035d   Thumb Code     0  libinit2.o(.ARM.Collect$$libinit$$00000015)
    __rt_lib_init_lc_numeric_2               0x0800035d   Thumb Code     0  libinit2.o(.ARM.Collect$$libinit$$00000016)
    __rt_lib_init_argv_1                     0x08000367   Thumb Code     0  libinit2.o(.ARM.Collect$$libinit$$00000027)
    __rt_lib_init_atexit_1                   0x08000367   Thumb Code     0  libinit2.o(.ARM.Collect$$libinit$$0000001B)
    __rt_lib_init_clock_1                    0x08000367   Thumb Code     0  libinit2.o(.ARM.Collect$$libinit$$00000021)
    __rt_lib_init_fp_trap_1                  0x08000367   Thumb Code     0  libinit2.o(.ARM.Collect$$libinit$$0000001F)
    __rt_lib_init_getenv_1                   0x08000367   Thumb Code     0  libinit2.o(.ARM.Collect$$libinit$$00000023)
    __rt_lib_init_heapregion_libspace_used   0x08000367   Thumb Code     0  libinit2.o(.ARM.Collect$$libinit$$00000027)
    __rt_lib_init_lc_numeric_1               0x08000367   Thumb Code     0  libinit2.o(.ARM.Collect$$libinit$$00000017)
    __rt_lib_init_lc_time_1                  0x08000367   Thumb Code     0  libinit2.o(.ARM.Collect$$libinit$$00000019)
    __rt_lib_init_signal_1                   0x08000367   Thumb Code     0  libinit2.o(.ARM.Collect$$libinit$$0000001D)
    __rt_lib_init_stdio_1                    0x08000367   Thumb Code     0  libinit2.o(.ARM.Collect$$libinit$$00000025)
    __rt_lib_init_alloca_1                   0x0800036f   Thumb Code     0  libinit2.o(.ARM.Collect$$libinit$$0000002E)
    __rt_lib_init_cpp_1                      0x0800036f   Thumb Code     0  libinit2.o(.ARM.Collect$$libinit$$00000032)
    __rt_lib_init_exceptions_1               0x0800036f   Thumb Code     0  libinit2.o(.ARM.Collect$$libinit$$00000030)
    __rt_lib_init_return                     0x0800036f   Thumb Code     0  libinit2.o(.ARM.Collect$$libinit$$00000033)
    __rt_lib_shutdown                        0x08000371   Thumb Code     0  libshutdown.o(.ARM.Collect$$libshutdown$$00000000)
    __rt_lib_shutdown_cpp_1                  0x08000373   Thumb Code     0  libshutdown2.o(.ARM.Collect$$libshutdown$$00000002)
    __rt_lib_shutdown_fp_trap_1              0x08000373   Thumb Code     0  libshutdown2.o(.ARM.Collect$$libshutdown$$00000007)
    __rt_lib_shutdown_heap_1                 0x08000373   Thumb Code     0  libshutdown2.o(.ARM.Collect$$libshutdown$$0000000F)
    __rt_lib_shutdown_return                 0x08000373   Thumb Code     0  libshutdown2.o(.ARM.Collect$$libshutdown$$00000010)
    __rt_lib_shutdown_signal_1               0x08000373   Thumb Code     0  libshutdown2.o(.ARM.Collect$$libshutdown$$0000000A)
    __rt_lib_shutdown_stdio_1                0x08000373   Thumb Code     0  libshutdown2.o(.ARM.Collect$$libshutdown$$00000004)
    __rt_lib_shutdown_user_alloc_1           0x08000373   Thumb Code     0  libshutdown2.o(.ARM.Collect$$libshutdown$$0000000C)
    __rt_entry                               0x08000375   Thumb Code     0  __rtentry.o(.ARM.Collect$$rtentry$$00000000)
    __rt_entry_presh_1                       0x08000375   Thumb Code     0  __rtentry2.o(.ARM.Collect$$rtentry$$00000002)
    __rt_entry_sh                            0x08000375   Thumb Code     0  __rtentry4.o(.ARM.Collect$$rtentry$$00000004)
    __rt_entry_li                            0x0800037b   Thumb Code     0  __rtentry2.o(.ARM.Collect$$rtentry$$0000000A)
    __rt_entry_postsh_1                      0x0800037b   Thumb Code     0  __rtentry2.o(.ARM.Collect$$rtentry$$00000009)
    __rt_entry_main                          0x0800037f   Thumb Code     0  __rtentry2.o(.ARM.Collect$$rtentry$$0000000D)
    __rt_entry_postli_1                      0x0800037f   Thumb Code     0  __rtentry2.o(.ARM.Collect$$rtentry$$0000000C)
    __rt_exit                                0x08000387   Thumb Code     0  rtexit.o(.ARM.Collect$$rtexit$$00000000)
    __rt_exit_ls                             0x08000389   Thumb Code     0  rtexit2.o(.ARM.Collect$$rtexit$$00000003)
    __rt_exit_prels_1                        0x08000389   Thumb Code     0  rtexit2.o(.ARM.Collect$$rtexit$$00000002)
    __rt_exit_exit                           0x0800038d   Thumb Code     0  rtexit2.o(.ARM.Collect$$rtexit$$00000004)
    __ARM_argv_veneer                        0x08000395   Thumb Code     4  argv_veneer.o(.emb_text)
    Reset_Handler                            0x08000399   Thumb Code     8  startup_stm32f767xx.o(.text)
    NMI_Handler                              0x080003a1   Thumb Code     2  startup_stm32f767xx.o(.text)
    HardFault_Handler                        0x080003a3   Thumb Code     2  startup_stm32f767xx.o(.text)
    MemManage_Handler                        0x080003a5   Thumb Code     2  startup_stm32f767xx.o(.text)
    BusFault_Handler                         0x080003a7   Thumb Code     2  startup_stm32f767xx.o(.text)
    UsageFault_Handler                       0x080003a9   Thumb Code     2  startup_stm32f767xx.o(.text)
    SVC_Handler                              0x080003ab   Thumb Code     2  startup_stm32f767xx.o(.text)
    DebugMon_Handler                         0x080003ad   Thumb Code     2  startup_stm32f767xx.o(.text)
    PendSV_Handler                           0x080003af   Thumb Code     2  startup_stm32f767xx.o(.text)
    SysTick_Handler                          0x080003b1   Thumb Code     2  startup_stm32f767xx.o(.text)
    CAN1_RX0_IRQHandler                      0x080003b3   Thumb Code     0  startup_stm32f767xx.o(.text)
    CAN1_RX1_IRQHandler                      0x080003b3   Thumb Code     0  startup_stm32f767xx.o(.text)
    CAN1_SCE_IRQHandler                      0x080003b3   Thumb Code     0  startup_stm32f767xx.o(.text)
    CAN1_TX_IRQHandler                       0x080003b3   Thumb Code     0  startup_stm32f767xx.o(.text)
    CAN2_RX0_IRQHandler                      0x080003b3   Thumb Code     0  startup_stm32f767xx.o(.text)
    CAN2_RX1_IRQHandler                      0x080003b3   Thumb Code     0  startup_stm32f767xx.o(.text)
    CAN2_SCE_IRQHandler                      0x080003b3   Thumb Code     0  startup_stm32f767xx.o(.text)
    CAN2_TX_IRQHandler                       0x080003b3   Thumb Code     0  startup_stm32f767xx.o(.text)
    CAN3_RX0_IRQHandler                      0x080003b3   Thumb Code     0  startup_stm32f767xx.o(.text)
    CAN3_RX1_IRQHandler                      0x080003b3   Thumb Code     0  startup_stm32f767xx.o(.text)
    CAN3_SCE_IRQHandler                      0x080003b3   Thumb Code     0  startup_stm32f767xx.o(.text)
    CAN3_TX_IRQHandler                       0x080003b3   Thumb Code     0  startup_stm32f767xx.o(.text)
    CEC_IRQHandler                           0x080003b3   Thumb Code     0  startup_stm32f767xx.o(.text)
    DCMI_IRQHandler                          0x080003b3   Thumb Code     0  startup_stm32f767xx.o(.text)
    DFSDM1_FLT0_IRQHandler                   0x080003b3   Thumb Code     0  startup_stm32f767xx.o(.text)
    DFSDM1_FLT1_IRQHandler                   0x080003b3   Thumb Code     0  startup_stm32f767xx.o(.text)
    DFSDM1_FLT2_IRQHandler                   0x080003b3   Thumb Code     0  startup_stm32f767xx.o(.text)
    DFSDM1_FLT3_IRQHandler                   0x080003b3   Thumb Code     0  startup_stm32f767xx.o(.text)
    DMA1_Stream0_IRQHandler                  0x080003b3   Thumb Code     0  startup_stm32f767xx.o(.text)
    DMA1_Stream1_IRQHandler                  0x080003b3   Thumb Code     0  startup_stm32f767xx.o(.text)
    DMA1_Stream2_IRQHandler                  0x080003b3   Thumb Code     0  startup_stm32f767xx.o(.text)
    DMA1_Stream3_IRQHandler                  0x080003b3   Thumb Code     0  startup_stm32f767xx.o(.text)
    DMA1_Stream4_IRQHandler                  0x080003b3   Thumb Code     0  startup_stm32f767xx.o(.text)
    DMA1_Stream5_IRQHandler                  0x080003b3   Thumb Code     0  startup_stm32f767xx.o(.text)
    DMA1_Stream6_IRQHandler                  0x080003b3   Thumb Code     0  startup_stm32f767xx.o(.text)
    DMA1_Stream7_IRQHandler                  0x080003b3   Thumb Code     0  startup_stm32f767xx.o(.text)
    DMA2D_IRQHandler                         0x080003b3   Thumb Code     0  startup_stm32f767xx.o(.text)
    DMA2_Stream0_IRQHandler                  0x080003b3   Thumb Code     0  startup_stm32f767xx.o(.text)
    DMA2_Stream1_IRQHandler                  0x080003b3   Thumb Code     0  startup_stm32f767xx.o(.text)
    DMA2_Stream2_IRQHandler                  0x080003b3   Thumb Code     0  startup_stm32f767xx.o(.text)
    DMA2_Stream3_IRQHandler                  0x080003b3   Thumb Code     0  startup_stm32f767xx.o(.text)
    DMA2_Stream4_IRQHandler                  0x080003b3   Thumb Code     0  startup_stm32f767xx.o(.text)
    DMA2_Stream5_IRQHandler                  0x080003b3   Thumb Code     0  startup_stm32f767xx.o(.text)
    DMA2_Stream6_IRQHandler                  0x080003b3   Thumb Code     0  startup_stm32f767xx.o(.text)
    DMA2_Stream7_IRQHandler                  0x080003b3   Thumb Code     0  startup_stm32f767xx.o(.text)
    ETH_IRQHandler                           0x080003b3   Thumb Code     0  startup_stm32f767xx.o(.text)
    ETH_WKUP_IRQHandler                      0x080003b3   Thumb Code     0  startup_stm32f767xx.o(.text)
    EXTI0_IRQHandler                         0x080003b3   Thumb Code     0  startup_stm32f767xx.o(.text)
    EXTI15_10_IRQHandler                     0x080003b3   Thumb Code     0  startup_stm32f767xx.o(.text)
    EXTI1_IRQHandler                         0x080003b3   Thumb Code     0  startup_stm32f767xx.o(.text)
    EXTI2_IRQHandler                         0x080003b3   Thumb Code     0  startup_stm32f767xx.o(.text)
    EXTI3_IRQHandler                         0x080003b3   Thumb Code     0  startup_stm32f767xx.o(.text)
    EXTI4_IRQHandler                         0x080003b3   Thumb Code     0  startup_stm32f767xx.o(.text)
    EXTI9_5_IRQHandler                       0x080003b3   Thumb Code     0  startup_stm32f767xx.o(.text)
    FLASH_IRQHandler                         0x080003b3   Thumb Code     0  startup_stm32f767xx.o(.text)
    FMC_IRQHandler                           0x080003b3   Thumb Code     0  startup_stm32f767xx.o(.text)
    FPU_IRQHandler                           0x080003b3   Thumb Code     0  startup_stm32f767xx.o(.text)
    I2C1_ER_IRQHandler                       0x080003b3   Thumb Code     0  startup_stm32f767xx.o(.text)
    I2C1_EV_IRQHandler                       0x080003b3   Thumb Code     0  startup_stm32f767xx.o(.text)
    I2C2_ER_IRQHandler                       0x080003b3   Thumb Code     0  startup_stm32f767xx.o(.text)
    I2C2_EV_IRQHandler                       0x080003b3   Thumb Code     0  startup_stm32f767xx.o(.text)
    I2C3_ER_IRQHandler                       0x080003b3   Thumb Code     0  startup_stm32f767xx.o(.text)
    I2C3_EV_IRQHandler                       0x080003b3   Thumb Code     0  startup_stm32f767xx.o(.text)
    I2C4_ER_IRQHandler                       0x080003b3   Thumb Code     0  startup_stm32f767xx.o(.text)
    I2C4_EV_IRQHandler                       0x080003b3   Thumb Code     0  startup_stm32f767xx.o(.text)
    JPEG_IRQHandler                          0x080003b3   Thumb Code     0  startup_stm32f767xx.o(.text)
    LPTIM1_IRQHandler                        0x080003b3   Thumb Code     0  startup_stm32f767xx.o(.text)
    LTDC_ER_IRQHandler                       0x080003b3   Thumb Code     0  startup_stm32f767xx.o(.text)
    LTDC_IRQHandler                          0x080003b3   Thumb Code     0  startup_stm32f767xx.o(.text)
    MDIOS_IRQHandler                         0x080003b3   Thumb Code     0  startup_stm32f767xx.o(.text)
    OTG_FS_IRQHandler                        0x080003b3   Thumb Code     0  startup_stm32f767xx.o(.text)
    OTG_FS_WKUP_IRQHandler                   0x080003b3   Thumb Code     0  startup_stm32f767xx.o(.text)
    OTG_HS_EP1_IN_IRQHandler                 0x080003b3   Thumb Code     0  startup_stm32f767xx.o(.text)
    OTG_HS_EP1_OUT_IRQHandler                0x080003b3   Thumb Code     0  startup_stm32f767xx.o(.text)
    OTG_HS_IRQHandler                        0x080003b3   Thumb Code     0  startup_stm32f767xx.o(.text)
    OTG_HS_WKUP_IRQHandler                   0x080003b3   Thumb Code     0  startup_stm32f767xx.o(.text)
    PVD_IRQHandler                           0x080003b3   Thumb Code     0  startup_stm32f767xx.o(.text)
    QUADSPI_IRQHandler                       0x080003b3   Thumb Code     0  startup_stm32f767xx.o(.text)
    RCC_IRQHandler                           0x080003b3   Thumb Code     0  startup_stm32f767xx.o(.text)
    RNG_IRQHandler                           0x080003b3   Thumb Code     0  startup_stm32f767xx.o(.text)
    RTC_Alarm_IRQHandler                     0x080003b3   Thumb Code     0  startup_stm32f767xx.o(.text)
    RTC_WKUP_IRQHandler                      0x080003b3   Thumb Code     0  startup_stm32f767xx.o(.text)
    SAI1_IRQHandler                          0x080003b3   Thumb Code     0  startup_stm32f767xx.o(.text)
    SAI2_IRQHandler                          0x080003b3   Thumb Code     0  startup_stm32f767xx.o(.text)
    SDMMC1_IRQHandler                        0x080003b3   Thumb Code     0  startup_stm32f767xx.o(.text)
    SDMMC2_IRQHandler                        0x080003b3   Thumb Code     0  startup_stm32f767xx.o(.text)
    SPDIF_RX_IRQHandler                      0x080003b3   Thumb Code     0  startup_stm32f767xx.o(.text)
    SPI1_IRQHandler                          0x080003b3   Thumb Code     0  startup_stm32f767xx.o(.text)
    SPI2_IRQHandler                          0x080003b3   Thumb Code     0  startup_stm32f767xx.o(.text)
    SPI3_IRQHandler                          0x080003b3   Thumb Code     0  startup_stm32f767xx.o(.text)
    SPI4_IRQHandler                          0x080003b3   Thumb Code     0  startup_stm32f767xx.o(.text)
    SPI5_IRQHandler                          0x080003b3   Thumb Code     0  startup_stm32f767xx.o(.text)
    SPI6_IRQHandler                          0x080003b3   Thumb Code     0  startup_stm32f767xx.o(.text)
    TAMP_STAMP_IRQHandler                    0x080003b3   Thumb Code     0  startup_stm32f767xx.o(.text)
    TIM1_BRK_TIM9_IRQHandler                 0x080003b3   Thumb Code     0  startup_stm32f767xx.o(.text)
    TIM1_CC_IRQHandler                       0x080003b3   Thumb Code     0  startup_stm32f767xx.o(.text)
    TIM1_TRG_COM_TIM11_IRQHandler            0x080003b3   Thumb Code     0  startup_stm32f767xx.o(.text)
    TIM1_UP_TIM10_IRQHandler                 0x080003b3   Thumb Code     0  startup_stm32f767xx.o(.text)
    TIM2_IRQHandler                          0x080003b3   Thumb Code     0  startup_stm32f767xx.o(.text)
    TIM3_IRQHandler                          0x080003b3   Thumb Code     0  startup_stm32f767xx.o(.text)
    TIM6_DAC_IRQHandler                      0x080003b3   Thumb Code     0  startup_stm32f767xx.o(.text)
    TIM8_BRK_TIM12_IRQHandler                0x080003b3   Thumb Code     0  startup_stm32f767xx.o(.text)
    TIM8_CC_IRQHandler                       0x080003b3   Thumb Code     0  startup_stm32f767xx.o(.text)
    TIM8_TRG_COM_TIM14_IRQHandler            0x080003b3   Thumb Code     0  startup_stm32f767xx.o(.text)
    TIM8_UP_TIM13_IRQHandler                 0x080003b3   Thumb Code     0  startup_stm32f767xx.o(.text)
    UART4_IRQHandler                         0x080003b3   Thumb Code     0  startup_stm32f767xx.o(.text)
    UART5_IRQHandler                         0x080003b3   Thumb Code     0  startup_stm32f767xx.o(.text)
    UART7_IRQHandler                         0x080003b3   Thumb Code     0  startup_stm32f767xx.o(.text)
    UART8_IRQHandler                         0x080003b3   Thumb Code     0  startup_stm32f767xx.o(.text)
    USART1_IRQHandler                        0x080003b3   Thumb Code     0  startup_stm32f767xx.o(.text)
    USART2_IRQHandler                        0x080003b3   Thumb Code     0  startup_stm32f767xx.o(.text)
    USART3_IRQHandler                        0x080003b3   Thumb Code     0  startup_stm32f767xx.o(.text)
    USART6_IRQHandler                        0x080003b3   Thumb Code     0  startup_stm32f767xx.o(.text)
    WWDG_IRQHandler                          0x080003b3   Thumb Code     0  startup_stm32f767xx.o(.text)
    __user_initial_stackheap                 0x080003b5   Thumb Code     0  startup_stm32f767xx.o(.text)
    sprintf                                  0x080003d9   Thumb Code    38  sprintf.o(.text)
    __aeabi_memclr4                          0x08000405   Thumb Code     0  rt_memclr_w.o(.text)
    __aeabi_memclr8                          0x08000405   Thumb Code     0  rt_memclr_w.o(.text)
    __rt_memclr_w                            0x08000405   Thumb Code    78  rt_memclr_w.o(.text)
    _memset_w                                0x08000409   Thumb Code     0  rt_memclr_w.o(.text)
    __use_two_region_memory                  0x08000453   Thumb Code     2  heapauxi.o(.text)
    __rt_heap_escrow$2region                 0x08000455   Thumb Code     2  heapauxi.o(.text)
    __rt_heap_expand$2region                 0x08000457   Thumb Code     2  heapauxi.o(.text)
    __read_errno                             0x08000459   Thumb Code    10  _rserrno.o(.text)
    __set_errno                              0x08000463   Thumb Code    12  _rserrno.o(.text)
    _printf_pre_padding                      0x0800046f   Thumb Code    44  _printf_pad.o(.text)
    _printf_post_padding                     0x0800049b   Thumb Code    34  _printf_pad.o(.text)
    _printf_truncate_signed                  0x080004bd   Thumb Code    18  _printf_truncate.o(.text)
    _printf_truncate_unsigned                0x080004cf   Thumb Code    18  _printf_truncate.o(.text)
    _printf_str                              0x080004e1   Thumb Code    82  _printf_str.o(.text)
    _printf_int_dec                          0x08000535   Thumb Code   104  _printf_dec.o(.text)
    _printf_charcount                        0x080005ad   Thumb Code    40  _printf_charcount.o(.text)
    _printf_char_common                      0x080005df   Thumb Code    32  _printf_char_common.o(.text)
    _sputc                                   0x08000605   Thumb Code    10  _sputc.o(.text)
    _printf_wctomb                           0x08000611   Thumb Code   182  _printf_wctomb.o(.text)
    _printf_longlong_dec                     0x080006cd   Thumb Code   108  _printf_longlong_dec.o(.text)
    _printf_longlong_oct                     0x08000749   Thumb Code    68  _printf_oct_int_ll.o(.text)
    _printf_int_oct                          0x0800078d   Thumb Code    24  _printf_oct_int_ll.o(.text)
    _printf_ll_oct                           0x080007a5   Thumb Code    12  _printf_oct_int_ll.o(.text)
    _printf_longlong_hex                     0x080007b9   Thumb Code    86  _printf_hex_int_ll_ptr.o(.text)
    _printf_int_hex                          0x0800080f   Thumb Code    28  _printf_hex_int_ll_ptr.o(.text)
    _printf_ll_hex                           0x0800082b   Thumb Code    12  _printf_hex_int_ll_ptr.o(.text)
    _printf_hex_ptr                          0x08000837   Thumb Code    18  _printf_hex_int_ll_ptr.o(.text)
    __printf                                 0x0800084d   Thumb Code   388  __printf_flags_ss_wp.o(.text)
    __aeabi_errno_addr                       0x080009d5   Thumb Code     8  rt_errno_addr_intlibspace.o(.text)
    __errno$intlibspace                      0x080009d5   Thumb Code     0  rt_errno_addr_intlibspace.o(.text)
    __rt_errno_addr$intlibspace              0x080009d5   Thumb Code     0  rt_errno_addr_intlibspace.o(.text)
    _ll_udiv10                               0x080009dd   Thumb Code   138  lludiv10.o(.text)
    _printf_int_common                       0x08000a67   Thumb Code   178  _printf_intcommon.o(.text)
    _printf_fp_dec_real                      0x08000cc9   Thumb Code   620  _printf_fp_dec.o(.text)
    _printf_fp_hex_real                      0x08000f35   Thumb Code   756  _printf_fp_hex.o(.text)
    _printf_cs_common                        0x08001231   Thumb Code    20  _printf_char.o(.text)
    _printf_char                             0x08001245   Thumb Code    16  _printf_char.o(.text)
    _printf_string                           0x08001255   Thumb Code     8  _printf_char.o(.text)
    _printf_lcs_common                       0x0800125d   Thumb Code    20  _printf_wchar.o(.text)
    _printf_wchar                            0x08001271   Thumb Code    16  _printf_wchar.o(.text)
    _printf_wstring                          0x08001281   Thumb Code     8  _printf_wchar.o(.text)
    _c16rtomb                                0x08001289   Thumb Code    72  _c16rtomb.o(.text)
    _wcrtomb                                 0x08001289   Thumb Code     0  _c16rtomb.o(.text)
    __user_libspace                          0x080012d1   Thumb Code     8  libspace.o(.text)
    __user_perproc_libspace                  0x080012d1   Thumb Code     0  libspace.o(.text)
    __user_perthread_libspace                0x080012d1   Thumb Code     0  libspace.o(.text)
    __user_setup_stackheap                   0x080012d9   Thumb Code    74  sys_stackheap_outer.o(.text)
    __rt_ctype_table                         0x08001325   Thumb Code    16  rt_ctype_table.o(.text)
    __rt_locale                              0x08001335   Thumb Code     8  rt_locale_intlibspace.o(.text)
    _printf_fp_infnan                        0x0800133d   Thumb Code   112  _printf_fp_infnan.o(.text)
    _btod_etento                             0x080013bd   Thumb Code   224  bigflt0.o(.text)
    exit                                     0x080014a1   Thumb Code    18  exit.o(.text)
    __sig_exit                               0x080014b3   Thumb Code    10  defsig_exit.o(.text)
    strcmp                                   0x080014c1   Thumb Code   124  strcmpv7m_pel.o(.text)
    _sys_exit                                0x0800153d   Thumb Code     8  sys_exit.o(.text)
    __default_signal_display                 0x08001549   Thumb Code    50  defsig_general.o(.text)
    _ttywrch                                 0x0800157b   Thumb Code    14  sys_wrch.o(.text)
    __I$use$semihosting                      0x08001589   Thumb Code     0  use_no_semi.o(.text)
    __use_no_semihosting_swi                 0x08001589   Thumb Code     2  use_no_semi.o(.text)
    __argv_alloc                             0x0800158b   Thumb Code    34  _get_argv_nomalloc.o(.text)
    __semihosting_library_function           0x0800158b   Thumb Code     0  indicate_semi.o(.text)
    __ARM_get_argv                           0x080015ad   Thumb Code   268  _get_argv_nomalloc.o(.text)
    _sys_command_string                      0x080016b9   Thumb Code    24  sys_command.o(.text)
    __use_no_heap_region                     0x080016d1   Thumb Code     2  hrguard.o(.text)
    __heap_region$guard                      0x080016d3   Thumb Code     2  hrguard.o(.text)
    __rt_SIGRTMEM_inner                      0x080016d5   Thumb Code    22  defsig_rtmem_inner.o(.text)
    __rt_SIGRTMEM                            0x08001725   Thumb Code    14  defsig_rtmem_outer.o(.text)
    ADC_IRQHandler                           0x08001739   Thumb Code    22  fir_iir_filter.o(.text.ADC_IRQHandler)
    SystemInit                               0x08001751   Thumb Code    18  system_stm32f7xx.o(.text.SystemInit)
    TIM4_IRQHandler                          0x08001769   Thumb Code   142  fir_iir_filter.o(.text.TIM4_IRQHandler)
    TIM5_IRQHandler                          0x080017f9   Thumb Code    18  fir_iir_filter.o(.text.TIM5_IRQHandler)
    TIM7_IRQHandler                          0x08001811   Thumb Code   232  fir_iir_filter.o(.text.TIM7_IRQHandler)
    GPIO_SETUP()                             0x080018f9   Thumb Code   134  fir_iir_filter.o(.text._Z10GPIO_SETUPv)
    TIM_Config()                             0x08001981   Thumb Code   290  fir_iir_filter.o(.text._Z10TIM_Configv)
    USART_SETUP()                            0x08001aa9   Thumb Code    34  fir_iir_filter.o(.text._Z11USART_SETUPv)
    Serial_buffer(char*)                     0x08001ad1   Thumb Code    44  fir_iir_filter.o(.text._Z13Serial_bufferPc)
    USART3_SendChar(int)                     0x08001b01   Thumb Code    42  fir_iir_filter.o(.text._Z15USART3_SendChari)
    BandPass_Filter_IIR(float)               0x08001b31   Thumb Code    54  fir_iir_filter.o(.text._Z19BandPass_Filter_IIRf)
    map(int, int, int, int, int)             0x08001b69   Thumb Code   108  fir_iir_filter.o(.text._Z3mapiiiii)
    ADC_SETUP()                              0x08001bd9   Thumb Code    86  fir_iir_filter.o(.text._Z9ADC_SETUPv)
    Clock_PLL(int, int, int, int)            0x08001c31   Thumb Code   202  fir_iir_filter.o(.text._Z9Clock_PLLiiii)
    DAC_SETUP()                              0x08001d01   Thumb Code    18  fir_iir_filter.o(.text._Z9DAC_SETUPv)
    RCC_SETUP()                              0x08001d19   Thumb Code    54  fir_iir_filter.o(.text._Z9RCC_SETUPv)
    arm_biquad_cascade_df2T_f32              0x08001d89   Thumb Code   270  filteringfunctions.o(.text.arm_biquad_cascade_df2T_f32)
    arm_biquad_cascade_df2T_init_f32         0x08001e99   Thumb Code    56  filteringfunctions.o(.text.arm_biquad_cascade_df2T_init_f32)
    arm_fir_init_f32                         0x08001ed1   Thumb Code    74  filteringfunctions.o(.text.arm_fir_init_f32)
    main                                     0x08001f21   Thumb Code   394  fir_iir_filter.o(.text.main)
    _btod_d2e                                0x080020ab   Thumb Code    62  btod.o(CL$$btod_d2e)
    _d2e_denorm_low                          0x080020e9   Thumb Code    70  btod.o(CL$$btod_d2e_denorm_low)
    _d2e_norm_op1                            0x0800212f   Thumb Code    96  btod.o(CL$$btod_d2e_norm_op1)
    __btod_div_common                        0x0800218f   Thumb Code   696  btod.o(CL$$btod_div_common)
    _e2e                                     0x080024c7   Thumb Code   220  btod.o(CL$$btod_e2e)
    _btod_ediv                               0x080025a3   Thumb Code    42  btod.o(CL$$btod_ediv)
    _btod_emul                               0x080025cd   Thumb Code    42  btod.o(CL$$btod_emul)
    __btod_mult_common                       0x080025f7   Thumb Code   580  btod.o(CL$$btod_mult_common)
    __ARM_fpclassify                         0x0800283b   Thumb Code    48  fpclassify.o(i.__ARM_fpclassify)
    __hardfp_fmod                            0x0800286d   Thumb Code   246  fmod.o(i.__hardfp_fmod)
    __hardfp_sin                             0x08002969   Thumb Code   158  sin.o(i.__hardfp_sin)
    __ieee754_rem_pio2                       0x08002a19   Thumb Code   646  rred.o(i.__ieee754_rem_pio2)
    __kernel_cos                             0x08002d21   Thumb Code   182  cos_i.o(i.__kernel_cos)
    __kernel_poly                            0x08002de5   Thumb Code   112  poly.o(i.__kernel_poly)
    __kernel_sin                             0x08002e59   Thumb Code   144  sin_i.o(i.__kernel_sin)
    __mathlib_dbl_invalid                    0x08002ef9   Thumb Code    10  dunder.o(i.__mathlib_dbl_invalid)
    __mathlib_dbl_underflow                  0x08002f11   Thumb Code    10  dunder.o(i.__mathlib_dbl_underflow)
    _is_digit                                0x08002f29   Thumb Code    14  __printf_wp.o(i._is_digit)
    fabs                                     0x08002f37   Thumb Code    24  fabs.o(i.fabs)
    _get_lc_numeric                          0x08002f51   Thumb Code    44  lc_numeric_c.o(locale$$code)
    _get_lc_ctype                            0x08002f7d   Thumb Code    44  lc_ctype_c.o(locale$$code)
    __fpl_dnaninf                            0x08002fa9   Thumb Code   156  dnaninf.o(x$fpl$dnaninf)
    _drem                                    0x08003045   Thumb Code   328  drem_clz.o(x$fpl$drem)
    _fp_init                                 0x08003195   Thumb Code    26  fpinit.o(x$fpl$fpinit)
    __fplib_config_fpu_vfp                   0x080031ad   Thumb Code     0  fpinit.o(x$fpl$fpinit)
    __fplib_config_pureend_doubles           0x080031ad   Thumb Code     0  fpinit.o(x$fpl$fpinit)
    _printf_fp_dec                           0x080031af   Thumb Code     4  printf1.o(x$fpl$printf1)
    _printf_fp_hex                           0x080031b3   Thumb Code     4  printf2.o(x$fpl$printf2)
    __I$use$fp                               0x080031b6   Number         0  usenofp.o(x$fpl$usenofp)
    Region$$Table$$Base                      0x080033e8   Number         0  anon$$obj.o(Region$$Table)
    Region$$Table$$Limit                     0x08003408   Number         0  anon$$obj.o(Region$$Table)
    __ctype                                  0x08003431   Data           0  lc_ctype_c.o(locale$$data)
    fir_BP_coef                              0x20020000   Data         404  fir_iir_filter.o(.data.fir_BP_coef)
    fir_HP_coef                              0x20020194   Data         404  fir_iir_filter.o(.data.fir_HP_coef)
    fir_coef                                 0x20020328   Data         404  fir_iir_filter.o(.data.fir_coef)
    iir_BP_coeffs                            0x200204bc   Data         500  fir_iir_filter.o(.data.iir_BP_coeffs)
    iir_HP_coeffs                            0x200206b0   Data         500  fir_iir_filter.o(.data.iir_HP_coeffs)
    iir_coeffs                               0x200208a4   Data         500  fir_iir_filter.o(.data.iir_coeffs)
    __libspace_start                         0x20020a98   Data          96  libspace.o(.bss)
    __temporary_stack_top$libspace           0x20020af8   Data           0  libspace.o(.bss)
    adc                                      0x20020af8   Data           4  fir_iir_filter.o(.bss.adc)
    adc_mapped                               0x20020afc   Data           4  fir_iir_filter.o(.bss.adc_mapped)
    fir_BP_instance                          0x20020b00   Data          12  fir_iir_filter.o(.bss.fir_BP_instance)
    fir_BP_state                             0x20020b0c   Data         404  fir_iir_filter.o(.bss.fir_BP_state)
    fir_HP_instance                          0x20020ca0   Data          12  fir_iir_filter.o(.bss.fir_HP_instance)
    fir_HP_state                             0x20020cac   Data         404  fir_iir_filter.o(.bss.fir_HP_state)
    fir_instance                             0x20020e40   Data          12  fir_iir_filter.o(.bss.fir_instance)
    fir_state                                0x20020e4c   Data         404  fir_iir_filter.o(.bss.fir_state)
    iirFilter                                0x20020fe0   Data          12  fir_iir_filter.o(.bss.iirFilter)
    iir_BP_Filter                            0x20020fec   Data          12  fir_iir_filter.o(.bss.iir_BP_Filter)
    iir_BP_in                                0x20020ff8   Data           4  fir_iir_filter.o(.bss.iir_BP_in)
    iir_BP_out                               0x20020ffc   Data           4  fir_iir_filter.o(.bss.iir_BP_out)
    iir_BP_state                             0x20021000   Data         400  fir_iir_filter.o(.bss.iir_BP_state)
    iir_HP_Filter                            0x20021190   Data          12  fir_iir_filter.o(.bss.iir_HP_Filter)
    iir_HP_state                             0x2002119c   Data         400  fir_iir_filter.o(.bss.iir_HP_state)
    iir_filtered_BP_signal                   0x2002132c   Data           4  fir_iir_filter.o(.bss.iir_filtered_BP_signal)
    iir_state                                0x20021330   Data         400  fir_iir_filter.o(.bss.iir_state)
    original_signal                          0x200214c0   Data           4  fir_iir_filter.o(.bss.original_signal)
    send                                     0x200214c4   Data           4  fir_iir_filter.o(.bss.send)
    t                                        0x200214c8   Data           4  fir_iir_filter.o(.bss.t)
    tx_txt                                   0x200214cc   Data          10  fir_iir_filter.o(.bss.tx_txt)
    xd                                       0x200214d8   Data           4  fir_iir_filter.o(.bss.xd)



==============================================================================

Memory Map of the image

  Image Entry point : 0x08000399

  Load Region LR_1 (Base: 0x08000000, Size: 0x00003fcc, Max: 0xffffffff, ABSOLUTE, COMPRESSED[0x00003d24])

    Execution Region ER_RO (Exec base: 0x08000000, Load base: 0x08000000, Size: 0x00003534, Max: 0xffffffff, ABSOLUTE)

    Exec Addr    Load Addr    Size         Type   Attr      Idx    E Section Name        Object

    0x08000000   0x08000000   0x000001f8   Data   RO         2052    RESET               startup_stm32f767xx.o
    0x080001f8   0x080001f8   0x00000008   Code   RO         2093  * !!!main             c_w.l(__main.o)
    0x08000200   0x08000200   0x00000034   Code   RO         2644    !!!scatter          c_w.l(__scatter.o)
    0x08000234   0x08000234   0x00000064   Code   RO         2642    !!dclz77c           c_w.l(__dclz77c.o)
    0x08000298   0x08000298   0x0000001c   Code   RO         2646    !!handler_zi        c_w.l(__scatter_zi.o)
    0x080002b4   0x080002b4   0x00000000   Code   RO         2321    .ARM.Collect$$_printf_percent$$00000000  c_w.l(_printf_percent.o)
    0x080002b4   0x080002b4   0x00000006   Code   RO         2310    .ARM.Collect$$_printf_percent$$00000001  c_w.l(_printf_n.o)
    0x080002ba   0x080002ba   0x00000006   Code   RO         2312    .ARM.Collect$$_printf_percent$$00000002  c_w.l(_printf_p.o)
    0x080002c0   0x080002c0   0x00000006   Code   RO         2317    .ARM.Collect$$_printf_percent$$00000003  c_w.l(_printf_f.o)
    0x080002c6   0x080002c6   0x00000006   Code   RO         2318    .ARM.Collect$$_printf_percent$$00000004  c_w.l(_printf_e.o)
    0x080002cc   0x080002cc   0x00000006   Code   RO         2319    .ARM.Collect$$_printf_percent$$00000005  c_w.l(_printf_g.o)
    0x080002d2   0x080002d2   0x00000006   Code   RO         2320    .ARM.Collect$$_printf_percent$$00000006  c_w.l(_printf_a.o)
    0x080002d8   0x080002d8   0x0000000a   Code   RO         2325    .ARM.Collect$$_printf_percent$$00000007  c_w.l(_printf_ll.o)
    0x080002e2   0x080002e2   0x00000006   Code   RO         2314    .ARM.Collect$$_printf_percent$$00000008  c_w.l(_printf_i.o)
    0x080002e8   0x080002e8   0x00000006   Code   RO         2315    .ARM.Collect$$_printf_percent$$00000009  c_w.l(_printf_d.o)
    0x080002ee   0x080002ee   0x00000006   Code   RO         2316    .ARM.Collect$$_printf_percent$$0000000A  c_w.l(_printf_u.o)
    0x080002f4   0x080002f4   0x00000006   Code   RO         2313    .ARM.Collect$$_printf_percent$$0000000B  c_w.l(_printf_o.o)
    0x080002fa   0x080002fa   0x00000006   Code   RO         2311    .ARM.Collect$$_printf_percent$$0000000C  c_w.l(_printf_x.o)
    0x08000300   0x08000300   0x00000006   Code   RO         2322    .ARM.Collect$$_printf_percent$$0000000D  c_w.l(_printf_lli.o)
    0x08000306   0x08000306   0x00000006   Code   RO         2323    .ARM.Collect$$_printf_percent$$0000000E  c_w.l(_printf_lld.o)
    0x0800030c   0x0800030c   0x00000006   Code   RO         2324    .ARM.Collect$$_printf_percent$$0000000F  c_w.l(_printf_llu.o)
    0x08000312   0x08000312   0x00000006   Code   RO         2329    .ARM.Collect$$_printf_percent$$00000010  c_w.l(_printf_llo.o)
    0x08000318   0x08000318   0x00000006   Code   RO         2330    .ARM.Collect$$_printf_percent$$00000011  c_w.l(_printf_llx.o)
    0x0800031e   0x0800031e   0x0000000a   Code   RO         2326    .ARM.Collect$$_printf_percent$$00000012  c_w.l(_printf_l.o)
    0x08000328   0x08000328   0x00000006   Code   RO         2308    .ARM.Collect$$_printf_percent$$00000013  c_w.l(_printf_c.o)
    0x0800032e   0x0800032e   0x00000006   Code   RO         2309    .ARM.Collect$$_printf_percent$$00000014  c_w.l(_printf_s.o)
    0x08000334   0x08000334   0x00000006   Code   RO         2327    .ARM.Collect$$_printf_percent$$00000015  c_w.l(_printf_lc.o)
    0x0800033a   0x0800033a   0x00000006   Code   RO         2328    .ARM.Collect$$_printf_percent$$00000016  c_w.l(_printf_ls.o)
    0x08000340   0x08000340   0x00000004   Code   RO         2436    .ARM.Collect$$_printf_percent$$00000017  c_w.l(_printf_percent_end.o)
    0x08000344   0x08000344   0x00000002   Code   RO         2500    .ARM.Collect$$libinit$$00000000  c_w.l(libinit.o)
    0x08000346   0x08000346   0x00000004   Code   RO         2516    .ARM.Collect$$libinit$$00000001  c_w.l(libinit2.o)
    0x0800034a   0x0800034a   0x00000000   Code   RO         2519    .ARM.Collect$$libinit$$00000004  c_w.l(libinit2.o)
    0x0800034a   0x0800034a   0x00000000   Code   RO         2522    .ARM.Collect$$libinit$$0000000A  c_w.l(libinit2.o)
    0x0800034a   0x0800034a   0x00000000   Code   RO         2524    .ARM.Collect$$libinit$$0000000C  c_w.l(libinit2.o)
    0x0800034a   0x0800034a   0x00000000   Code   RO         2526    .ARM.Collect$$libinit$$0000000E  c_w.l(libinit2.o)
    0x0800034a   0x0800034a   0x00000006   Code   RO         2527    .ARM.Collect$$libinit$$0000000F  c_w.l(libinit2.o)
    0x08000350   0x08000350   0x00000000   Code   RO         2529    .ARM.Collect$$libinit$$00000011  c_w.l(libinit2.o)
    0x08000350   0x08000350   0x0000000c   Code   RO         2530    .ARM.Collect$$libinit$$00000012  c_w.l(libinit2.o)
    0x0800035c   0x0800035c   0x00000000   Code   RO         2531    .ARM.Collect$$libinit$$00000013  c_w.l(libinit2.o)
    0x0800035c   0x0800035c   0x00000000   Code   RO         2533    .ARM.Collect$$libinit$$00000015  c_w.l(libinit2.o)
    0x0800035c   0x0800035c   0x0000000a   Code   RO         2534    .ARM.Collect$$libinit$$00000016  c_w.l(libinit2.o)
    0x08000366   0x08000366   0x00000000   Code   RO         2535    .ARM.Collect$$libinit$$00000017  c_w.l(libinit2.o)
    0x08000366   0x08000366   0x00000000   Code   RO         2537    .ARM.Collect$$libinit$$00000019  c_w.l(libinit2.o)
    0x08000366   0x08000366   0x00000000   Code   RO         2539    .ARM.Collect$$libinit$$0000001B  c_w.l(libinit2.o)
    0x08000366   0x08000366   0x00000000   Code   RO         2541    .ARM.Collect$$libinit$$0000001D  c_w.l(libinit2.o)
    0x08000366   0x08000366   0x00000000   Code   RO         2543    .ARM.Collect$$libinit$$0000001F  c_w.l(libinit2.o)
    0x08000366   0x08000366   0x00000000   Code   RO         2545    .ARM.Collect$$libinit$$00000021  c_w.l(libinit2.o)
    0x08000366   0x08000366   0x00000000   Code   RO         2547    .ARM.Collect$$libinit$$00000023  c_w.l(libinit2.o)
    0x08000366   0x08000366   0x00000000   Code   RO         2549    .ARM.Collect$$libinit$$00000025  c_w.l(libinit2.o)
    0x08000366   0x08000366   0x00000008   Code   RO         2551    .ARM.Collect$$libinit$$00000027  c_w.l(libinit2.o)
    0x0800036e   0x0800036e   0x00000000   Code   RO         2555    .ARM.Collect$$libinit$$0000002E  c_w.l(libinit2.o)
    0x0800036e   0x0800036e   0x00000000   Code   RO         2557    .ARM.Collect$$libinit$$00000030  c_w.l(libinit2.o)
    0x0800036e   0x0800036e   0x00000000   Code   RO         2559    .ARM.Collect$$libinit$$00000032  c_w.l(libinit2.o)
    0x0800036e   0x0800036e   0x00000002   Code   RO         2560    .ARM.Collect$$libinit$$00000033  c_w.l(libinit2.o)
    0x08000370   0x08000370   0x00000002   Code   RO         2597    .ARM.Collect$$libshutdown$$00000000  c_w.l(libshutdown.o)
    0x08000372   0x08000372   0x00000000   Code   RO         2625    .ARM.Collect$$libshutdown$$00000002  c_w.l(libshutdown2.o)
    0x08000372   0x08000372   0x00000000   Code   RO         2627    .ARM.Collect$$libshutdown$$00000004  c_w.l(libshutdown2.o)
    0x08000372   0x08000372   0x00000000   Code   RO         2630    .ARM.Collect$$libshutdown$$00000007  c_w.l(libshutdown2.o)
    0x08000372   0x08000372   0x00000000   Code   RO         2633    .ARM.Collect$$libshutdown$$0000000A  c_w.l(libshutdown2.o)
    0x08000372   0x08000372   0x00000000   Code   RO         2635    .ARM.Collect$$libshutdown$$0000000C  c_w.l(libshutdown2.o)
    0x08000372   0x08000372   0x00000000   Code   RO         2638    .ARM.Collect$$libshutdown$$0000000F  c_w.l(libshutdown2.o)
    0x08000372   0x08000372   0x00000002   Code   RO         2639    .ARM.Collect$$libshutdown$$00000010  c_w.l(libshutdown2.o)
    0x08000374   0x08000374   0x00000000   Code   RO         2233    .ARM.Collect$$rtentry$$00000000  c_w.l(__rtentry.o)
    0x08000374   0x08000374   0x00000000   Code   RO         2398    .ARM.Collect$$rtentry$$00000002  c_w.l(__rtentry2.o)
    0x08000374   0x08000374   0x00000006   Code   RO         2410    .ARM.Collect$$rtentry$$00000004  c_w.l(__rtentry4.o)
    0x0800037a   0x0800037a   0x00000000   Code   RO         2400    .ARM.Collect$$rtentry$$00000009  c_w.l(__rtentry2.o)
    0x0800037a   0x0800037a   0x00000004   Code   RO         2401    .ARM.Collect$$rtentry$$0000000A  c_w.l(__rtentry2.o)
    0x0800037e   0x0800037e   0x00000000   Code   RO         2403    .ARM.Collect$$rtentry$$0000000C  c_w.l(__rtentry2.o)
    0x0800037e   0x0800037e   0x00000008   Code   RO         2404    .ARM.Collect$$rtentry$$0000000D  c_w.l(__rtentry2.o)
    0x08000386   0x08000386   0x00000002   Code   RO         2501    .ARM.Collect$$rtexit$$00000000  c_w.l(rtexit.o)
    0x08000388   0x08000388   0x00000000   Code   RO         2566    .ARM.Collect$$rtexit$$00000002  c_w.l(rtexit2.o)
    0x08000388   0x08000388   0x00000004   Code   RO         2567    .ARM.Collect$$rtexit$$00000003  c_w.l(rtexit2.o)
    0x0800038c   0x0800038c   0x00000006   Code   RO         2568    .ARM.Collect$$rtexit$$00000004  c_w.l(rtexit2.o)
    0x08000392   0x08000392   0x00000002   PAD
    0x08000394   0x08000394   0x00000004   Code   RO         2578    .emb_text           c_w.l(argv_veneer.o)
    0x08000398   0x08000398   0x00000040   Code   RO         2053  * .text               startup_stm32f767xx.o
    0x080003d8   0x080003d8   0x0000002c   Code   RO         2079    .text               c_w.l(sprintf.o)
    0x08000404   0x08000404   0x0000004e   Code   RO         2089    .text               c_w.l(rt_memclr_w.o)
    0x08000452   0x08000452   0x00000006   Code   RO         2091    .text               c_w.l(heapauxi.o)
    0x08000458   0x08000458   0x00000016   Code   RO         2238    .text               c_w.l(_rserrno.o)
    0x0800046e   0x0800046e   0x0000004e   Code   RO         2242    .text               c_w.l(_printf_pad.o)
    0x080004bc   0x080004bc   0x00000024   Code   RO         2244    .text               c_w.l(_printf_truncate.o)
    0x080004e0   0x080004e0   0x00000052   Code   RO         2246    .text               c_w.l(_printf_str.o)
    0x08000532   0x08000532   0x00000002   PAD
    0x08000534   0x08000534   0x00000078   Code   RO         2248    .text               c_w.l(_printf_dec.o)
    0x080005ac   0x080005ac   0x00000028   Code   RO         2250    .text               c_w.l(_printf_charcount.o)
    0x080005d4   0x080005d4   0x00000030   Code   RO         2252    .text               c_w.l(_printf_char_common.o)
    0x08000604   0x08000604   0x0000000a   Code   RO         2254    .text               c_w.l(_sputc.o)
    0x0800060e   0x0800060e   0x00000002   PAD
    0x08000610   0x08000610   0x000000bc   Code   RO         2256    .text               c_w.l(_printf_wctomb.o)
    0x080006cc   0x080006cc   0x0000007c   Code   RO         2259    .text               c_w.l(_printf_longlong_dec.o)
    0x08000748   0x08000748   0x00000070   Code   RO         2265    .text               c_w.l(_printf_oct_int_ll.o)
    0x080007b8   0x080007b8   0x00000094   Code   RO         2285    .text               c_w.l(_printf_hex_int_ll_ptr.o)
    0x0800084c   0x0800084c   0x00000188   Code   RO         2305    .text               c_w.l(__printf_flags_ss_wp.o)
    0x080009d4   0x080009d4   0x00000008   Code   RO         2417    .text               c_w.l(rt_errno_addr_intlibspace.o)
    0x080009dc   0x080009dc   0x0000008a   Code   RO         2419    .text               c_w.l(lludiv10.o)
    0x08000a66   0x08000a66   0x000000b2   Code   RO         2421    .text               c_w.l(_printf_intcommon.o)
    0x08000b18   0x08000b18   0x0000041c   Code   RO         2423    .text               c_w.l(_printf_fp_dec.o)
    0x08000f34   0x08000f34   0x000002fc   Code   RO         2427    .text               c_w.l(_printf_fp_hex.o)
    0x08001230   0x08001230   0x0000002c   Code   RO         2432    .text               c_w.l(_printf_char.o)
    0x0800125c   0x0800125c   0x0000002c   Code   RO         2434    .text               c_w.l(_printf_wchar.o)
    0x08001288   0x08001288   0x00000048   Code   RO         2437    .text               c_w.l(_c16rtomb.o)
    0x080012d0   0x080012d0   0x00000008   Code   RO         2445    .text               c_w.l(libspace.o)
    0x080012d8   0x080012d8   0x0000004a   Code   RO         2448    .text               c_w.l(sys_stackheap_outer.o)
    0x08001322   0x08001322   0x00000002   PAD
    0x08001324   0x08001324   0x00000010   Code   RO         2450    .text               c_w.l(rt_ctype_table.o)
    0x08001334   0x08001334   0x00000008   Code   RO         2455    .text               c_w.l(rt_locale_intlibspace.o)
    0x0800133c   0x0800133c   0x00000080   Code   RO         2457    .text               c_w.l(_printf_fp_infnan.o)
    0x080013bc   0x080013bc   0x000000e4   Code   RO         2459    .text               c_w.l(bigflt0.o)
    0x080014a0   0x080014a0   0x00000012   Code   RO         2489    .text               c_w.l(exit.o)
    0x080014b2   0x080014b2   0x0000000a   Code   RO         2510    .text               c_w.l(defsig_exit.o)
    0x080014bc   0x080014bc   0x00000004   PAD
    0x080014c0   0x080014c0   0x0000007c   Code   RO         2514    .text               c_w.l(strcmpv7m_pel.o)
    0x0800153c   0x0800153c   0x0000000c   Code   RO         2561    .text               c_w.l(sys_exit.o)
    0x08001548   0x08001548   0x00000032   Code   RO         2576    .text               c_w.l(defsig_general.o)
    0x0800157a   0x0800157a   0x0000000e   Code   RO         2582    .text               c_w.l(sys_wrch.o)
    0x08001588   0x08001588   0x00000002   Code   RO         2586    .text               c_w.l(use_no_semi.o)
    0x0800158a   0x0800158a   0x00000000   Code   RO         2588    .text               c_w.l(indicate_semi.o)
    0x0800158a   0x0800158a   0x0000012e   Code   RO         2593    .text               c_w.l(_get_argv_nomalloc.o)
    0x080016b8   0x080016b8   0x00000018   Code   RO         2598    .text               c_w.l(sys_command.o)
    0x080016d0   0x080016d0   0x00000004   Code   RO         2602    .text               c_w.l(hrguard.o)
    0x080016d4   0x080016d4   0x00000050   Code   RO         2608    .text               c_w.l(defsig_rtmem_inner.o)
    0x08001724   0x08001724   0x0000000e   Code   RO         2610    .text               c_w.l(defsig_rtmem_outer.o)
    0x08001732   0x08001732   0x00000006   PAD
    0x08001738   0x08001738   0x00000016   Code   RO           44    .text.ADC_IRQHandler  fir_iir_filter.o
    0x0800174e   0x0800174e   0x00000002   PAD
    0x08001750   0x08001750   0x00000012   Code   RO         2060    .text.SystemInit    system_stm32f7xx.o
    0x08001762   0x08001762   0x00000006   PAD
    0x08001768   0x08001768   0x0000008e   Code   RO           40    .text.TIM4_IRQHandler  fir_iir_filter.o
    0x080017f6   0x080017f6   0x00000002   PAD
    0x080017f8   0x080017f8   0x00000012   Code   RO           42    .text.TIM5_IRQHandler  fir_iir_filter.o
    0x0800180a   0x0800180a   0x00000006   PAD
    0x08001810   0x08001810   0x000000e8   Code   RO           38    .text.TIM7_IRQHandler  fir_iir_filter.o
    0x080018f8   0x080018f8   0x00000086   Code   RO           12    .text._Z10GPIO_SETUPv  fir_iir_filter.o
    0x0800197e   0x0800197e   0x00000002   PAD
    0x08001980   0x08001980   0x00000122   Code   RO           14    .text._Z10TIM_Configv  fir_iir_filter.o
    0x08001aa2   0x08001aa2   0x00000006   PAD
    0x08001aa8   0x08001aa8   0x00000022   Code   RO           16    .text._Z11USART_SETUPv  fir_iir_filter.o
    0x08001aca   0x08001aca   0x00000006   PAD
    0x08001ad0   0x08001ad0   0x0000002c   Code   RO           20    .text._Z13Serial_bufferPc  fir_iir_filter.o
    0x08001afc   0x08001afc   0x00000004   PAD
    0x08001b00   0x08001b00   0x0000002a   Code   RO           34    .text._Z15USART3_SendChari  fir_iir_filter.o
    0x08001b2a   0x08001b2a   0x00000006   PAD
    0x08001b30   0x08001b30   0x00000036   Code   RO           32    .text._Z19BandPass_Filter_IIRf  fir_iir_filter.o
    0x08001b66   0x08001b66   0x00000002   PAD
    0x08001b68   0x08001b68   0x0000006c   Code   RO           18    .text._Z3mapiiiii   fir_iir_filter.o
    0x08001bd4   0x08001bd4   0x00000004   PAD
    0x08001bd8   0x08001bd8   0x00000056   Code   RO            8    .text._Z9ADC_SETUPv  fir_iir_filter.o
    0x08001c2e   0x08001c2e   0x00000002   PAD
    0x08001c30   0x08001c30   0x000000ca   Code   RO            4    .text._Z9Clock_PLLiiii  fir_iir_filter.o
    0x08001cfa   0x08001cfa   0x00000006   PAD
    0x08001d00   0x08001d00   0x00000012   Code   RO           10    .text._Z9DAC_SETUPv  fir_iir_filter.o
    0x08001d12   0x08001d12   0x00000006   PAD
    0x08001d18   0x08001d18   0x00000036   Code   RO            6    .text._Z9RCC_SETUPv  fir_iir_filter.o
    0x08001d4e   0x08001d4e   0x00000002   PAD
    0x08001d50   0x08001d50   0x00000034   Code   RO           36    .text._ZL16__NVIC_EnableIRQ9IRQn_Type  fir_iir_filter.o
    0x08001d84   0x08001d84   0x00000004   PAD
    0x08001d88   0x08001d88   0x0000010e   Code   RO          786    .text.arm_biquad_cascade_df2T_f32  filteringfunctions.o
    0x08001e96   0x08001e96   0x00000002   PAD
    0x08001e98   0x08001e98   0x00000038   Code   RO          790    .text.arm_biquad_cascade_df2T_init_f32  filteringfunctions.o
    0x08001ed0   0x08001ed0   0x0000004a   Code   RO          878    .text.arm_fir_init_f32  filteringfunctions.o
    0x08001f1a   0x08001f1a   0x00000006   PAD
    0x08001f20   0x08001f20   0x0000018a   Code   RO            2    .text.main          fir_iir_filter.o
    0x080020aa   0x080020aa   0x0000003e   Code   RO         2462    CL$$btod_d2e        c_w.l(btod.o)
    0x080020e8   0x080020e8   0x00000046   Code   RO         2464    CL$$btod_d2e_denorm_low  c_w.l(btod.o)
    0x0800212e   0x0800212e   0x00000060   Code   RO         2463    CL$$btod_d2e_norm_op1  c_w.l(btod.o)
    0x0800218e   0x0800218e   0x00000338   Code   RO         2472    CL$$btod_div_common  c_w.l(btod.o)
    0x080024c6   0x080024c6   0x000000dc   Code   RO         2469    CL$$btod_e2e        c_w.l(btod.o)
    0x080025a2   0x080025a2   0x0000002a   Code   RO         2466    CL$$btod_ediv       c_w.l(btod.o)
    0x080025cc   0x080025cc   0x0000002a   Code   RO         2465    CL$$btod_emul       c_w.l(btod.o)
    0x080025f6   0x080025f6   0x00000244   Code   RO         2471    CL$$btod_mult_common  c_w.l(btod.o)
    0x0800283a   0x0800283a   0x00000030   Code   RO         2365    i.__ARM_fpclassify  m_wv.l(fpclassify.o)
    0x0800286a   0x0800286a   0x00000002   PAD
    0x0800286c   0x0800286c   0x000000fc   Code   RO         2131    i.__hardfp_fmod     m_wv.l(fmod.o)
    0x08002968   0x08002968   0x000000b0   Code   RO         2185    i.__hardfp_sin      m_wv.l(sin.o)
    0x08002a18   0x08002a18   0x00000308   Code   RO         2386    i.__ieee754_rem_pio2  m_wv.l(rred.o)
    0x08002d20   0x08002d20   0x000000c4   Code   RO         2348    i.__kernel_cos      m_wv.l(cos_i.o)
    0x08002de4   0x08002de4   0x00000070   Code   RO         2383    i.__kernel_poly     m_wv.l(poly.o)
    0x08002e54   0x08002e54   0x00000004   PAD
    0x08002e58   0x08002e58   0x000000a0   Code   RO         2391    i.__kernel_sin      m_wv.l(sin_i.o)
    0x08002ef8   0x08002ef8   0x00000018   Code   RO         2354    i.__mathlib_dbl_invalid  m_wv.l(dunder.o)
    0x08002f10   0x08002f10   0x00000018   Code   RO         2357    i.__mathlib_dbl_underflow  m_wv.l(dunder.o)
    0x08002f28   0x08002f28   0x0000000e   Code   RO         2298    i._is_digit         c_w.l(__printf_wp.o)
    0x08002f36   0x08002f36   0x00000018   Code   RO         2441    i.fabs              m_wv.l(fabs.o)
    0x08002f4e   0x08002f4e   0x00000002   PAD
    0x08002f50   0x08002f50   0x0000002c   Code   RO         2487    locale$$code        c_w.l(lc_numeric_c.o)
    0x08002f7c   0x08002f7c   0x0000002c   Code   RO         2508    locale$$code        c_w.l(lc_ctype_c.o)
    0x08002fa8   0x08002fa8   0x0000009c   Code   RO         2331    x$fpl$dnaninf       fz_wv.l(dnaninf.o)
    0x08003044   0x08003044   0x00000150   Code   RO         2333    x$fpl$drem          fz_wv.l(drem_clz.o)
    0x08003194   0x08003194   0x0000001a   Code   RO         2580    x$fpl$fpinit        fz_wv.l(fpinit.o)
    0x080031ae   0x080031ae   0x00000004   Code   RO         2339    x$fpl$printf1       fz_wv.l(printf1.o)
    0x080031b2   0x080031b2   0x00000004   Code   RO         2341    x$fpl$printf2       fz_wv.l(printf2.o)
    0x080031b6   0x080031b6   0x00000000   Code   RO         2347    x$fpl$usenofp       fz_wv.l(usenofp.o)
    0x080031b6   0x080031b6   0x00000002   PAD
    0x080031b8   0x080031b8   0x00000008   Data   RO         2257    .constdata          c_w.l(_printf_wctomb.o)
    0x080031c0   0x080031c0   0x00000028   Data   RO         2286    .constdata          c_w.l(_printf_hex_int_ll_ptr.o)
    0x080031e8   0x080031e8   0x00000011   Data   RO         2306    .constdata          c_w.l(__printf_flags_ss_wp.o)
    0x080031f9   0x080031f9   0x00000007   PAD
    0x08003200   0x08003200   0x00000030   Data   RO         2349    .constdata          m_wv.l(cos_i.o)
    0x08003230   0x08003230   0x000000cc   Data   RO         2388    .constdata          m_wv.l(rred.o)
    0x080032fc   0x080032fc   0x00000004   PAD
    0x08003300   0x08003300   0x00000028   Data   RO         2392    .constdata          m_wv.l(sin_i.o)
    0x08003328   0x08003328   0x00000026   Data   RO         2428    .constdata          c_w.l(_printf_fp_hex.o)
    0x0800334e   0x0800334e   0x00000002   PAD
    0x08003350   0x08003350   0x00000094   Data   RO         2460    .constdata          c_w.l(bigflt0.o)
    0x080033e4   0x080033e4   0x00000004   Data   RO           89    .rodata.str1.1      fir_iir_filter.o
    0x080033e8   0x080033e8   0x00000020   Data   RO         2641    Region$$Table       anon$$obj.o
    0x08003408   0x08003408   0x0000001c   Data   RO         2486    locale$$data        c_w.l(lc_numeric_c.o)
    0x08003424   0x08003424   0x00000110   Data   RO         2507    locale$$data        c_w.l(lc_ctype_c.o)


    Execution Region ER_RW (Exec base: 0x20020000, Load base: 0x08003534, Size: 0x00000a98, Max: 0xffffffff, ABSOLUTE, COMPRESSED[0x000007f0])

    Exec Addr    Load Addr    Size         Type   Attr      Idx    E Section Name        Object

    0x20020000   COMPRESSED   0x00000194   Data   RW           62    .data.fir_BP_coef   fir_iir_filter.o
    0x20020194   COMPRESSED   0x00000194   Data   RW           57    .data.fir_HP_coef   fir_iir_filter.o
    0x20020328   COMPRESSED   0x00000194   Data   RW           52    .data.fir_coef      fir_iir_filter.o
    0x200204bc   COMPRESSED   0x000001f4   Data   RW           79    .data.iir_BP_coeffs  fir_iir_filter.o
    0x200206b0   COMPRESSED   0x000001f4   Data   RW           73    .data.iir_HP_coeffs  fir_iir_filter.o
    0x200208a4   COMPRESSED   0x000001f4   Data   RW           67    .data.iir_coeffs    fir_iir_filter.o


    Execution Region ER_ZI (Exec base: 0x20020a98, Load base: 0x08003d24, Size: 0x00001048, Max: 0xffffffff, ABSOLUTE)

    Exec Addr    Load Addr    Size         Type   Attr      Idx    E Section Name        Object

    0x20020a98        -       0x00000060   Zero   RW         2446    .bss                c_w.l(libspace.o)
    0x20020af8        -       0x00000004   Zero   RW           86    .bss.adc            fir_iir_filter.o
    0x20020afc        -       0x00000004   Zero   RW           87    .bss.adc_mapped     fir_iir_filter.o
    0x20020b00        -       0x0000000c   Zero   RW           64    .bss.fir_BP_instance  fir_iir_filter.o
    0x20020b0c        -       0x00000194   Zero   RW           63    .bss.fir_BP_state   fir_iir_filter.o
    0x20020ca0        -       0x0000000c   Zero   RW           59    .bss.fir_HP_instance  fir_iir_filter.o
    0x20020cac        -       0x00000194   Zero   RW           58    .bss.fir_HP_state   fir_iir_filter.o
    0x20020e40        -       0x0000000c   Zero   RW           54    .bss.fir_instance   fir_iir_filter.o
    0x20020e4c        -       0x00000194   Zero   RW           53    .bss.fir_state      fir_iir_filter.o
    0x20020fe0        -       0x0000000c   Zero   RW           71    .bss.iirFilter      fir_iir_filter.o
    0x20020fec        -       0x0000000c   Zero   RW           83    .bss.iir_BP_Filter  fir_iir_filter.o
    0x20020ff8        -       0x00000004   Zero   RW           81    .bss.iir_BP_in      fir_iir_filter.o
    0x20020ffc        -       0x00000004   Zero   RW           82    .bss.iir_BP_out     fir_iir_filter.o
    0x20021000        -       0x00000190   Zero   RW           80    .bss.iir_BP_state   fir_iir_filter.o
    0x20021190        -       0x0000000c   Zero   RW           77    .bss.iir_HP_Filter  fir_iir_filter.o
    0x2002119c        -       0x00000190   Zero   RW           74    .bss.iir_HP_state   fir_iir_filter.o
    0x2002132c        -       0x00000004   Zero   RW           84    .bss.iir_filtered_BP_signal  fir_iir_filter.o
    0x20021330        -       0x00000190   Zero   RW           68    .bss.iir_state      fir_iir_filter.o
    0x200214c0        -       0x00000004   Zero   RW           48    .bss.original_signal  fir_iir_filter.o
    0x200214c4        -       0x00000004   Zero   RW           85    .bss.send           fir_iir_filter.o
    0x200214c8        -       0x00000004   Zero   RW           47    .bss.t              fir_iir_filter.o
    0x200214cc        -       0x0000000a   Zero   RW           88    .bss.tx_txt         fir_iir_filter.o
    0x200214d6   0x08003d24   0x00000002   PAD
    0x200214d8        -       0x00000004   Zero   RW           46    .bss.xd             fir_iir_filter.o
    0x200214dc   0x08003d24   0x00000004   PAD
    0x200214e0        -       0x00000200   Zero   RW         2051    HEAP                startup_stm32f767xx.o
    0x200216e0        -       0x00000400   Zero   RW         2050    STACK               startup_stm32f767xx.o


==============================================================================

Image component sizes


      Code (inc. data)   RO Data    RW Data    ZI Data      Debug   Object Name

       400          0          0          0          0     117079   filteringfunctions.o
      1926         24          4       2712       2530      28838   fir_iir_filter.o
        64         26        504          0       1536        880   startup_stm32f767xx.o
        18          0          0          0          0       3386   system_stm32f7xx.o

    ----------------------------------------------------------------------
      2482         50        540       2712       4072     150183   Object Totals
         0          0         32          0          0          0   (incl. Generated)
        74          0          0          0          6          0   (incl. Padding)

    ----------------------------------------------------------------------

      Code (inc. data)   RO Data    RW Data    ZI Data      Debug   Library Member Name

       100          0          0          0          0          0   __dclz77c.o
         8          0          0          0          0         68   __main.o
       392          4         17          0          0         92   __printf_flags_ss_wp.o
        14          0          0          0          0         68   __printf_wp.o
         0          0          0          0          0          0   __rtentry.o
        12          0          0          0          0          0   __rtentry2.o
         6          0          0          0          0          0   __rtentry4.o
        52          8          0          0          0          0   __scatter.o
        28          0          0          0          0          0   __scatter_zi.o
        72          0          0          0          0         96   _c16rtomb.o
       302          0          0          0          0        168   _get_argv_nomalloc.o
         6          0          0          0          0          0   _printf_a.o
         6          0          0          0          0          0   _printf_c.o
        44          0          0          0          0        108   _printf_char.o
        48          6          0          0          0         96   _printf_char_common.o
        40          0          0          0          0         68   _printf_charcount.o
         6          0          0          0          0          0   _printf_d.o
       120         16          0          0          0         92   _printf_dec.o
         6          0          0          0          0          0   _printf_e.o
         6          0          0          0          0          0   _printf_f.o
      1052          0          0          0          0        148   _printf_fp_dec.o
       764          8         38          0          0        100   _printf_fp_hex.o
       128         16          0          0          0         84   _printf_fp_infnan.o
         6          0          0          0          0          0   _printf_g.o
       148          4         40          0          0        160   _printf_hex_int_ll_ptr.o
         6          0          0          0          0          0   _printf_i.o
       178          0          0          0          0         88   _printf_intcommon.o
        10          0          0          0          0          0   _printf_l.o
         6          0          0          0          0          0   _printf_lc.o
        10          0          0          0          0          0   _printf_ll.o
         6          0          0          0          0          0   _printf_lld.o
         6          0          0          0          0          0   _printf_lli.o
         6          0          0          0          0          0   _printf_llo.o
         6          0          0          0          0          0   _printf_llu.o
         6          0          0          0          0          0   _printf_llx.o
       124         16          0          0          0         92   _printf_longlong_dec.o
         6          0          0          0          0          0   _printf_ls.o
         6          0          0          0          0          0   _printf_n.o
         6          0          0          0          0          0   _printf_o.o
       112          8          0          0          0        124   _printf_oct_int_ll.o
         6          0          0          0          0          0   _printf_p.o
        78          0          0          0          0        108   _printf_pad.o
         0          0          0          0          0          0   _printf_percent.o
         4          0          0          0          0          0   _printf_percent_end.o
         6          0          0          0          0          0   _printf_s.o
        82          0          0          0          0         80   _printf_str.o
        36          0          0          0          0         84   _printf_truncate.o
         6          0          0          0          0          0   _printf_u.o
        44          0          0          0          0        108   _printf_wchar.o
       188          6          8          0          0         92   _printf_wctomb.o
         6          0          0          0          0          0   _printf_x.o
        22          0          0          0          0        100   _rserrno.o
        10          0          0          0          0         68   _sputc.o
         4          0          0          0          0         68   argv_veneer.o
       228          4        148          0          0         96   bigflt0.o
      1936        128          0          0          0        672   btod.o
        10          0          0          0          0         68   defsig_exit.o
        50          0          0          0          0         88   defsig_general.o
        80         58          0          0          0         76   defsig_rtmem_inner.o
        14          0          0          0          0         80   defsig_rtmem_outer.o
        18          0          0          0          0         80   exit.o
         6          0          0          0          0        152   heapauxi.o
         4          0          0          0          0        136   hrguard.o
         0          0          0          0          0          0   indicate_semi.o
        44         10        272          0          0         76   lc_ctype_c.o
        44         10         28          0          0         76   lc_numeric_c.o
         2          0          0          0          0          0   libinit.o
        42          0          0          0          0          0   libinit2.o
         2          0          0          0          0          0   libshutdown.o
         2          0          0          0          0          0   libshutdown2.o
         8          4          0          0         96         68   libspace.o
       138          0          0          0          0         80   lludiv10.o
        16          4          0          0          0         76   rt_ctype_table.o
         8          4          0          0          0         68   rt_errno_addr_intlibspace.o
         8          4          0          0          0         68   rt_locale_intlibspace.o
        78          0          0          0          0         80   rt_memclr_w.o
         2          0          0          0          0          0   rtexit.o
        10          0          0          0          0          0   rtexit2.o
        44          6          0          0          0         84   sprintf.o
       124          0          0          0          0         88   strcmpv7m_pel.o
        24          0          0          0          0         76   sys_command.o
        12          4          0          0          0         68   sys_exit.o
        74          0          0          0          0         80   sys_stackheap_outer.o
        14          0          0          0          0         76   sys_wrch.o
         2          0          0          0          0         68   use_no_semi.o
       156          4          0          0          0        140   dnaninf.o
       336         12          0          0          0        136   drem_clz.o
        26          0          0          0          0        116   fpinit.o
         4          0          0          0          0        116   printf1.o
         4          0          0          0          0        116   printf2.o
         0          0          0          0          0          0   usenofp.o
       196         14         48          0          0        176   cos_i.o
        48         28          0          0          0        232   dunder.o
        24          0          0          0          0        124   fabs.o
       252          6          0          0          0        144   fmod.o
        48          0          0          0          0        124   fpclassify.o
       112          0          0          0          0        116   poly.o
       776        130        204          0          0        172   rred.o
       176         18          0          0          0        160   sin.o
       160         16         40          0          0        196   sin_i.o

    ----------------------------------------------------------------------
      9742        556        856          0         96       7008   Library Totals
        28          0         13          0          0          0   (incl. Padding)

    ----------------------------------------------------------------------

      Code (inc. data)   RO Data    RW Data    ZI Data      Debug   Library Name

      7396        328        551          0         96       4940   c_w.l
       526         16          0          0          0        624   fz_wv.l
      1792        212        292          0          0       1444   m_wv.l

    ----------------------------------------------------------------------
      9742        556        856          0         96       7008   Library Totals

    ----------------------------------------------------------------------

==============================================================================


      Code (inc. data)   RO Data    RW Data    ZI Data      Debug   

     12224        606       1396       2712       4168     153155   Grand Totals
     12224        606       1396       2032       4168     153155   ELF Image Totals (compressed)
     12224        606       1396       2032          0          0   ROM Totals

==============================================================================

    Total RO  Size (Code + RO Data)                13620 (  13.30kB)
    Total RW  Size (RW Data + ZI Data)              6880 (   6.72kB)
    Total ROM Size (Code + RO Data + RW Data)      15652 (  15.29kB)

==============================================================================

