<html>
<body>
<pre>
<h1>µVision Build Log</h1>
<h2>Tool Versions:</h2>
IDE-Version: µVision V5.30.0.0
Copyright (C) 2020 ARM Ltd and ARM Germany GmbH. All rights reserved.
License Information: Daniel Fonseca, UMNG, LIC=----
 
Tool Versions:
Toolchain:       MDK-Lite  Version: 5.30.0.0
Toolchain Path:  C:\Keil_v5\ARM\ARMCLANG\Bin
C Compiler:      ArmClang.exe V6.14
Assembler:       Armasm.exe V6.14
Linker/Locator:  ArmLink.exe V6.14
Library Manager: ArmAr.exe V6.14
Hex Converter:   FromElf.exe V6.14
CPU DLL:         SARMCM3.DLL V5.30.0.0
Dialog DLL:      DCM.DLL V1.17.3.0
Target DLL:      STLink\ST-LINKIII-KEIL_SWO.dll V3.0.7.0
Dialog DLL:      TCM.DLL V1.42.0.0
 
<h2>Project:</h2>
C:\Users\Usuario\Downloads\FIIR & IIR\FIIR & IIR\Signals_Filters.uvprojx
Project File Date:  03/24/2025

<h2>Output:</h2>
*** Using Compiler 'V6.14', folder: 'C:\Keil_v5\ARM\ARMCLANG\Bin'
Build target 'Target_1'
compiling CommonTablesF16.c...
compiling BayesFunctionsF16.c...
compiling BayesFunctions.c...
compiling BasicMathFunctionsF16.c...
compiling FIR_IIR_Filter.cpp...
compiling BasicMathFunctions.c...
compiling ComplexMathFunctionsF16.c...
compiling ControllerFunctions.c...
compiling ComplexMathFunctions.c...
compiling DistanceFunctionsF16.c...
compiling DistanceFunctions.c...
compiling FastMathFunctions.c...
compiling FastMathFunctionsF16.c...
compiling FilteringFunctionsF16.c...
compiling CommonTables.c...
compiling InterpolationFunctions.c...
compiling InterpolationFunctionsF16.c...
compiling SVMFunctions.c...
compiling QuaternionMathFunctions.c...
compiling SVMFunctionsF16.c...
compiling MatrixFunctions.c...
compiling MatrixFunctionsF16.c...
compiling StatisticsFunctions.c...
compiling FilteringFunctions.c...
compiling SupportFunctionsF16.c...
compiling StatisticsFunctionsF16.c...
compiling SupportFunctions.c...
assembling startup_stm32f767xx.s...
compiling system_stm32f7xx.c...
compiling TransformFunctionsF16.c...
compiling TransformFunctions.c...
linking...
Program Size: Code=12224 RO-data=1396 RW-data=2712 ZI-data=4168  
".\Objects\Signals_Filters.axf" - 0 Error(s), 0 Warning(s).

<h2>Software Packages used:</h2>

Package Vendor: ARM
                https://www.keil.com/pack/ARM.CMSIS.6.0.0.pack
                ARM.CMSIS.6.0.0
                CMSIS (Common Microcontroller Software Interface Standard)
   * Component: CORE Version: 6.0.0

Package Vendor: ARM
                https://www.keil.com/pack/ARM.CMSIS-DSP.1.15.0.pack
                ARM.CMSIS-DSP.1.15.0
                CMSIS Embedded Compute Library
   * Component: DSP Variant: Source Version: 1.15.0

Package Vendor: Keil
                https://www.keil.com/pack/Keil.STM32F7xx_DFP.2.16.0.pack
                Keil.STM32F7xx_DFP.2.16.0
                STMicroelectronics STM32F7 Series Device Support, Drivers and Examples
   * Component: Startup Version: 1.2.5

<h2>Collection of Component include folders:</h2>
  .\RTE\_Target_1
  C:\Users\Usuario\AppData\Local\Arm\Packs\ARM\CMSIS-DSP\1.15.0\Include
  C:\Users\Usuario\AppData\Local\Arm\Packs\ARM\CMSIS-DSP\1.15.0\PrivateInclude
  C:\Users\Usuario\AppData\Local\Arm\Packs\ARM\CMSIS\6.0.0\CMSIS\Core\Include
  C:\Users\Usuario\AppData\Local\Arm\Packs\Keil\STM32F7xx_DFP\2.16.0\Drivers\CMSIS\Device\ST\STM32F7xx\Include

<h2>Collection of Component Files used:</h2>

   * Component: ARM::CMSIS:CORE:6.0.0

   * Component: ARM::CMSIS:DSP:Source:1.15.0
      Include file:  Include\arm_const_structs.h
      Include file:  Include\arm_math.h
      Include file:  Include\arm_const_structs_f16.h
      Source file:   Source\QuaternionMathFunctions\QuaternionMathFunctions.c
      Source file:   Source\BayesFunctions\BayesFunctions.c
      Source file:   Source\BasicMathFunctions\BasicMathFunctions.c
      Include file:  Include\arm_math_f16.h
      Include file:  Include\arm_common_tables_f16.h
      Include file:  Include\arm_common_tables.h
      Source file:   Source\ControllerFunctions\ControllerFunctions.c
      Source file:   Source\DistanceFunctions\DistanceFunctionsF16.c
      Source file:   Source\BayesFunctions\BayesFunctionsF16.c
      Source file:   Source\StatisticsFunctions\StatisticsFunctionsF16.c
      Source file:   Source\MatrixFunctions\MatrixFunctions.c
      Source file:   Source\ComplexMathFunctions\ComplexMathFunctions.c
      Source file:   Source\CommonTables\CommonTablesF16.c
      Source file:   Source\DistanceFunctions\DistanceFunctions.c
      Source file:   Source\FilteringFunctions\FilteringFunctions.c
      Source file:   Source\InterpolationFunctions\InterpolationFunctions.c
      Source file:   Source\TransformFunctions\TransformFunctionsF16.c
      Source file:   Source\FastMathFunctions\FastMathFunctionsF16.c
      Source file:   Source\MatrixFunctions\MatrixFunctionsF16.c
      Source file:   Source\SupportFunctions\SupportFunctions.c
      Source file:   Source\FilteringFunctions\FilteringFunctionsF16.c
      Source file:   Source\SVMFunctions\SVMFunctionsF16.c
      Source file:   Source\StatisticsFunctions\StatisticsFunctions.c
      Source file:   Source\CommonTables\CommonTables.c
      Source file:   Source\BasicMathFunctions\BasicMathFunctionsF16.c
      Source file:   Source\FastMathFunctions\FastMathFunctions.c
      Source file:   Source\SVMFunctions\SVMFunctions.c
      Source file:   Source\InterpolationFunctions\InterpolationFunctionsF16.c
      Source file:   Source\ComplexMathFunctions\ComplexMathFunctionsF16.c
      Source file:   Source\TransformFunctions\TransformFunctions.c
      Source file:   Source\SupportFunctions\SupportFunctionsF16.c

   * Component: Keil::Device:Startup:1.2.5
      Source file:   MDK\Device\Source\ARM\STM32F76x_77x_OPT.s
      Include file:  Drivers\CMSIS\Device\ST\STM32F7xx\Include\stm32f7xx.h
      Source file:   MDK\Device\Source\ARM\STM32F76x_77x_OTP.s
      Source file:   Drivers\CMSIS\Device\ST\STM32F7xx\Source\Templates\arm\startup_stm32f767xx.s
      Source file:   Drivers\CMSIS\Device\ST\STM32F7xx\Source\Templates\system_stm32f7xx.c
Build Time Elapsed:  00:00:07
</pre>
</body>
</html>
